Archive member included because of file (symbol)

E:\Github for wgindows\WIZ550io\Web_Server\build\/lib_duemilanove328_16.a(Ethernet.cpp.o)
                              build\xively_client.o (Ethernet)
E:\Github for wgindows\WIZ550io\Web_Server\build\/lib_duemilanove328_16.a(EthernetClient.cpp.o)
                              build\xively_client.o (EthernetClient::EthernetClient())
E:\Github for wgindows\WIZ550io\Web_Server\build\/lib_duemilanove328_16.a(EthernetUdp.cpp.o)
                              E:\Github for wgindows\WIZ550io\Web_Server\build\/lib_duemilanove328_16.a(Ethernet.cpp.o) (EthernetUDP::EthernetUDP())
E:\Github for wgindows\WIZ550io\Web_Server\build\/lib_duemilanove328_16.a(socket.cpp.o)
                              E:\Github for wgindows\WIZ550io\Web_Server\build\/lib_duemilanove328_16.a(EthernetClient.cpp.o) (disconnect(unsigned char))
E:\Github for wgindows\WIZ550io\Web_Server\build\/lib_duemilanove328_16.a(w5500.cpp.o)
                              E:\Github for wgindows\WIZ550io\Web_Server\build\/lib_duemilanove328_16.a(socket.cpp.o) (W5500Class::write(unsigned int, unsigned char, unsigned char))
E:\Github for wgindows\WIZ550io\Web_Server\build\/lib_duemilanove328_16.a(SPI.cpp.o)
                              E:\Github for wgindows\WIZ550io\Web_Server\build\/lib_duemilanove328_16.a(w5500.cpp.o) (SPIClass::begin())
E:\Github for wgindows\WIZ550io\Web_Server\build\/lib_duemilanove328_16.a(Dhcp.cpp.o)
                              E:\Github for wgindows\WIZ550io\Web_Server\build\/lib_duemilanove328_16.a(Ethernet.cpp.o) (DhcpClass::getDnsServerIp())
E:\Github for wgindows\WIZ550io\Web_Server\build\/lib_duemilanove328_16.a(Dns.cpp.o)
                              E:\Github for wgindows\WIZ550io\Web_Server\build\/lib_duemilanove328_16.a(EthernetClient.cpp.o) (DNSClient::begin(IPAddress const&))
E:\Github for wgindows\WIZ550io\Web_Server\build\/core_duemilanove328_16.a(HardwareSerial.cpp.o)
                              build\xively_client.o (Serial)
E:\Github for wgindows\WIZ550io\Web_Server\build\/core_duemilanove328_16.a(IPAddress.cpp.o)
                              build\xively_client.o (vtable for IPAddress)
E:\Github for wgindows\WIZ550io\Web_Server\build\/core_duemilanove328_16.a(main.cpp.o)
                              e:/codeblocks-arduino baru/codeblocks/bin/../lib/gcc/avr/4.3.3/../../../../avr/lib/avr5/crtm328p.o (main)
E:\Github for wgindows\WIZ550io\Web_Server\build\/core_duemilanove328_16.a(new.cpp.o)
                              build\xively_client.o (__cxa_pure_virtual)
E:\Github for wgindows\WIZ550io\Web_Server\build\/core_duemilanove328_16.a(Print.cpp.o)
                              E:\Github for wgindows\WIZ550io\Web_Server\build\/lib_duemilanove328_16.a(EthernetClient.cpp.o) (Print::write(unsigned char const*, unsigned int))
E:\Github for wgindows\WIZ550io\Web_Server\build\/core_duemilanove328_16.a(wiring.c.o)
                              build\xively_client.o (millis)
E:\Github for wgindows\WIZ550io\Web_Server\build\/core_duemilanove328_16.a(wiring_analog.c.o)
                              build\xively_client.o (analogRead)
E:\Github for wgindows\WIZ550io\Web_Server\build\/core_duemilanove328_16.a(wiring_digital.c.o)
                              E:\Github for wgindows\WIZ550io\Web_Server\build\/lib_duemilanove328_16.a(SPI.cpp.o) (pinMode)
E:\Github for wgindows\WIZ550io\Web_Server\build\/core_duemilanove328_16.a(WMath.cpp.o)
                              E:\Github for wgindows\WIZ550io\Web_Server\build\/lib_duemilanove328_16.a(Dhcp.cpp.o) (random(long, long))
E:\Github for wgindows\WIZ550io\Web_Server\build\/core_duemilanove328_16.a(WString.cpp.o)
                              E:\Github for wgindows\WIZ550io\Web_Server\build\/core_duemilanove328_16.a(Print.cpp.o) (String::operator[](unsigned int) const)
e:/codeblocks-arduino baru/codeblocks/bin/../lib/gcc/avr/4.3.3/../../../../avr/lib/avr5\libm.a(addsf3.o)
                              E:\Github for wgindows\WIZ550io\Web_Server\build\/core_duemilanove328_16.a(Print.cpp.o) (__subsf3)
e:/codeblocks-arduino baru/codeblocks/bin/../lib/gcc/avr/4.3.3/../../../../avr/lib/avr5\libm.a(addsf3x.o)
                              e:/codeblocks-arduino baru/codeblocks/bin/../lib/gcc/avr/4.3.3/../../../../avr/lib/avr5\libm.a(addsf3.o) (__addsf3x)
e:/codeblocks-arduino baru/codeblocks/bin/../lib/gcc/avr/4.3.3/../../../../avr/lib/avr5\libm.a(cmpsf2.o)
                              E:\Github for wgindows\WIZ550io\Web_Server\build\/core_duemilanove328_16.a(Print.cpp.o) (__ltsf2)
e:/codeblocks-arduino baru/codeblocks/bin/../lib/gcc/avr/4.3.3/../../../../avr/lib/avr5\libm.a(divsf3.o)
                              E:\Github for wgindows\WIZ550io\Web_Server\build\/core_duemilanove328_16.a(Print.cpp.o) (__divsf3)
e:/codeblocks-arduino baru/codeblocks/bin/../lib/gcc/avr/4.3.3/../../../../avr/lib/avr5\libm.a(divsf3x.o)
[...]
Memory Configuration

Name             Origin             Length             Attributes
text             0x00000000         0x00020000         xr
data             0x00800060         0x0000ffa0         rw !x
eeprom           0x00810000         0x00010000         rw !x
fuse             0x00820000         0x00000400         rw !x
lock             0x00830000         0x00000400         rw !x
signature        0x00840000         0x00000400         rw !x
*default*        0x00000000         0xffffffff

Linker script and memory map

Address of section .data set to 0x800100
LOAD e:/codeblocks-arduino baru/codeblocks/bin/../lib/gcc/avr/4.3.3/../../../../avr/lib/avr5/crtm328p.o
LOAD build\xively_client.o
LOAD E:\Github for wgindows\WIZ550io\Web_Server\build\/lib_duemilanove328_16.a
LOAD E:\Github for wgindows\WIZ550io\Web_Server\build\/core_duemilanove328_16.a
LOAD e:/codeblocks-arduino baru/codeblocks/bin/../lib/gcc/avr/4.3.3/../../../../avr/lib/avr5\libm.a
LOAD e:/codeblocks-arduino baru/codeblocks/bin/../lib/gcc/avr/4.3.3/avr5\libgcc.a
LOAD e:/codeblocks-arduino baru/codeblocks/bin/../lib/gcc/avr/4.3.3/../../../../avr/lib/avr5\libc.a
LOAD e:/codeblocks-arduino baru/codeblocks/bin/../lib/gcc/avr/4.3.3/avr5\libgcc.a

.hash
 *(.hash)

.dynsym
 *(.dynsym)

.dynstr
 *(.dynstr)

.gnu.version
 *(.gnu.version)

.gnu.version_d
 *(.gnu.version_d)

.gnu.version_r
 *(.gnu.version_r)

.rel.init
 *(.rel.init)

.rela.init
 *(.rela.init)

.rel.text
 *(.rel.text)
 *(.rel.text.*)
 *(.rel.gnu.linkonce.t*)

.rela.text
 *(.rela.text)
 *(.rela.text.*)
 *(.rela.gnu.linkonce.t*)

.rel.fini
 *(.rel.fini)

.rela.fini
 *(.rela.fini)

.rel.rodata
 *(.rel.rodata)
 *(.rel.rodata.*)
 *(.rel.gnu.linkonce.r*)

.rela.rodata
 *(.rela.rodata)
 *(.rela.rodata.*)
 *(.rela.gnu.linkonce.r*)

.rel.data
 *(.rel.data)
 *(.rel.data.*)
 *(.rel.gnu.linkonce.d*)

.rela.data
 *(.rela.data)
 *(.rela.data.*)
 *(.rela.gnu.linkonce.d*)

.rel.ctors
 *(.rel.ctors)

.rela.ctors
 *(.rela.ctors)

.rel.dtors
 *(.rel.dtors)

.rela.dtors
 *(.rela.dtors)

.rel.got
 *(.rel.got)

.rela.got
 *(.rela.got)

.rel.bss
 *(.rel.bss)

.rela.bss
 *(.rela.bss)

.rel.plt
 *(.rel.plt)

.rela.plt
 *(.rela.plt)

.text           0x00000000     0x3aa4
 *(.vectors)
 .vectors       0x00000000       0x68 e:/codeblocks-arduino baru/codeblocks/bin/../lib/gcc/avr/4.3.3/../../../../avr/lib/avr5/crtm328p.o
                0x00000000                __vectors
                0x00000000                __vector_default
 *(.vectors)
 *(.progmem.gcc*)
 *(.progmem*)
 .progmem.data  0x00000068       0x5a E:\Github for wgindows\WIZ550io\Web_Server\build\/core_duemilanove328_16.a(wiring_digital.c.o)
                0x00000068                port_to_mode_PGM
                0x00000086                digital_pin_to_port_PGM
                0x0000009a                digital_pin_to_bit_mask_PGM
                0x00000072                port_to_output_PGM
                0x0000007c                port_to_input_PGM
                0x000000ae                digital_pin_to_timer_PGM
                0x000000c2                . = ALIGN (0x2)
                0x000000c2                __trampolines_start = .
 *(.trampolines)
 .trampolines   0x000000c2        0x0 linker stubs
 *(.trampolines*)
                0x000000c2                __trampolines_end = .
 *(.jumptables)
 *(.jumptables*)
 *(.lowtext)
 *(.lowtext*)
                0x000000c2                __ctors_start = .
 *(.ctors)
 .ctors         0x000000c2        0x2 build\xively_client.o
 .ctors         0x000000c4        0x2 E:\Github for wgindows\WIZ550io\Web_Server\build\/lib_duemilanove328_16.a(Ethernet.cpp.o)
 .ctors         0x000000c6        0x2 E:\Github for wgindows\WIZ550io\Web_Server\build\/lib_duemilanove328_16.a(EthernetClient.cpp.o)
 .ctors         0x000000c8        0x2 E:\Github for wgindows\WIZ550io\Web_Server\build\/lib_duemilanove328_16.a(EthernetUdp.cpp.o)
 .ctors         0x000000ca        0x2 E:\Github for wgindows\WIZ550io\Web_Server\build\/lib_duemilanove328_16.a(Dhcp.cpp.o)
 .ctors         0x000000cc        0x2 E:\Github for wgindows\WIZ550io\Web_Server\build\/lib_duemilanove328_16.a(Dns.cpp.o)
 .ctors         0x000000ce        0x2 E:\Github for wgindows\WIZ550io\Web_Server\build\/core_duemilanove328_16.a(HardwareSerial.cpp.o)
 .ctors         0x000000d0        0x2 E:\Github for wgindows\WIZ550io\Web_Server\build\/core_duemilanove328_16.a(IPAddress.cpp.o)
                0x000000d2                __ctors_end = .
                0x000000d2                __dtors_start = .
 *(.dtors)
                0x000000d2                __dtors_end = .
 SORT(*)(.ctors)
 SORT(*)(.dtors)
 *(.init0)
 .init0         0x000000d2        0x0 e:/codeblocks-arduino baru/codeblocks/bin/../lib/gcc/avr/4.3.3/../../../../avr/lib/avr5/crtm328p.o
                0x000000d2                __init
 *(.init0)
 *(.init1)
 *(.init1)
 *(.init2)
 .init2         0x000000d2        0xc e:/codeblocks-arduino baru/codeblocks/bin/../lib/gcc/avr/4.3.3/../../../../avr/lib/avr5/crtm328p.o
 *(.init2)
 *(.init3)
 *(.init3)
 *(.init4)
 .init4         0x000000de       0x16 e:/codeblocks-arduino baru/codeblocks/bin/../lib/gcc/avr/4.3.3/avr5\libgcc.a(_copy_data.o)
                0x000000de                __do_copy_data
 .init4         0x000000f4       0x10 e:/codeblocks-arduino baru/codeblocks/bin/../lib/gcc/avr/4.3.3/avr5\libgcc.a(_clear_bss.o)
                0x000000f4                __do_clear_bss
 *(.init4)
 *(.init5)
 *(.init5)
 *(.init6)
 .init6         0x00000104       0x16 e:/codeblocks-arduino baru/codeblocks/bin/../lib/gcc/avr/4.3.3/avr5\libgcc.a(_ctors.o)
                0x00000104                __do_global_ctors
 *(.init6)
 *(.init7)
 *(.init7)
 *(.init8)
 *(.init8)
 *(.init9)
 .init9         0x0000011a        0x8 e:/codeblocks-arduino baru/codeblocks/bin/../lib/gcc/avr/4.3.3/../../../../avr/lib/avr5/crtm328p.o
 *(.init9)
 *(.text)
 .text          0x00000122        0x4 e:/codeblocks-arduino baru/codeblocks/bin/../lib/gcc/avr/4.3.3/../../../../avr/lib/avr5/crtm328p.o
                0x00000122                __vector_22
                0x00000122                __vector_1
                0x00000122                __vector_24
                0x00000122                __vector_12
                0x00000122                __bad_interrupt
                0x00000122                __vector_6
                0x00000122                __vector_3
                0x00000122                __vector_23
                0x00000122                __vector_25
                0x00000122                __vector_11
                0x00000122                __vector_13
                0x00000122                __vector_17
                0x00000122                __vector_7
                0x00000122                __vector_5
                0x00000122                __vector_4
                0x00000122                __vector_9
                0x00000122                __vector_2
                0x00000122                __vector_21
                0x00000122                __vector_15
                0x00000122                __vector_8
                0x00000122                __vector_14
                0x00000122                __vector_10
                0x00000122                __vector_20
 .text          0x00000126      0x204 e:/codeblocks-arduino baru/codeblocks/bin/../lib/gcc/avr/4.3.3/../../../../avr/lib/avr5\libc.a(malloc.o)
                0x00000126                malloc
                0x0000027a                free
 .text          0x0000032a       0xc2 e:/codeblocks-arduino baru/codeblocks/bin/../lib/gcc/avr/4.3.3/../../../../avr/lib/avr5\libc.a(random.o)
                0x000003d0                random
                0x000003ca                random_r
                0x000003da                srandom
 .text          0x000003ec       0x1a e:/codeblocks-arduino baru/codeblocks/bin/../lib/gcc/avr/4.3.3/../../../../avr/lib/avr5\libc.a(memcmp.o)
                0x000003ec                memcmp
 .text          0x00000406        0xe e:/codeblocks-arduino baru/codeblocks/bin/../lib/gcc/avr/4.3.3/../../../../avr/lib/avr5\libc.a(strcpy.o)
                0x00000406                strcpy
                0x00000414                . = ALIGN (0x2)
 *(.text.*)
 .text._Z9getLengthi
                0x00000414       0x26 build\xively_client.o
                0x00000414                getLength(int)
 .text._GLOBAL__I_ip
                0x0000043a       0x2e build\xively_client.o
 .text.setup    0x00000468       0xaa build\xively_client.o
                0x00000468                setup
 .text._Z14sendDataEnergyi
                0x00000512      0x132 build\xively_client.o
                0x00000512                sendDataEnergy(int)
 .text.loop     0x00000644       0xaa build\xively_client.o
                0x00000644                loop
 .text._ZN13EthernetClass11dnsServerIPEv
                0x000006ee       0x22 E:\Github for wgindows\WIZ550io\Web_Server\build\/lib_duemilanove328_16.a(Ethernet.cpp.o)
                0x000006ee                EthernetClass::dnsServerIP()
 .text._GLOBAL__I__ZN13EthernetClass6_stateE
                0x00000710       0x1e E:\Github for wgindows\WIZ550io\Web_Server\build\/lib_duemilanove328_16.a(Ethernet.cpp.o)
 .text._ZN13EthernetClass7localIPEv
                0x0000072e       0x3c E:\Github for wgindows\WIZ550io\Web_Server\build\/lib_duemilanove328_16.a(Ethernet.cpp.o)
                0x0000072e                EthernetClass::localIP()
 .text._ZN10W5500Class12setIPAddressEPh
                0x0000076a       0x12 E:\Github for wgindows\WIZ550io\Web_Server\build\/lib_duemilanove328_16.a(Ethernet.cpp.o)
                0x0000076a                W5500Class::setIPAddress(unsigned char*)
 .text._ZN10W5500Class12setGatewayIpEPh
                0x0000077c       0x12 E:\Github for wgindows\WIZ550io\Web_Server\build\/lib_duemilanove328_16.a(Ethernet.cpp.o)
                0x0000077c                W5500Class::setGatewayIp(unsigned char*)
 .text._ZN10W5500Class13setSubnetMaskEPh
                0x0000078e       0x12 E:\Github for wgindows\WIZ550io\Web_Server\build\/lib_duemilanove328_16.a(Ethernet.cpp.o)
                0x0000078e                W5500Class::setSubnetMask(unsigned char*)
 .text._ZN13EthernetClass5beginE9IPAddressS0_S0_S0_
                0x000007a0       0x88 E:\Github for wgindows\WIZ550io\Web_Server\build\/lib_duemilanove328_16.a(Ethernet.cpp.o)
                0x000007a0                EthernetClass::begin(IPAddress, IPAddress, IPAddress, IPAddress)
 .text._ZN13EthernetClass5beginE9IPAddressS0_S0_
                0x00000828       0xde E:\Github for wgindows\WIZ550io\Web_Server\build\/lib_duemilanove328_16.a(Ethernet.cpp.o)
                0x00000828                EthernetClass::begin(IPAddress, IPAddress, IPAddress)
 .text._ZN13EthernetClass5beginE9IPAddressS0_
                0x00000906       0x90 E:\Github for wgindows\WIZ550io\Web_Server\build\/lib_duemilanove328_16.a(Ethernet.cpp.o)
                0x00000906                EthernetClass::begin(IPAddress, IPAddress)
 .text._ZN13EthernetClass5beginE9IPAddress
                0x00000996       0x70 E:\Github for wgindows\WIZ550io\Web_Server\build\/lib_duemilanove328_16.a(Ethernet.cpp.o)
                0x00000996                EthernetClass::begin(IPAddress)
 .text._ZN13EthernetClass5beginEv
                0x00000a06      0x13e E:\Github for wgindows\WIZ550io\Web_Server\build\/lib_duemilanove328_16.a(Ethernet.cpp.o)
                0x00000a06                EthernetClass::begin()
 .text._ZN14EthernetClientC1Ev
                0x00000b44       0x24 E:\Github for wgindows\WIZ550io\Web_Server\build\/lib_duemilanove328_16.a(EthernetClient.cpp.o)
                0x00000b44                EthernetClient::EthernetClient()
 .text._ZN14EthernetClient5writeEh
                0x00000b68       0x30 E:\Github for wgindows\WIZ550io\Web_Server\build\/lib_duemilanove328_16.a(EthernetClient.cpp.o)
                0x00000b68                EthernetClient::write(unsigned char)
 .text._ZN14EthernetClient5flushEv
                0x00000b98       0x2e E:\Github for wgindows\WIZ550io\Web_Server\build\/lib_duemilanove328_16.a(EthernetClient.cpp.o)
                0x00000b98                EthernetClient::flush()
 .text._ZN14EthernetClientcvbEv
                0x00000bc6       0x10 E:\Github for wgindows\WIZ550io\Web_Server\build\/lib_duemilanove328_16.a(EthernetClient.cpp.o)
                0x00000bc6                EthernetClient::operator bool()
 .text._GLOBAL__I__ZN14EthernetClient8_srcportE
                0x00000bd6       0x16 E:\Github for wgindows\WIZ550io\Web_Server\build\/lib_duemilanove328_16.a(EthernetClient.cpp.o)
 .text._ZN14EthernetClient6statusEv
                0x00000bec       0x1e E:\Github for wgindows\WIZ550io\Web_Server\build\/lib_duemilanove328_16.a(EthernetClient.cpp.o)
                0x00000bec                EthernetClient::status()
 .text._ZN14EthernetClient9connectedEv
                0x00000c0a       0x48 E:\Github for wgindows\WIZ550io\Web_Server\build\/lib_duemilanove328_16.a(EthernetClient.cpp.o)
                0x00000c0a                EthernetClient::connected()
 .text._ZN14EthernetClient4stopEv
                0x00000c52       0x84 E:\Github for wgindows\WIZ550io\Web_Server\build\/lib_duemilanove328_16.a(EthernetClient.cpp.o)
                0x00000c52                EthernetClient::stop()
 .text._ZN14EthernetClient4peekEv
                0x00000cd6       0x4a E:\Github for wgindows\WIZ550io\Web_Server\build\/lib_duemilanove328_16.a(EthernetClient.cpp.o)
                0x00000cd6                EthernetClient::peek()
 .text._ZN14EthernetClient4readEPhj
                0x00000d20        0xa E:\Github for wgindows\WIZ550io\Web_Server\build\/lib_duemilanove328_16.a(EthernetClient.cpp.o)
                0x00000d20                EthernetClient::read(unsigned char*, unsigned int)
 .text._ZN14EthernetClient4readEv
                0x00000d2a       0x38 E:\Github for wgindows\WIZ550io\Web_Server\build\/lib_duemilanove328_16.a(EthernetClient.cpp.o)
                0x00000d2a                EthernetClient::read()
 .text._ZN14EthernetClient9availableEv
                0x00000d62       0x1c E:\Github for wgindows\WIZ550io\Web_Server\build\/lib_duemilanove328_16.a(EthernetClient.cpp.o)
                0x00000d62                EthernetClient::available()
 .text._ZN14EthernetClient5writeEPKhj
                0x00000d7e       0x3c E:\Github for wgindows\WIZ550io\Web_Server\build\/lib_duemilanove328_16.a(EthernetClient.cpp.o)
                0x00000d7e                EthernetClient::write(unsigned char const*, unsigned int)
 .text._ZN14EthernetClient7connectE9IPAddressj
                0x00000dba       0xea E:\Github for wgindows\WIZ550io\Web_Server\build\/lib_duemilanove328_16.a(EthernetClient.cpp.o)
                0x00000dba                EthernetClient::connect(IPAddress, unsigned int)
 .text._ZN14EthernetClient7connectEPKcj
                0x00000ea4       0xe0 E:\Github for wgindows\WIZ550io\Web_Server\build\/lib_duemilanove328_16.a(EthernetClient.cpp.o)
                0x00000ea4                EthernetClient::connect(char const*, unsigned int)
 .text._ZN11EthernetUDP4readEPcj
                0x00000f84       0x10 E:\Github for wgindows\WIZ550io\Web_Server\build\/lib_duemilanove328_16.a(EthernetUdp.cpp.o)
                0x00000f84                EthernetUDP::read(char*, unsigned int)
 .text._ZN11EthernetUDP8remoteIPEv
                0x00000f94       0x22 E:\Github for wgindows\WIZ550io\Web_Server\build\/lib_duemilanove328_16.a(EthernetUdp.cpp.o)
                0x00000f94                EthernetUDP::remoteIP()
 .text._ZN11EthernetUDP10remotePortEv
                0x00000fb6        0x8 E:\Github for wgindows\WIZ550io\Web_Server\build\/lib_duemilanove328_16.a(EthernetUdp.cpp.o)
                0x00000fb6                EthernetUDP::remotePort()
 .text._ZN11EthernetUDP9availableEv
                0x00000fbe        0x8 E:\Github for wgindows\WIZ550io\Web_Server\build\/lib_duemilanove328_16.a(EthernetUdp.cpp.o)
                0x00000fbe                EthernetUDP::available()
 .text._ZN11EthernetUDP5writeEh
                0x00000fc6       0x30 E:\Github for wgindows\WIZ550io\Web_Server\build\/lib_duemilanove328_16.a(EthernetUdp.cpp.o)
                0x00000fc6                EthernetUDP::write(unsigned char)
 .text._ZN11EthernetUDP5flushEv
                0x00000ff6       0x24 E:\Github for wgindows\WIZ550io\Web_Server\build\/lib_duemilanove328_16.a(EthernetUdp.cpp.o)
                0x00000ff6                EthernetUDP::flush()
 .text._GLOBAL__I__ZN11EthernetUDPC2Ev
                0x0000101a       0x16 E:\Github for wgindows\WIZ550io\Web_Server\build\/lib_duemilanove328_16.a(EthernetUdp.cpp.o)
 .text._ZN11EthernetUDP4peekEv
                0x00001030       0x36 E:\Github for wgindows\WIZ550io\Web_Server\build\/lib_duemilanove328_16.a(EthernetUdp.cpp.o)
                0x00001030                EthernetUDP::peek()
 .text._ZN11EthernetUDP4readEPhj
                0x00001066       0x46 E:\Github for wgindows\WIZ550io\Web_Server\build\/lib_duemilanove328_16.a(EthernetUdp.cpp.o)
                0x00001066                EthernetUDP::read(unsigned char*, unsigned int)
 .text._ZN11EthernetUDP4readEv
                0x000010ac       0x56 E:\Github for wgindows\WIZ550io\Web_Server\build\/lib_duemilanove328_16.a(EthernetUdp.cpp.o)
                0x000010ac                EthernetUDP::read()
 .text._ZN11EthernetUDP11parsePacketEv
                0x00001102       0xa8 E:\Github for wgindows\WIZ550io\Web_Server\build\/lib_duemilanove328_16.a(EthernetUdp.cpp.o)
                0x00001102                EthernetUDP::parsePacket()
 .text._ZN11EthernetUDP5writeEPKhj
                0x000011aa       0x36 E:\Github for wgindows\WIZ550io\Web_Server\build\/lib_duemilanove328_16.a(EthernetUdp.cpp.o)
                0x000011aa                EthernetUDP::write(unsigned char const*, unsigned int)
 .text._ZN11EthernetUDP9endPacketEv
                0x000011e0        0xa E:\Github for wgindows\WIZ550io\Web_Server\build\/lib_duemilanove328_16.a(EthernetUdp.cpp.o)
                0x000011e0                EthernetUDP::endPacket()
 .text._ZN11EthernetUDP11beginPacketE9IPAddressj
                0x000011ea       0x12 E:\Github for wgindows\WIZ550io\Web_Server\build\/lib_duemilanove328_16.a(EthernetUdp.cpp.o)
                0x000011ea                EthernetUDP::beginPacket(IPAddress, unsigned int)
 .text._ZN11EthernetUDPC1Ev
                0x000011fc       0x2c E:\Github for wgindows\WIZ550io\Web_Server\build\/lib_duemilanove328_16.a(EthernetUdp.cpp.o)
                0x000011fc                EthernetUDP::EthernetUDP()
 .text._ZN11EthernetUDP11beginPacketEPKcj
                0x00001228       0xe0 E:\Github for wgindows\WIZ550io\Web_Server\build\/lib_duemilanove328_16.a(EthernetUdp.cpp.o)
                0x00001228                EthernetUDP::beginPacket(char const*, unsigned int)
 .text._ZN11EthernetUDP4stopEv
                0x00001308       0x2a E:\Github for wgindows\WIZ550io\Web_Server\build\/lib_duemilanove328_16.a(EthernetUdp.cpp.o)
                0x00001308                EthernetUDP::stop()
 .text._ZN11EthernetUDP5beginEj
                0x00001332       0x74 E:\Github for wgindows\WIZ550io\Web_Server\build\/lib_duemilanove328_16.a(EthernetUdp.cpp.o)
                0x00001332                EthernetUDP::begin(unsigned int)
 .text._Z10disconnecth
                0x000013a6       0x10 E:\Github for wgindows\WIZ550io\Web_Server\build\/lib_duemilanove328_16.a(socket.cpp.o)
                0x000013a6                disconnect(unsigned char)
 .text._ZN10W5500Class6readSnEhj
                0x000013b6       0x14 E:\Github for wgindows\WIZ550io\Web_Server\build\/lib_duemilanove328_16.a(socket.cpp.o)
                0x000013b6                W5500Class::readSn(unsigned char, unsigned int)
 .text._ZN10W5500Class7writeSnEhjh
                0x000013ca       0x14 E:\Github for wgindows\WIZ550io\Web_Server\build\/lib_duemilanove328_16.a(socket.cpp.o)
                0x000013ca                W5500Class::writeSn(unsigned char, unsigned int, unsigned char)
 .text._Z7sendUDPh
                0x000013de       0x58 E:\Github for wgindows\WIZ550io\Web_Server\build\/lib_duemilanove328_16.a(socket.cpp.o)
                0x000013de                sendUDP(unsigned char)
 .text._Z5closeh
                0x00001436       0x22 E:\Github for wgindows\WIZ550io\Web_Server\build\/lib_duemilanove328_16.a(socket.cpp.o)
                0x00001436                close(unsigned char)
 .text._ZN10W5500Class12writeSnDPORTEhj
                0x00001458       0x24 E:\Github for wgindows\WIZ550io\Web_Server\build\/lib_duemilanove328_16.a(socket.cpp.o)
                0x00001458                W5500Class::writeSnDPORT(unsigned char, unsigned int)
 .text._ZN10W5500Class11writeSnPORTEhj
                0x0000147c       0x24 E:\Github for wgindows\WIZ550io\Web_Server\build\/lib_duemilanove328_16.a(socket.cpp.o)
                0x0000147c                W5500Class::writeSnPORT(unsigned char, unsigned int)
 .text._Z6sockethhjh
                0x000014a0       0x72 E:\Github for wgindows\WIZ550io\Web_Server\build\/lib_duemilanove328_16.a(socket.cpp.o)
                0x000014a0                socket(unsigned char, unsigned char, unsigned int, unsigned char)
 .text._ZN10W5500Class11writeSnDIPREhPh
                0x00001512       0x1a E:\Github for wgindows\WIZ550io\Web_Server\build\/lib_duemilanove328_16.a(socket.cpp.o)
                0x00001512                W5500Class::writeSnDIPR(unsigned char, unsigned char*)
 .text._Z8startUDPhPhj
                0x0000152c       0x4c E:\Github for wgindows\WIZ550io\Web_Server\build\/lib_duemilanove328_16.a(socket.cpp.o)
                0x0000152c                startUDP(unsigned char, unsigned char*, unsigned int)
 .text._Z7connecthPhj
                0x00001578       0x6c E:\Github for wgindows\WIZ550io\Web_Server\build\/lib_duemilanove328_16.a(socket.cpp.o)
                0x00001578                connect(unsigned char, unsigned char*, unsigned int)
 .text._Z10bufferDatahjPKhj
                0x000015e4       0x60 E:\Github for wgindows\WIZ550io\Web_Server\build\/lib_duemilanove328_16.a(socket.cpp.o)
                0x000015e4                bufferData(unsigned char, unsigned int, unsigned char const*, unsigned int)
 .text._Z4sendhPKhj
                0x00001644       0xae E:\Github for wgindows\WIZ550io\Web_Server\build\/lib_duemilanove328_16.a(socket.cpp.o)
                0x00001644                send(unsigned char, unsigned char const*, unsigned int)
 .text._Z4peekhPh
                0x000016f2       0x1e E:\Github for wgindows\WIZ550io\Web_Server\build\/lib_duemilanove328_16.a(socket.cpp.o)
                0x000016f2                peek(unsigned char, unsigned char*)
 .text._Z4recvhPhi
                0x00001710       0x80 E:\Github for wgindows\WIZ550io\Web_Server\build\/lib_duemilanove328_16.a(socket.cpp.o)
                0x00001710                recv(unsigned char, unsigned char*, int)
 .text._ZN10W5500Class5writeEjhh
                0x00001790       0x30 E:\Github for wgindows\WIZ550io\Web_Server\build\/lib_duemilanove328_16.a(w5500.cpp.o)
                0x00001790                W5500Class::write(unsigned int, unsigned char, unsigned char)
 .text._ZN10W5500Class5writeEjhPKhj
                0x000017c0       0x48 E:\Github for wgindows\WIZ550io\Web_Server\build\/lib_duemilanove328_16.a(w5500.cpp.o)
                0x000017c0                W5500Class::write(unsigned int, unsigned char, unsigned char const*, unsigned int)
 .text._ZN10W5500Class4readEjh
                0x00001808       0x2e E:\Github for wgindows\WIZ550io\Web_Server\build\/lib_duemilanove328_16.a(w5500.cpp.o)
                0x00001808                W5500Class::read(unsigned int, unsigned char)
 .text._ZN10W5500Class27send_data_processing_offsetEhjPKhj
                0x00001836       0x82 E:\Github for wgindows\WIZ550io\Web_Server\build\/lib_duemilanove328_16.a(w5500.cpp.o)
                0x00001836                W5500Class::send_data_processing_offset(unsigned char, unsigned int, unsigned char const*, unsigned int)
 .text._ZN10W5500Class20send_data_processingEhPKhj
                0x000018b8       0x18 E:\Github for wgindows\WIZ550io\Web_Server\build\/lib_duemilanove328_16.a(w5500.cpp.o)
                0x000018b8                W5500Class::send_data_processing(unsigned char, unsigned char const*, unsigned int)
 .text._ZN10W5500Class12readSnRX_RSREh
                0x000018d0       0x2c E:\Github for wgindows\WIZ550io\Web_Server\build\/lib_duemilanove328_16.a(w5500.cpp.o)
                0x000018d0                W5500Class::readSnRX_RSR(unsigned char)
 .text._ZN10W5500Class17getRXReceivedSizeEh
                0x000018fc       0x38 E:\Github for wgindows\WIZ550io\Web_Server\build\/lib_duemilanove328_16.a(w5500.cpp.o)
                0x000018fc                W5500Class::getRXReceivedSize(unsigned char)
 .text._ZN10W5500Class12readSnTX_FSREh
                0x00001934       0x2c E:\Github for wgindows\WIZ550io\Web_Server\build\/lib_duemilanove328_16.a(w5500.cpp.o)
                0x00001934                W5500Class::readSnTX_FSR(unsigned char)
 .text._ZN10W5500Class13getTXFreeSizeEh
                0x00001960       0x38 E:\Github for wgindows\WIZ550io\Web_Server\build\/lib_duemilanove328_16.a(w5500.cpp.o)
                0x00001960                W5500Class::getTXFreeSize(unsigned char)
 .text._ZN10W5500Class4readEjhPhj
                0x00001998       0x48 E:\Github for wgindows\WIZ550io\Web_Server\build\/lib_duemilanove328_16.a(w5500.cpp.o)
                0x00001998                W5500Class::read(unsigned int, unsigned char, unsigned char*, unsigned int)
 .text._ZN10W5500Class9read_dataEhPVhS1_j
                0x000019e0       0x1c E:\Github for wgindows\WIZ550io\Web_Server\build\/lib_duemilanove328_16.a(w5500.cpp.o)
                0x000019e0                W5500Class::read_data(unsigned char, unsigned char volatile*, unsigned char volatile*, unsigned int)
 .text._ZN10W5500Class20recv_data_processingEhPhjh
                0x000019fc       0x96 E:\Github for wgindows\WIZ550io\Web_Server\build\/lib_duemilanove328_16.a(w5500.cpp.o)
                0x000019fc                W5500Class::recv_data_processing(unsigned char, unsigned char*, unsigned int, unsigned char)
 .text._ZN10W5500Class9execCmdSnEh7SockCMD
                0x00001a92       0x26 E:\Github for wgindows\WIZ550io\Web_Server\build\/lib_duemilanove328_16.a(w5500.cpp.o)
                0x00001a92                W5500Class::execCmdSn(unsigned char, SockCMD)
 .text._ZN10W5500Class4initEv
                0x00001ab8       0x46 E:\Github for wgindows\WIZ550io\Web_Server\build\/lib_duemilanove328_16.a(w5500.cpp.o)
                0x00001ab8                W5500Class::init()
 .text._ZN8SPIClass5beginEv
                0x00001afe       0x2e E:\Github for wgindows\WIZ550io\Web_Server\build\/lib_duemilanove328_16.a(SPI.cpp.o)
                0x00001afe                SPIClass::begin()
 .text._ZN9DhcpClass9printByteEPch
                0x00001b2c       0x26 E:\Github for wgindows\WIZ550io\Web_Server\build\/lib_duemilanove328_16.a(Dhcp.cpp.o)
                0x00001b2c                DhcpClass::printByte(char*, unsigned char)
 .text._GLOBAL__I__ZN9DhcpClass13beginWithDHCPEPhmm
                0x00001b52       0x16 E:\Github for wgindows\WIZ550io\Web_Server\build\/lib_duemilanove328_16.a(Dhcp.cpp.o)
 .text._ZN9DhcpClass14getDnsServerIpEv
                0x00001b68       0x16 E:\Github for wgindows\WIZ550io\Web_Server\build\/lib_duemilanove328_16.a(Dhcp.cpp.o)
                0x00001b68                DhcpClass::getDnsServerIp()
 .text._ZN9DhcpClass12getGatewayIpEv
                0x00001b7e       0x16 E:\Github for wgindows\WIZ550io\Web_Server\build\/lib_duemilanove328_16.a(Dhcp.cpp.o)
                0x00001b7e                DhcpClass::getGatewayIp()
 .text._ZN9DhcpClass13getSubnetMaskEv
                0x00001b94       0x16 E:\Github for wgindows\WIZ550io\Web_Server\build\/lib_duemilanove328_16.a(Dhcp.cpp.o)
                0x00001b94                DhcpClass::getSubnetMask()
 .text._ZN9DhcpClass10getLocalIpEv
                0x00001baa       0x16 E:\Github for wgindows\WIZ550io\Web_Server\build\/lib_duemilanove328_16.a(Dhcp.cpp.o)
                0x00001baa                DhcpClass::getLocalIp()
 .text._ZN9DhcpClass17parseDHCPResponseEmRm
                0x00001bc0      0x4d4 E:\Github for wgindows\WIZ550io\Web_Server\build\/lib_duemilanove328_16.a(Dhcp.cpp.o)
                0x00001bc0                DhcpClass::parseDHCPResponse(unsigned long, unsigned long&)
 .text._ZN9DhcpClass16reset_DHCP_leaseEv
                0x00002094       0x10 E:\Github for wgindows\WIZ550io\Web_Server\build\/lib_duemilanove328_16.a(Dhcp.cpp.o)
                0x00002094                DhcpClass::reset_DHCP_lease()
 .text._ZN9DhcpClass17send_DHCP_MESSAGEEhj
                0x000020a4      0x2ac E:\Github for wgindows\WIZ550io\Web_Server\build\/lib_duemilanove328_16.a(Dhcp.cpp.o)
                0x000020a4                DhcpClass::send_DHCP_MESSAGE(unsigned char, unsigned int)
 .text._ZN9DhcpClass18request_DHCP_leaseEv
                0x00002350      0x300 E:\Github for wgindows\WIZ550io\Web_Server\build\/lib_duemilanove328_16.a(Dhcp.cpp.o)
                0x00002350                DhcpClass::request_DHCP_lease()
 .text._ZN9DhcpClass13beginWithDHCPEPhmm
                0x00002650       0x96 E:\Github for wgindows\WIZ550io\Web_Server\build\/lib_duemilanove328_16.a(Dhcp.cpp.o)
                0x00002650                DhcpClass::beginWithDHCP(unsigned char*, unsigned long, unsigned long)
 .text._ZN9DNSClient5beginERK9IPAddress
                0x000026e6       0x1c E:\Github for wgindows\WIZ550io\Web_Server\build\/lib_duemilanove328_16.a(Dns.cpp.o)
                0x000026e6                DNSClient::begin(IPAddress const&)
 .text._ZN9DNSClient9inet_atonEPKcR9IPAddress
                0x00002702       0x92 E:\Github for wgindows\WIZ550io\Web_Server\build\/lib_duemilanove328_16.a(Dns.cpp.o)
                0x00002702                DNSClient::inet_aton(char const*, IPAddress&)
 .text._GLOBAL__I__ZN9DNSClient5beginERK9IPAddress
                0x00002794       0x16 E:\Github for wgindows\WIZ550io\Web_Server\build\/lib_duemilanove328_16.a(Dns.cpp.o)
 .text._ZN9DNSClient15ProcessResponseEjR9IPAddress
                0x000027aa      0x2d4 E:\Github for wgindows\WIZ550io\Web_Server\build\/lib_duemilanove328_16.a(Dns.cpp.o)
                0x000027aa                DNSClient::ProcessResponse(unsigned int, IPAddress&)
 .text._ZN9DNSClient12BuildRequestEPKc
                0x00002a7e      0x166 E:\Github for wgindows\WIZ550io\Web_Server\build\/lib_duemilanove328_16.a(Dns.cpp.o)
                0x00002a7e                DNSClient::BuildRequest(char const*)
 .text._ZN9DNSClient13getHostByNameEPKcR9IPAddress
                0x00002be4      0x12c E:\Github for wgindows\WIZ550io\Web_Server\build\/lib_duemilanove328_16.a(Dns.cpp.o)
                0x00002be4                DNSClient::getHostByName(char const*, IPAddress&)
 .text._Z11serialEventv
                0x00002d10        0x2 E:\Github for wgindows\WIZ550io\Web_Server\build\/core_duemilanove328_16.a(HardwareSerial.cpp.o)
                0x00002d10                serialEvent()
 .text.__vector_18
                0x00002d12       0x76 E:\Github for wgindows\WIZ550io\Web_Server\build\/core_duemilanove328_16.a(HardwareSerial.cpp.o)
                0x00002d12                __vector_18
 .text._Z14serialEventRunv
                0x00002d88       0x26 E:\Github for wgindows\WIZ550io\Web_Server\build\/core_duemilanove328_16.a(HardwareSerial.cpp.o)
                0x00002d88                serialEventRun()
 .text.__vector_19
                0x00002dae       0x76 E:\Github for wgindows\WIZ550io\Web_Server\build\/core_duemilanove328_16.a(HardwareSerial.cpp.o)
                0x00002dae                __vector_19
 .text._ZN14HardwareSerial5beginEm
                0x00002e24      0x10e E:\Github for wgindows\WIZ550io\Web_Server\build\/core_duemilanove328_16.a(HardwareSerial.cpp.o)
                0x00002e24                HardwareSerial::begin(unsigned long)
 .text._ZN14HardwareSerial9availableEv
                0x00002f32       0x22 E:\Github for wgindows\WIZ550io\Web_Server\build\/core_duemilanove328_16.a(HardwareSerial.cpp.o)
                0x00002f32                HardwareSerial::available()
 .text._ZN14HardwareSerial4peekEv
                0x00002f54       0x40 E:\Github for wgindows\WIZ550io\Web_Server\build\/core_duemilanove328_16.a(HardwareSerial.cpp.o)
                0x00002f54                HardwareSerial::peek()
 .text._ZN14HardwareSerial4readEv
                0x00002f94       0x52 E:\Github for wgindows\WIZ550io\Web_Server\build\/core_duemilanove328_16.a(HardwareSerial.cpp.o)
                0x00002f94                HardwareSerial::read()
 .text._ZN14HardwareSerial5flushEv
                0x00002fe6       0x20 E:\Github for wgindows\WIZ550io\Web_Server\build\/core_duemilanove328_16.a(HardwareSerial.cpp.o)
                0x00002fe6                HardwareSerial::flush()
 .text._ZN14HardwareSerial5writeEh
                0x00003006       0x80 E:\Github for wgindows\WIZ550io\Web_Server\build\/core_duemilanove328_16.a(HardwareSerial.cpp.o)
                0x00003006                HardwareSerial::write(unsigned char)
 .text._GLOBAL__I_rx_buffer
                0x00003086       0xac E:\Github for wgindows\WIZ550io\Web_Server\build\/core_duemilanove328_16.a(HardwareSerial.cpp.o)
 .text._ZN9IPAddressC1Ehhhh
                0x00003132       0x18 E:\Github for wgindows\WIZ550io\Web_Server\build\/core_duemilanove328_16.a(IPAddress.cpp.o)
                0x00003132                IPAddress::IPAddress(unsigned char, unsigned char, unsigned char, unsigned char)
 .text._GLOBAL__I__ZN9IPAddressC2Ev
                0x0000314a       0x1e E:\Github for wgindows\WIZ550io\Web_Server\build\/core_duemilanove328_16.a(IPAddress.cpp.o)
 .text._ZNK9IPAddress7printToER5Print
                0x00003168       0x84 E:\Github for wgindows\WIZ550io\Web_Server\build\/core_duemilanove328_16.a(IPAddress.cpp.o)
                0x00003168                IPAddress::printTo(Print&) const
 .text._ZN9IPAddressaSEPKh
                0x000031ec       0x1a E:\Github for wgindows\WIZ550io\Web_Server\build\/core_duemilanove328_16.a(IPAddress.cpp.o)
                0x000031ec                IPAddress::operator=(unsigned char const*)
 .text._ZN9IPAddressC1EPKh
                0x00003206       0x22 E:\Github for wgindows\WIZ550io\Web_Server\build\/core_duemilanove328_16.a(IPAddress.cpp.o)
                0x00003206                IPAddress::IPAddress(unsigned char const*)
 .text._ZN9IPAddressC1Ev
                0x00003228       0x14 E:\Github for wgindows\WIZ550io\Web_Server\build\/core_duemilanove328_16.a(IPAddress.cpp.o)
                0x00003228                IPAddress::IPAddress()
 .text.main     0x0000323c       0x1e E:\Github for wgindows\WIZ550io\Web_Server\build\/core_duemilanove328_16.a(main.cpp.o)
                0x0000323c                main
 .text._Znwj    0x0000325a        0x6 E:\Github for wgindows\WIZ550io\Web_Server\build\/core_duemilanove328_16.a(new.cpp.o)
                0x0000325a                operator new(unsigned int)
 .text._ZN5Print5writeEPKhj
                0x00003260       0x54 E:\Github for wgindows\WIZ550io\Web_Server\build\/core_duemilanove328_16.a(Print.cpp.o)
                0x00003260                Print::write(unsigned char const*, unsigned int)
 .text._ZN5Print5printEc
                0x000032b4       0x10 E:\Github for wgindows\WIZ550io\Web_Server\build\/core_duemilanove328_16.a(Print.cpp.o)
                0x000032b4                Print::print(char)
 .text._ZN5Print7printlnEv
                0x000032c4       0x40 E:\Github for wgindows\WIZ550io\Web_Server\build\/core_duemilanove328_16.a(Print.cpp.o)
                0x000032c4                Print::println()
 .text._ZN5Print7printlnERK9Printable
                0x00003304       0x34 E:\Github for wgindows\WIZ550io\Web_Server\build\/core_duemilanove328_16.a(Print.cpp.o)
                0x00003304                Print::println(Printable const&)
 .text._ZN5Print5writeEPKc
                0x00003338       0x38 E:\Github for wgindows\WIZ550io\Web_Server\build\/core_duemilanove328_16.a(Print.cpp.o)
                0x00003338                Print::write(char const*)
 .text._ZN5Print11printNumberEmh
                0x00003370       0xc8 E:\Github for wgindows\WIZ550io\Web_Server\build\/core_duemilanove328_16.a(Print.cpp.o)
                0x00003370                Print::printNumber(unsigned long, unsigned char)
 .text._ZN5Print5printEmi
                0x00003438       0x1e E:\Github for wgindows\WIZ550io\Web_Server\build\/core_duemilanove328_16.a(Print.cpp.o)
                0x00003438                Print::print(unsigned long, int)
 .text._ZN5Print5printEhi
                0x00003456       0x24 E:\Github for wgindows\WIZ550io\Web_Server\build\/core_duemilanove328_16.a(Print.cpp.o)
                0x00003456                Print::print(unsigned char, int)
 .text._ZN5Print5printEli
                0x0000347a       0x80 E:\Github for wgindows\WIZ550io\Web_Server\build\/core_duemilanove328_16.a(Print.cpp.o)
                0x0000347a                Print::print(long, int)
 .text._ZN5Print7printlnEii
                0x000034fa       0x3e E:\Github for wgindows\WIZ550io\Web_Server\build\/core_duemilanove328_16.a(Print.cpp.o)
                0x000034fa                Print::println(int, int)
 .text._ZN5Print5printEPKc
                0x00003538        0x6 E:\Github for wgindows\WIZ550io\Web_Server\build\/core_duemilanove328_16.a(Print.cpp.o)
                0x00003538                Print::print(char const*)
 .text._ZN5Print7printlnEPKc
                0x0000353e       0x26 E:\Github for wgindows\WIZ550io\Web_Server\build\/core_duemilanove328_16.a(Print.cpp.o)
                0x0000353e                Print::println(char const*)
 .text.__vector_16
                0x00003564       0x90 E:\Github for wgindows\WIZ550io\Web_Server\build\/core_duemilanove328_16.a(wiring.c.o)
                0x00003564                __vector_16
 .text.millis   0x000035f4       0x1c E:\Github for wgindows\WIZ550io\Web_Server\build\/core_duemilanove328_16.a(wiring.c.o)
                0x000035f4                millis
 .text.micros   0x00003610       0x4c E:\Github for wgindows\WIZ550io\Web_Server\build\/core_duemilanove328_16.a(wiring.c.o)
                0x00003610                micros
 .text.delay    0x0000365c       0x4c E:\Github for wgindows\WIZ550io\Web_Server\build\/core_duemilanove328_16.a(wiring.c.o)
                0x0000365c                delay
 .text.init     0x000036a8       0x76 E:\Github for wgindows\WIZ550io\Web_Server\build\/core_duemilanove328_16.a(wiring.c.o)
                0x000036a8                init
 .text.analogRead
                0x0000371e       0x44 E:\Github for wgindows\WIZ550io\Web_Server\build\/core_duemilanove328_16.a(wiring_analog.c.o)
                0x0000371e                analogRead
 .text.pinMode  0x00003762       0x7e E:\Github for wgindows\WIZ550io\Web_Server\build\/core_duemilanove328_16.a(wiring_digital.c.o)
                0x00003762                pinMode
 .text.turnOffPWM
                0x000037e0       0x5a E:\Github for wgindows\WIZ550io\Web_Server\build\/core_duemilanove328_16.a(wiring_digital.c.o)
 .text.digitalWrite
                0x0000383a       0x66 E:\Github for wgindows\WIZ550io\Web_Server\build\/core_duemilanove328_16.a(wiring_digital.c.o)
                0x0000383a                digitalWrite
 .text._Z6randoml
                0x000038a0       0x44 E:\Github for wgindows\WIZ550io\Web_Server\build\/core_duemilanove328_16.a(WMath.cpp.o)
                0x000038a0                random(long)
 .text._Z6randomll
                0x000038e4       0x3c E:\Github for wgindows\WIZ550io\Web_Server\build\/core_duemilanove328_16.a(WMath.cpp.o)
                0x000038e4                random(long, long)
 .text.libgcc   0x00003920       0x3e e:/codeblocks-arduino baru/codeblocks/bin/../lib/gcc/avr/4.3.3/avr5\libgcc.a(_mulsi3.o)
                0x00003920                __mulsi3
 .text.libgcc   0x0000395e       0x26 e:/codeblocks-arduino baru/codeblocks/bin/../lib/gcc/avr/4.3.3/avr5\libgcc.a(_divmodhi4.o)
                0x0000395e                __divmodhi4
                0x0000395e                _div
 .text.libgcc   0x00003984       0x44 e:/codeblocks-arduino baru/codeblocks/bin/../lib/gcc/avr/4.3.3/avr5\libgcc.a(_udivmodsi4.o)
                0x00003984                __udivmodsi4
 .text.libgcc   0x000039c8       0x36 e:/codeblocks-arduino baru/codeblocks/bin/../lib/gcc/avr/4.3.3/avr5\libgcc.a(_divmodsi4.o)
                0x000039c8                __divmodsi4
 .text.libgcc   0x000039fe       0x28 e:/codeblocks-arduino baru/codeblocks/bin/../lib/gcc/avr/4.3.3/avr5\libgcc.a(_udivmodhi4.o)
                0x000039fe                __udivmodhi4
 .text.libgcc   0x00003a26        0xc e:/codeblocks-arduino baru/codeblocks/bin/../lib/gcc/avr/4.3.3/avr5\libgcc.a(_tablejump.o)
                0x00003a2a                __tablejump__
                0x00003a26                __tablejump2__
 .text.libgcc   0x00003a32       0x38 e:/codeblocks-arduino baru/codeblocks/bin/../lib/gcc/avr/4.3.3/avr5\libgcc.a(_prologue.o)
                0x00003a32                __prologue_saves__
 .text.libgcc   0x00003a6a       0x36 e:/codeblocks-arduino baru/codeblocks/bin/../lib/gcc/avr/4.3.3/avr5\libgcc.a(_epilogue.o)
                0x00003a6a                __epilogue_restores__
                0x00003aa0                . = ALIGN (0x2)
 *(.fini9)
 .fini9         0x00003aa0        0x0 e:/codeblocks-arduino baru/codeblocks/bin/../lib/gcc/avr/4.3.3/avr5\libgcc.a(_exit.o)
                0x00003aa0                exit
                0x00003aa0                _exit
 *(.fini9)
 *(.fini8)
 *(.fini8)
 *(.fini7)
 *(.fini7)
 *(.fini6)
 *(.fini6)
 *(.fini5)
 *(.fini5)
 *(.fini4)
 *(.fini4)
 *(.fini3)
 *(.fini3)
 *(.fini2)
 *(.fini2)
 *(.fini1)
 *(.fini1)
 *(.fini0)
 .fini0         0x00003aa0        0x4 e:/codeblocks-arduino baru/codeblocks/bin/../lib/gcc/avr/4.3.3/avr5\libgcc.a(_exit.o)
 *(.fini0)
                0x00003aa4                _etext = .

.data           0x00800100      0x1c6 load address 0x00003aa4
                0x00800100                PROVIDE (__data_start, .)
 *(.data)
 .data          0x00800100      0x14c build\xively_client.o
 .data          0x0080024c        0x7 E:\Github for wgindows\WIZ550io\Web_Server\build\/lib_duemilanove328_16.a(Dhcp.cpp.o)
 .data          0x00800253        0x6 e:/codeblocks-arduino baru/codeblocks/bin/../lib/gcc/avr/4.3.3/../../../../avr/lib/avr5\libc.a(malloc.o)
                0x00800255                __malloc_heap_start
                0x00800257                __malloc_heap_end
                0x00800253                __malloc_margin
 .data          0x00800259        0x4 e:/codeblocks-arduino baru/codeblocks/bin/../lib/gcc/avr/4.3.3/../../../../avr/lib/avr5\libc.a(random.o)
 *(.data*)
 .data.server   0x0080025d        0xf build\xively_client.o
                0x0080025d                server
 .data._ZN14EthernetClient8_srcportE
                0x0080026c        0x2 E:\Github for wgindows\WIZ550io\Web_Server\build\/lib_duemilanove328_16.a(EthernetClient.cpp.o)
                0x0080026c                EthernetClient::_srcport
 .data.analog_reference
                0x0080026e        0x1 E:\Github for wgindows\WIZ550io\Web_Server\build\/core_duemilanove328_16.a(wiring_analog.c.o)
                0x0080026e                analog_reference
 *(.rodata)
 *(.rodata*)
 .rodata._ZTV14EthernetClient
                0x0080026f       0x1c E:\Github for wgindows\WIZ550io\Web_Server\build\/lib_duemilanove328_16.a(EthernetClient.cpp.o)
                0x0080026f                vtable for EthernetClient
 .rodata._ZTV11EthernetUDP
                0x0080028b       0x24 E:\Github for wgindows\WIZ550io\Web_Server\build\/lib_duemilanove328_16.a(EthernetUdp.cpp.o)
                0x0080028b                vtable for EthernetUDP
 .rodata._ZTV14HardwareSerial
                0x008002af       0x10 E:\Github for wgindows\WIZ550io\Web_Server\build\/core_duemilanove328_16.a(HardwareSerial.cpp.o)
                0x008002af                vtable for HardwareSerial
 .rodata._ZTV9IPAddress
                0x008002bf        0x6 E:\Github for wgindows\WIZ550io\Web_Server\build\/core_duemilanove328_16.a(IPAddress.cpp.o)
                0x008002bf                vtable for IPAddress
 *(.gnu.linkonce.d*)
                0x008002c6                . = ALIGN (0x2)
 *fill*         0x008002c5        0x1 00
                0x008002c6                _edata = .
                0x008002c6                PROVIDE (__data_end, .)

.bss            0x008002c6      0x114
                0x008002c6                PROVIDE (__bss_start, .)
 *(.bss)
 *(.bss*)
 .bss.ip        0x008002c6        0x6 build\xively_client.o
                0x008002c6                ip
 .bss.client    0x008002cc        0xd build\xively_client.o
                0x008002cc                client
 .bss.lastConnectionTime
                0x008002d9        0x4 build\xively_client.o
                0x008002d9                lastConnectionTime
 .bss.lastConnected
                0x008002dd        0x1 build\xively_client.o
                0x008002dd                lastConnected
 .bss._ZL11INADDR_NONE
                0x008002de        0x6 build\xively_client.o
 .bss._ZN13EthernetClass12_server_portE
                0x008002e4       0x10 E:\Github for wgindows\WIZ550io\Web_Server\build\/lib_duemilanove328_16.a(Ethernet.cpp.o)
                0x008002e4                EthernetClass::_server_port
 .bss.Ethernet  0x008002f4        0x8 E:\Github for wgindows\WIZ550io\Web_Server\build\/lib_duemilanove328_16.a(Ethernet.cpp.o)
                0x008002f4                Ethernet
 .bss._ZL11INADDR_NONE
                0x008002fc        0x6 E:\Github for wgindows\WIZ550io\Web_Server\build\/lib_duemilanove328_16.a(Ethernet.cpp.o)
 .bss._ZL11INADDR_NONE
                0x00800302        0x6 E:\Github for wgindows\WIZ550io\Web_Server\build\/lib_duemilanove328_16.a(EthernetClient.cpp.o)
 .bss._ZL11INADDR_NONE
                0x00800308        0x6 E:\Github for wgindows\WIZ550io\Web_Server\build\/lib_duemilanove328_16.a(EthernetUdp.cpp.o)
 .bss._ZL10local_port
                0x0080030e        0x2 E:\Github for wgindows\WIZ550io\Web_Server\build\/lib_duemilanove328_16.a(socket.cpp.o)
 .bss.W5100     0x00800310        0x1 E:\Github for wgindows\WIZ550io\Web_Server\build\/lib_duemilanove328_16.a(w5500.cpp.o)
                0x00800310                W5100
 .bss._ZL11INADDR_NONE
                0x00800311        0x6 E:\Github for wgindows\WIZ550io\Web_Server\build\/lib_duemilanove328_16.a(Dhcp.cpp.o)
 .bss._ZL11INADDR_NONE
                0x00800317        0x6 E:\Github for wgindows\WIZ550io\Web_Server\build\/lib_duemilanove328_16.a(Dns.cpp.o)
 .bss.rx_buffer
                0x0080031d       0x44 E:\Github for wgindows\WIZ550io\Web_Server\build\/core_duemilanove328_16.a(HardwareSerial.cpp.o)
                0x0080031d                rx_buffer
 .bss.tx_buffer
                0x00800361       0x44 E:\Github for wgindows\WIZ550io\Web_Server\build\/core_duemilanove328_16.a(HardwareSerial.cpp.o)
                0x00800361                tx_buffer
 .bss.Serial    0x008003a5       0x22 E:\Github for wgindows\WIZ550io\Web_Server\build\/core_duemilanove328_16.a(HardwareSerial.cpp.o)
                0x008003a5                Serial
 .bss._ZL11INADDR_NONE
                0x008003c7        0x6 E:\Github for wgindows\WIZ550io\Web_Server\build\/core_duemilanove328_16.a(IPAddress.cpp.o)
 .bss.timer0_overflow_count
                0x008003cd        0x4 E:\Github for wgindows\WIZ550io\Web_Server\build\/core_duemilanove328_16.a(wiring.c.o)
                0x008003cd                timer0_overflow_count
 .bss.timer0_millis
                0x008003d1        0x4 E:\Github for wgindows\WIZ550io\Web_Server\build\/core_duemilanove328_16.a(wiring.c.o)
                0x008003d1                timer0_millis
 .bss.timer0_fract
                0x008003d5        0x1 E:\Github for wgindows\WIZ550io\Web_Server\build\/core_duemilanove328_16.a(wiring.c.o)
 *(COMMON)
 COMMON         0x008003d6        0x4 e:/codeblocks-arduino baru/codeblocks/bin/../lib/gcc/avr/4.3.3/../../../../avr/lib/avr5\libc.a(malloc.o)
                0x008003d6                __brkval
                0x008003d8                __flp
                0x008003da                PROVIDE (__bss_end, .)
                0x00003aa4                __data_load_start = LOADADDR (.data)
                0x00003c6a                __data_load_end = (__data_load_start + SIZEOF (.data))

.noinit         0x008003da        0x0
                0x008003da                PROVIDE (__noinit_start, .)
 *(.noinit*)
                0x008003da                PROVIDE (__noinit_end, .)
                0x008003da                _end = .
                0x008003da                PROVIDE (__heap_start, .)

.eeprom         0x00810000        0x0
 *(.eeprom*)
                0x00810000                __eeprom_end = .

.fuse
 *(.fuse)
 *(.lfuse)
 *(.hfuse)
 *(.efuse)

.lock
 *(.lock*)

.signature
 *(.signature*)

.stab
 *(.stab)

.stabstr
 *(.stabstr)

.stab.excl
 *(.stab.excl)

.stab.exclstr
 *(.stab.exclstr)

.stab.index
 *(.stab.index)

.stab.indexstr
 *(.stab.indexstr)

.comment
 *(.comment)

.debug
 *(.debug)

.line
 *(.line)

.debug_srcinfo
 *(.debug_srcinfo)

.debug_sfnames
 *(.debug_sfnames)

.debug_aranges
 *(.debug_aranges)

.debug_pubnames
 *(.debug_pubnames)

.debug_info
 *(.debug_info)
 *(.gnu.linkonce.wi.*)

.debug_abbrev
 *(.debug_abbrev)

.debug_line
 *(.debug_line)

.debug_frame
 *(.debug_frame)

.debug_str
 *(.debug_str)

.debug_loc
 *(.debug_loc)

.debug_macinfo
 *(.debug_macinfo)
OUTPUT(build\xively_client_duemilanove328.elf elf32-avr)
LOAD linker stubs

Cross Reference Table

Symbol                                            File
DNSClient::BuildRequest(char const*)              E:\Github for wgindows\WIZ550io\Web_Server\build\/lib_duemilanove328_16.a(Dns.cpp.o)
DNSClient::ProcessResponse(unsigned int, IPAddress&) E:\Github for wgindows\WIZ550io\Web_Server\build\/lib_duemilanove328_16.a(Dns.cpp.o)
DNSClient::begin(IPAddress const&)                E:\Github for wgindows\WIZ550io\Web_Server\build\/lib_duemilanove328_16.a(Dns.cpp.o)
                                                  E:\Github for wgindows\WIZ550io\Web_Server\build\/lib_duemilanove328_16.a(EthernetUdp.cpp.o)
                                                  E:\Github for wgindows\WIZ550io\Web_Server\build\/lib_duemilanove328_16.a(EthernetClient.cpp.o)
DNSClient::getHostByName(char const*, IPAddress&) E:\Github for wgindows\WIZ550io\Web_Server\build\/lib_duemilanove328_16.a(Dns.cpp.o)
                                                  E:\Github for wgindows\WIZ550io\Web_Server\build\/lib_duemilanove328_16.a(EthernetUdp.cpp.o)
                                                  E:\Github for wgindows\WIZ550io\Web_Server\build\/lib_duemilanove328_16.a(EthernetClient.cpp.o)
DNSClient::inet_aton(char const*, IPAddress&)     E:\Github for wgindows\WIZ550io\Web_Server\build\/lib_duemilanove328_16.a(Dns.cpp.o)
DhcpClass::beginWithDHCP(unsigned char*, unsigned long, unsigned long) E:\Github for wgindows\WIZ550io\Web_Server\build\/lib_duemilanove328_16.a(Dhcp.cpp.o)
                                                  E:\Github for wgindows\WIZ550io\Web_Server\build\/lib_duemilanove328_16.a(Ethernet.cpp.o)
DhcpClass::checkLease()                           E:\Github for wgindows\WIZ550io\Web_Server\build\/lib_duemilanove328_16.a(Dhcp.cpp.o)
                                                  E:\Github for wgindows\WIZ550io\Web_Server\build\/lib_duemilanove328_16.a(Ethernet.cpp.o)
DhcpClass::getDhcpServerIp()                      E:\Github for wgindows\WIZ550io\Web_Server\build\/lib_duemilanove328_16.a(Dhcp.cpp.o)
DhcpClass::getDnsServerIp()                       E:\Github for wgindows\WIZ550io\Web_Server\build\/lib_duemilanove328_16.a(Dhcp.cpp.o)
                                                  E:\Github for wgindows\WIZ550io\Web_Server\build\/lib_duemilanove328_16.a(Ethernet.cpp.o)
DhcpClass::getGatewayIp()                         E:\Github for wgindows\WIZ550io\Web_Server\build\/lib_duemilanove328_16.a(Dhcp.cpp.o)
                                                  E:\Github for wgindows\WIZ550io\Web_Server\build\/lib_duemilanove328_16.a(Ethernet.cpp.o)
DhcpClass::getLocalIp()                           E:\Github for wgindows\WIZ550io\Web_Server\build\/lib_duemilanove328_16.a(Dhcp.cpp.o)
                                                  E:\Github for wgindows\WIZ550io\Web_Server\build\/lib_duemilanove328_16.a(Ethernet.cpp.o)
DhcpClass::getSubnetMask()                        E:\Github for wgindows\WIZ550io\Web_Server\build\/lib_duemilanove328_16.a(Dhcp.cpp.o)
                                                  E:\Github for wgindows\WIZ550io\Web_Server\build\/lib_duemilanove328_16.a(Ethernet.cpp.o)
DhcpClass::parseDHCPResponse(unsigned long, unsigned long&) E:\Github for wgindows\WIZ550io\Web_Server\build\/lib_duemilanove328_16.a(Dhcp.cpp.o)
DhcpClass::presend_DHCP()                         E:\Github for wgindows\WIZ550io\Web_Server\build\/lib_duemilanove328_16.a(Dhcp.cpp.o)
DhcpClass::printByte(char*, unsigned char)        E:\Github for wgindows\WIZ550io\Web_Server\build\/lib_duemilanove328_16.a(Dhcp.cpp.o)
DhcpClass::request_DHCP_lease()                   E:\Github for wgindows\WIZ550io\Web_Server\build\/lib_duemilanove328_16.a(Dhcp.cpp.o)
DhcpClass::reset_DHCP_lease()                     E:\Github for wgindows\WIZ550io\Web_Server\build\/lib_duemilanove328_16.a(Dhcp.cpp.o)
DhcpClass::send_DHCP_MESSAGE(unsigned char, unsigned int) E:\Github for wgindows\WIZ550io\Web_Server\build\/lib_duemilanove328_16.a(Dhcp.cpp.o)
Ethernet                                          E:\Github for wgindows\WIZ550io\Web_Server\build\/lib_duemilanove328_16.a(Ethernet.cpp.o)
                                                  E:\Github for wgindows\WIZ550io\Web_Server\build\/lib_duemilanove328_16.a(EthernetUdp.cpp.o)
                                                  E:\Github for wgindows\WIZ550io\Web_Server\build\/lib_duemilanove328_16.a(EthernetClient.cpp.o)
                                                  build\xively_client.o
EthernetClass::_server_port                       E:\Github for wgindows\WIZ550io\Web_Server\build\/lib_duemilanove328_16.a(Ethernet.cpp.o)
                                                  E:\Github for wgindows\WIZ550io\Web_Server\build\/lib_duemilanove328_16.a(EthernetUdp.cpp.o)
                                                  E:\Github for wgindows\WIZ550io\Web_Server\build\/lib_duemilanove328_16.a(EthernetClient.cpp.o)
EthernetClass::_state                             E:\Github for wgindows\WIZ550io\Web_Server\build\/lib_duemilanove328_16.a(Ethernet.cpp.o)
EthernetClass::begin()                            E:\Github for wgindows\WIZ550io\Web_Server\build\/lib_duemilanove328_16.a(Ethernet.cpp.o)
                                                  build\xively_client.o
EthernetClass::begin(IPAddress)                   E:\Github for wgindows\WIZ550io\Web_Server\build\/lib_duemilanove328_16.a(Ethernet.cpp.o)
                                                  build\xively_client.o
EthernetClass::begin(IPAddress, IPAddress)        E:\Github for wgindows\WIZ550io\Web_Server\build\/lib_duemilanove328_16.a(Ethernet.cpp.o)
EthernetClass::begin(IPAddress, IPAddress, IPAddress) E:\Github for wgindows\WIZ550io\Web_Server\build\/lib_duemilanove328_16.a(Ethernet.cpp.o)
EthernetClass::begin(IPAddress, IPAddress, IPAddress, IPAddress) E:\Github for wgindows\WIZ550io\Web_Server\build\/lib_duemilanove328_16.a(Ethernet.cpp.o)
EthernetClass::begin(unsigned char*)              E:\Github for wgindows\WIZ550io\Web_Server\build\/lib_duemilanove328_16.a(Ethernet.cpp.o)
EthernetClass::begin(unsigned char*, IPAddress)   E:\Github for wgindows\WIZ550io\Web_Server\build\/lib_duemilanove328_16.a(Ethernet.cpp.o)
EthernetClass::begin(unsigned char*, IPAddress, IPAddress) E:\Github for wgindows\WIZ550io\Web_Server\build\/lib_duemilanove328_16.a(Ethernet.cpp.o)
EthernetClass::begin(unsigned char*, IPAddress, IPAddress, IPAddress) E:\Github for wgindows\WIZ550io\Web_Server\build\/lib_duemilanove328_16.a(Ethernet.cpp.o)
EthernetClass::begin(unsigned char*, IPAddress, IPAddress, IPAddress, IPAddress) E:\Github for wgindows\WIZ550io\Web_Server\build\/lib_duemilanove328_16.a(Ethernet.cpp.o)
EthernetClass::dnsServerIP()                      E:\Github for wgindows\WIZ550io\Web_Server\build\/lib_duemilanove328_16.a(Ethernet.cpp.o)
                                                  E:\Github for wgindows\WIZ550io\Web_Server\build\/lib_duemilanove328_16.a(EthernetUdp.cpp.o)
                                                  E:\Github for wgindows\WIZ550io\Web_Server\build\/lib_duemilanove328_16.a(EthernetClient.cpp.o)
EthernetClass::gatewayIP()                        E:\Github for wgindows\WIZ550io\Web_Server\build\/lib_duemilanove328_16.a(Ethernet.cpp.o)
EthernetClass::localIP()                          E:\Github for wgindows\WIZ550io\Web_Server\build\/lib_duemilanove328_16.a(Ethernet.cpp.o)
                                                  build\xively_client.o
EthernetClass::maintain()                         E:\Github for wgindows\WIZ550io\Web_Server\build\/lib_duemilanove328_16.a(Ethernet.cpp.o)
EthernetClass::subnetMask()                       E:\Github for wgindows\WIZ550io\Web_Server\build\/lib_duemilanove328_16.a(Ethernet.cpp.o)
EthernetClient::EthernetClient()                  E:\Github for wgindows\WIZ550io\Web_Server\build\/lib_duemilanove328_16.a(EthernetClient.cpp.o)
EthernetClient::EthernetClient()                  E:\Github for wgindows\WIZ550io\Web_Server\build\/lib_duemilanove328_16.a(EthernetClient.cpp.o)
                                                  build\xively_client.o
EthernetClient::EthernetClient(unsigned char)     E:\Github for wgindows\WIZ550io\Web_Server\build\/lib_duemilanove328_16.a(EthernetClient.cpp.o)
EthernetClient::EthernetClient(unsigned char)     E:\Github for wgindows\WIZ550io\Web_Server\build\/lib_duemilanove328_16.a(EthernetClient.cpp.o)
EthernetClient::_srcport                          E:\Github for wgindows\WIZ550io\Web_Server\build\/lib_duemilanove328_16.a(EthernetClient.cpp.o)
EthernetClient::available()                       E:\Github for wgindows\WIZ550io\Web_Server\build\/lib_duemilanove328_16.a(EthernetClient.cpp.o)
                                                  build\xively_client.o
EthernetClient::connect(IPAddress, unsigned int)  E:\Github for wgindows\WIZ550io\Web_Server\build\/lib_duemilanove328_16.a(EthernetClient.cpp.o)
EthernetClient::connect(char const*, unsigned int) E:\Github for wgindows\WIZ550io\Web_Server\build\/lib_duemilanove328_16.a(EthernetClient.cpp.o)
                                                  build\xively_client.o
EthernetClient::connected()                       E:\Github for wgindows\WIZ550io\Web_Server\build\/lib_duemilanove328_16.a(EthernetClient.cpp.o)
                                                  build\xively_client.o
EthernetClient::flush()                           E:\Github for wgindows\WIZ550io\Web_Server\build\/lib_duemilanove328_16.a(EthernetClient.cpp.o)
EthernetClient::operator bool()                   E:\Github for wgindows\WIZ550io\Web_Server\build\/lib_duemilanove328_16.a(EthernetClient.cpp.o)
EthernetClient::peek()                            E:\Github for wgindows\WIZ550io\Web_Server\build\/lib_duemilanove328_16.a(EthernetClient.cpp.o)
EthernetClient::read()                            E:\Github for wgindows\WIZ550io\Web_Server\build\/lib_duemilanove328_16.a(EthernetClient.cpp.o)
                                                  build\xively_client.o
EthernetClient::read(unsigned char*, unsigned int) E:\Github for wgindows\WIZ550io\Web_Server\build\/lib_duemilanove328_16.a(EthernetClient.cpp.o)
EthernetClient::status()                          E:\Github for wgindows\WIZ550io\Web_Server\build\/lib_duemilanove328_16.a(EthernetClient.cpp.o)
EthernetClient::stop()                            E:\Github for wgindows\WIZ550io\Web_Server\build\/lib_duemilanove328_16.a(EthernetClient.cpp.o)
                                                  build\xively_client.o
EthernetClient::write(unsigned char const*, unsigned int) E:\Github for wgindows\WIZ550io\Web_Server\build\/lib_duemilanove328_16.a(EthernetClient.cpp.o)
EthernetClient::write(unsigned char)              E:\Github for wgindows\WIZ550io\Web_Server\build\/lib_duemilanove328_16.a(EthernetClient.cpp.o)
EthernetUDP::EthernetUDP()                        E:\Github for wgindows\WIZ550io\Web_Server\build\/lib_duemilanove328_16.a(EthernetUdp.cpp.o)
                                                  E:\Github for wgindows\WIZ550io\Web_Server\build\/lib_duemilanove328_16.a(EthernetClient.cpp.o)
                                                  E:\Github for wgindows\WIZ550io\Web_Server\build\/lib_duemilanove328_16.a(Ethernet.cpp.o)
EthernetUDP::EthernetUDP()                        E:\Github for wgindows\WIZ550io\Web_Server\build\/lib_duemilanove328_16.a(EthernetUdp.cpp.o)
EthernetUDP::available()                          E:\Github for wgindows\WIZ550io\Web_Server\build\/lib_duemilanove328_16.a(EthernetUdp.cpp.o)
                                                  E:\Github for wgindows\WIZ550io\Web_Server\build\/lib_duemilanove328_16.a(Dns.cpp.o)
                                                  E:\Github for wgindows\WIZ550io\Web_Server\build\/lib_duemilanove328_16.a(Dhcp.cpp.o)
EthernetUDP::begin(unsigned int)                  E:\Github for wgindows\WIZ550io\Web_Server\build\/lib_duemilanove328_16.a(EthernetUdp.cpp.o)
                                                  E:\Github for wgindows\WIZ550io\Web_Server\build\/lib_duemilanove328_16.a(Dns.cpp.o)
                                                  E:\Github for wgindows\WIZ550io\Web_Server\build\/lib_duemilanove328_16.a(Dhcp.cpp.o)
EthernetUDP::beginPacket(IPAddress, unsigned int) E:\Github for wgindows\WIZ550io\Web_Server\build\/lib_duemilanove328_16.a(EthernetUdp.cpp.o)
                                                  E:\Github for wgindows\WIZ550io\Web_Server\build\/lib_duemilanove328_16.a(Dns.cpp.o)
                                                  E:\Github for wgindows\WIZ550io\Web_Server\build\/lib_duemilanove328_16.a(Dhcp.cpp.o)
EthernetUDP::beginPacket(char const*, unsigned int) E:\Github for wgindows\WIZ550io\Web_Server\build\/lib_duemilanove328_16.a(EthernetUdp.cpp.o)
EthernetUDP::endPacket()                          E:\Github for wgindows\WIZ550io\Web_Server\build\/lib_duemilanove328_16.a(EthernetUdp.cpp.o)
                                                  E:\Github for wgindows\WIZ550io\Web_Server\build\/lib_duemilanove328_16.a(Dns.cpp.o)
                                                  E:\Github for wgindows\WIZ550io\Web_Server\build\/lib_duemilanove328_16.a(Dhcp.cpp.o)
EthernetUDP::flush()                              E:\Github for wgindows\WIZ550io\Web_Server\build\/lib_duemilanove328_16.a(EthernetUdp.cpp.o)
                                                  E:\Github for wgindows\WIZ550io\Web_Server\build\/lib_duemilanove328_16.a(Dns.cpp.o)
                                                  E:\Github for wgindows\WIZ550io\Web_Server\build\/lib_duemilanove328_16.a(Dhcp.cpp.o)
EthernetUDP::parsePacket()                        E:\Github for wgindows\WIZ550io\Web_Server\build\/lib_duemilanove328_16.a(EthernetUdp.cpp.o)
                                                  E:\Github for wgindows\WIZ550io\Web_Server\build\/lib_duemilanove328_16.a(Dns.cpp.o)
                                                  E:\Github for wgindows\WIZ550io\Web_Server\build\/lib_duemilanove328_16.a(Dhcp.cpp.o)
EthernetUDP::peek()                               E:\Github for wgindows\WIZ550io\Web_Server\build\/lib_duemilanove328_16.a(EthernetUdp.cpp.o)
EthernetUDP::read()                               E:\Github for wgindows\WIZ550io\Web_Server\build\/lib_duemilanove328_16.a(EthernetUdp.cpp.o)
                                                  E:\Github for wgindows\WIZ550io\Web_Server\build\/lib_duemilanove328_16.a(Dns.cpp.o)
                                                  E:\Github for wgindows\WIZ550io\Web_Server\build\/lib_duemilanove328_16.a(Dhcp.cpp.o)
EthernetUDP::read(char*, unsigned int)            E:\Github for wgindows\WIZ550io\Web_Server\build\/lib_duemilanove328_16.a(EthernetUdp.cpp.o)
EthernetUDP::read(unsigned char*, unsigned int)   E:\Github for wgindows\WIZ550io\Web_Server\build\/lib_duemilanove328_16.a(EthernetUdp.cpp.o)
                                                  E:\Github for wgindows\WIZ550io\Web_Server\build\/lib_duemilanove328_16.a(Dns.cpp.o)
                                                  E:\Github for wgindows\WIZ550io\Web_Server\build\/lib_duemilanove328_16.a(Dhcp.cpp.o)
EthernetUDP::remoteIP()                           E:\Github for wgindows\WIZ550io\Web_Server\build\/lib_duemilanove328_16.a(EthernetUdp.cpp.o)
EthernetUDP::remotePort()                         E:\Github for wgindows\WIZ550io\Web_Server\build\/lib_duemilanove328_16.a(EthernetUdp.cpp.o)
EthernetUDP::stop()                               E:\Github for wgindows\WIZ550io\Web_Server\build\/lib_duemilanove328_16.a(EthernetUdp.cpp.o)
                                                  E:\Github for wgindows\WIZ550io\Web_Server\build\/lib_duemilanove328_16.a(Dns.cpp.o)
                                                  E:\Github for wgindows\WIZ550io\Web_Server\build\/lib_duemilanove328_16.a(Dhcp.cpp.o)
EthernetUDP::write(unsigned char const*, unsigned int) E:\Github for wgindows\WIZ550io\Web_Server\build\/lib_duemilanove328_16.a(EthernetUdp.cpp.o)
                                                  E:\Github for wgindows\WIZ550io\Web_Server\build\/lib_duemilanove328_16.a(Dns.cpp.o)
                                                  E:\Github for wgindows\WIZ550io\Web_Server\build\/lib_duemilanove328_16.a(Dhcp.cpp.o)
EthernetUDP::write(unsigned char)                 E:\Github for wgindows\WIZ550io\Web_Server\build\/lib_duemilanove328_16.a(EthernetUdp.cpp.o)
HardwareSerial::HardwareSerial(ring_buffer*, ring_buffer*, unsigned char volatile*, unsigned char volatile*, unsigned char volatile*, unsigned char volatile*, unsigned char volatile*, unsigned char volatile*, unsigned char, unsigned char, unsigned char, unsigned char, unsigned char) E:\Github for wgindows\WIZ550io\Web_Server\build\/core_duemilanove328_16.a(HardwareSerial.cpp.o)
HardwareSerial::HardwareSerial(ring_buffer*, ring_buffer*, unsigned char volatile*, unsigned char volatile*, unsigned char volatile*, unsigned char volatile*, unsigned char volatile*, unsigned char volatile*, unsigned char, unsigned char, unsigned char, unsigned char, unsigned char) E:\Github for wgindows\WIZ550io\Web_Server\build\/core_duemilanove328_16.a(HardwareSerial.cpp.o)
HardwareSerial::available()                       E:\Github for wgindows\WIZ550io\Web_Server\build\/core_duemilanove328_16.a(HardwareSerial.cpp.o)
HardwareSerial::begin(unsigned long)              E:\Github for wgindows\WIZ550io\Web_Server\build\/core_duemilanove328_16.a(HardwareSerial.cpp.o)
                                                  build\xively_client.o
HardwareSerial::begin(unsigned long, unsigned char) E:\Github for wgindows\WIZ550io\Web_Server\build\/core_duemilanove328_16.a(HardwareSerial.cpp.o)
HardwareSerial::end()                             E:\Github for wgindows\WIZ550io\Web_Server\build\/core_duemilanove328_16.a(HardwareSerial.cpp.o)
HardwareSerial::flush()                           E:\Github for wgindows\WIZ550io\Web_Server\build\/core_duemilanove328_16.a(HardwareSerial.cpp.o)
HardwareSerial::operator bool()                   E:\Github for wgindows\WIZ550io\Web_Server\build\/core_duemilanove328_16.a(HardwareSerial.cpp.o)
HardwareSerial::peek()                            E:\Github for wgindows\WIZ550io\Web_Server\build\/core_duemilanove328_16.a(HardwareSerial.cpp.o)
HardwareSerial::read()                            E:\Github for wgindows\WIZ550io\Web_Server\build\/core_duemilanove328_16.a(HardwareSerial.cpp.o)
HardwareSerial::write(unsigned char)              E:\Github for wgindows\WIZ550io\Web_Server\build\/core_duemilanove328_16.a(HardwareSerial.cpp.o)
IPAddress::IPAddress()                            E:\Github for wgindows\WIZ550io\Web_Server\build\/core_duemilanove328_16.a(IPAddress.cpp.o)
                                                  E:\Github for wgindows\WIZ550io\Web_Server\build\/lib_duemilanove328_16.a(EthernetUdp.cpp.o)
                                                  E:\Github for wgindows\WIZ550io\Web_Server\build\/lib_duemilanove328_16.a(EthernetClient.cpp.o)
                                                  E:\Github for wgindows\WIZ550io\Web_Server\build\/lib_duemilanove328_16.a(Ethernet.cpp.o)
IPAddress::IPAddress()                            E:\Github for wgindows\WIZ550io\Web_Server\build\/core_duemilanove328_16.a(IPAddress.cpp.o)
IPAddress::IPAddress(unsigned char const*)        E:\Github for wgindows\WIZ550io\Web_Server\build\/core_duemilanove328_16.a(IPAddress.cpp.o)
IPAddress::IPAddress(unsigned char const*)        E:\Github for wgindows\WIZ550io\Web_Server\build\/core_duemilanove328_16.a(IPAddress.cpp.o)
                                                  E:\Github for wgindows\WIZ550io\Web_Server\build\/lib_duemilanove328_16.a(Dhcp.cpp.o)
IPAddress::IPAddress(unsigned char, unsigned char, unsigned char, unsigned char) E:\Github for wgindows\WIZ550io\Web_Server\build\/core_duemilanove328_16.a(IPAddress.cpp.o)
IPAddress::IPAddress(unsigned char, unsigned char, unsigned char, unsigned char) E:\Github for wgindows\WIZ550io\Web_Server\build\/core_duemilanove328_16.a(IPAddress.cpp.o)
                                                  E:\Github for wgindows\WIZ550io\Web_Server\build\/lib_duemilanove328_16.a(Dns.cpp.o)
                                                  E:\Github for wgindows\WIZ550io\Web_Server\build\/lib_duemilanove328_16.a(Dhcp.cpp.o)
                                                  E:\Github for wgindows\WIZ550io\Web_Server\build\/lib_duemilanove328_16.a(EthernetUdp.cpp.o)
                                                  E:\Github for wgindows\WIZ550io\Web_Server\build\/lib_duemilanove328_16.a(EthernetClient.cpp.o)
                                                  E:\Github for wgindows\WIZ550io\Web_Server\build\/lib_duemilanove328_16.a(Ethernet.cpp.o)
                                                  build\xively_client.o
IPAddress::IPAddress(unsigned long)               E:\Github for wgindows\WIZ550io\Web_Server\build\/core_duemilanove328_16.a(IPAddress.cpp.o)
IPAddress::IPAddress(unsigned long)               E:\Github for wgindows\WIZ550io\Web_Server\build\/core_duemilanove328_16.a(IPAddress.cpp.o)
IPAddress::operator=(unsigned char const*)        E:\Github for wgindows\WIZ550io\Web_Server\build\/core_duemilanove328_16.a(IPAddress.cpp.o)
                                                  E:\Github for wgindows\WIZ550io\Web_Server\build\/lib_duemilanove328_16.a(EthernetUdp.cpp.o)
IPAddress::operator=(unsigned long)               E:\Github for wgindows\WIZ550io\Web_Server\build\/core_duemilanove328_16.a(IPAddress.cpp.o)
IPAddress::operator==(unsigned char const*)       E:\Github for wgindows\WIZ550io\Web_Server\build\/core_duemilanove328_16.a(IPAddress.cpp.o)
IPAddress::printTo(Print&) const                  E:\Github for wgindows\WIZ550io\Web_Server\build\/core_duemilanove328_16.a(IPAddress.cpp.o)
Print::print(Printable const&)                    E:\Github for wgindows\WIZ550io\Web_Server\build\/core_duemilanove328_16.a(Print.cpp.o)
Print::print(String const&)                       E:\Github for wgindows\WIZ550io\Web_Server\build\/core_duemilanove328_16.a(Print.cpp.o)
Print::print(__FlashStringHelper const*)          E:\Github for wgindows\WIZ550io\Web_Server\build\/core_duemilanove328_16.a(Print.cpp.o)
Print::print(char const*)                         E:\Github for wgindows\WIZ550io\Web_Server\build\/core_duemilanove328_16.a(Print.cpp.o)
                                                  build\xively_client.o
Print::print(char)                                E:\Github for wgindows\WIZ550io\Web_Server\build\/core_duemilanove328_16.a(Print.cpp.o)
                                                  E:\Github for wgindows\WIZ550io\Web_Server\build\/core_duemilanove328_16.a(IPAddress.cpp.o)
                                                  build\xively_client.o
Print::print(double, int)                         E:\Github for wgindows\WIZ550io\Web_Server\build\/core_duemilanove328_16.a(Print.cpp.o)
Print::print(int, int)                            E:\Github for wgindows\WIZ550io\Web_Server\build\/core_duemilanove328_16.a(Print.cpp.o)
Print::print(long, int)                           E:\Github for wgindows\WIZ550io\Web_Server\build\/core_duemilanove328_16.a(Print.cpp.o)
                                                  build\xively_client.o
Print::print(unsigned char, int)                  E:\Github for wgindows\WIZ550io\Web_Server\build\/core_duemilanove328_16.a(Print.cpp.o)
                                                  E:\Github for wgindows\WIZ550io\Web_Server\build\/core_duemilanove328_16.a(IPAddress.cpp.o)
Print::print(unsigned int, int)                   E:\Github for wgindows\WIZ550io\Web_Server\build\/core_duemilanove328_16.a(Print.cpp.o)
Print::print(unsigned long, int)                  E:\Github for wgindows\WIZ550io\Web_Server\build\/core_duemilanove328_16.a(Print.cpp.o)
Print::printFloat(double, unsigned char)          E:\Github for wgindows\WIZ550io\Web_Server\build\/core_duemilanove328_16.a(Print.cpp.o)
Print::printNumber(unsigned long, unsigned char)  E:\Github for wgindows\WIZ550io\Web_Server\build\/core_duemilanove328_16.a(Print.cpp.o)
Print::println()                                  E:\Github for wgindows\WIZ550io\Web_Server\build\/core_duemilanove328_16.a(Print.cpp.o)
                                                  build\xively_client.o
Print::println(Printable const&)                  E:\Github for wgindows\WIZ550io\Web_Server\build\/core_duemilanove328_16.a(Print.cpp.o)
                                                  build\xively_client.o
Print::println(String const&)                     E:\Github for wgindows\WIZ550io\Web_Server\build\/core_duemilanove328_16.a(Print.cpp.o)
Print::println(__FlashStringHelper const*)        E:\Github for wgindows\WIZ550io\Web_Server\build\/core_duemilanove328_16.a(Print.cpp.o)
Print::println(char const*)                       E:\Github for wgindows\WIZ550io\Web_Server\build\/core_duemilanove328_16.a(Print.cpp.o)
                                                  build\xively_client.o
Print::println(char)                              E:\Github for wgindows\WIZ550io\Web_Server\build\/core_duemilanove328_16.a(Print.cpp.o)
Print::println(double, int)                       E:\Github for wgindows\WIZ550io\Web_Server\build\/core_duemilanove328_16.a(Print.cpp.o)
Print::println(int, int)                          E:\Github for wgindows\WIZ550io\Web_Server\build\/core_duemilanove328_16.a(Print.cpp.o)
                                                  build\xively_client.o
Print::println(long, int)                         E:\Github for wgindows\WIZ550io\Web_Server\build\/core_duemilanove328_16.a(Print.cpp.o)
Print::println(unsigned char, int)                E:\Github for wgindows\WIZ550io\Web_Server\build\/core_duemilanove328_16.a(Print.cpp.o)
Print::println(unsigned int, int)                 E:\Github for wgindows\WIZ550io\Web_Server\build\/core_duemilanove328_16.a(Print.cpp.o)
Print::println(unsigned long, int)                E:\Github for wgindows\WIZ550io\Web_Server\build\/core_duemilanove328_16.a(Print.cpp.o)
Print::write(char const*)                         E:\Github for wgindows\WIZ550io\Web_Server\build\/core_duemilanove328_16.a(Print.cpp.o)
Print::write(unsigned char const*, unsigned int)  E:\Github for wgindows\WIZ550io\Web_Server\build\/core_duemilanove328_16.a(Print.cpp.o)
                                                  E:\Github for wgindows\WIZ550io\Web_Server\build\/core_duemilanove328_16.a(HardwareSerial.cpp.o)
                                                  E:\Github for wgindows\WIZ550io\Web_Server\build\/lib_duemilanove328_16.a(EthernetUdp.cpp.o)
                                                  E:\Github for wgindows\WIZ550io\Web_Server\build\/lib_duemilanove328_16.a(EthernetClient.cpp.o)
SPI                                               E:\Github for wgindows\WIZ550io\Web_Server\build\/lib_duemilanove328_16.a(SPI.cpp.o)
SPIClass::begin()                                 E:\Github for wgindows\WIZ550io\Web_Server\build\/lib_duemilanove328_16.a(SPI.cpp.o)
                                                  E:\Github for wgindows\WIZ550io\Web_Server\build\/lib_duemilanove328_16.a(w5500.cpp.o)
SPIClass::end()                                   E:\Github for wgindows\WIZ550io\Web_Server\build\/lib_duemilanove328_16.a(SPI.cpp.o)
SPIClass::setBitOrder(unsigned char)              E:\Github for wgindows\WIZ550io\Web_Server\build\/lib_duemilanove328_16.a(SPI.cpp.o)
SPIClass::setClockDivider(unsigned char)          E:\Github for wgindows\WIZ550io\Web_Server\build\/lib_duemilanove328_16.a(SPI.cpp.o)
SPIClass::setDataMode(unsigned char)              E:\Github for wgindows\WIZ550io\Web_Server\build\/lib_duemilanove328_16.a(SPI.cpp.o)
Serial                                            E:\Github for wgindows\WIZ550io\Web_Server\build\/core_duemilanove328_16.a(HardwareSerial.cpp.o)
                                                  build\xively_client.o
String::String(String const&)                     E:\Github for wgindows\WIZ550io\Web_Server\build\/core_duemilanove328_16.a(WString.cpp.o)
String::String(String const&)                     E:\Github for wgindows\WIZ550io\Web_Server\build\/core_duemilanove328_16.a(WString.cpp.o)
String::String(char const*)                       E:\Github for wgindows\WIZ550io\Web_Server\build\/core_duemilanove328_16.a(WString.cpp.o)
String::String(char const*)                       E:\Github for wgindows\WIZ550io\Web_Server\build\/core_duemilanove328_16.a(WString.cpp.o)
String::String(char)                              E:\Github for wgindows\WIZ550io\Web_Server\build\/core_duemilanove328_16.a(WString.cpp.o)
String::String(char)                              E:\Github for wgindows\WIZ550io\Web_Server\build\/core_duemilanove328_16.a(WString.cpp.o)
String::String(int, unsigned char)                E:\Github for wgindows\WIZ550io\Web_Server\build\/core_duemilanove328_16.a(WString.cpp.o)
String::String(int, unsigned char)                E:\Github for wgindows\WIZ550io\Web_Server\build\/core_duemilanove328_16.a(WString.cpp.o)
String::String(long, unsigned char)               E:\Github for wgindows\WIZ550io\Web_Server\build\/core_duemilanove328_16.a(WString.cpp.o)
String::String(long, unsigned char)               E:\Github for wgindows\WIZ550io\Web_Server\build\/core_duemilanove328_16.a(WString.cpp.o)
String::String(unsigned char, unsigned char)      E:\Github for wgindows\WIZ550io\Web_Server\build\/core_duemilanove328_16.a(WString.cpp.o)
String::String(unsigned char, unsigned char)      E:\Github for wgindows\WIZ550io\Web_Server\build\/core_duemilanove328_16.a(WString.cpp.o)
String::String(unsigned int, unsigned char)       E:\Github for wgindows\WIZ550io\Web_Server\build\/core_duemilanove328_16.a(WString.cpp.o)
String::String(unsigned int, unsigned char)       E:\Github for wgindows\WIZ550io\Web_Server\build\/core_duemilanove328_16.a(WString.cpp.o)
String::String(unsigned long, unsigned char)      E:\Github for wgindows\WIZ550io\Web_Server\build\/core_duemilanove328_16.a(WString.cpp.o)
String::String(unsigned long, unsigned char)      E:\Github for wgindows\WIZ550io\Web_Server\build\/core_duemilanove328_16.a(WString.cpp.o)
String::changeBuffer(unsigned int)                E:\Github for wgindows\WIZ550io\Web_Server\build\/core_duemilanove328_16.a(WString.cpp.o)
String::charAt(unsigned int) const                E:\Github for wgindows\WIZ550io\Web_Server\build\/core_duemilanove328_16.a(WString.cpp.o)
String::compareTo(String const&) const            E:\Github for wgindows\WIZ550io\Web_Server\build\/core_duemilanove328_16.a(WString.cpp.o)
String::concat(String const&)                     E:\Github for wgindows\WIZ550io\Web_Server\build\/core_duemilanove328_16.a(WString.cpp.o)
String::concat(char const*)                       E:\Github for wgindows\WIZ550io\Web_Server\build\/core_duemilanove328_16.a(WString.cpp.o)
String::concat(char const*, unsigned int)         E:\Github for wgindows\WIZ550io\Web_Server\build\/core_duemilanove328_16.a(WString.cpp.o)
String::concat(char)                              E:\Github for wgindows\WIZ550io\Web_Server\build\/core_duemilanove328_16.a(WString.cpp.o)
String::concat(int)                               E:\Github for wgindows\WIZ550io\Web_Server\build\/core_duemilanove328_16.a(WString.cpp.o)
String::concat(long)                              E:\Github for wgindows\WIZ550io\Web_Server\build\/core_duemilanove328_16.a(WString.cpp.o)
String::concat(unsigned char)                     E:\Github for wgindows\WIZ550io\Web_Server\build\/core_duemilanove328_16.a(WString.cpp.o)
String::concat(unsigned int)                      E:\Github for wgindows\WIZ550io\Web_Server\build\/core_duemilanove328_16.a(WString.cpp.o)
String::concat(unsigned long)                     E:\Github for wgindows\WIZ550io\Web_Server\build\/core_duemilanove328_16.a(WString.cpp.o)
String::copy(char const*, unsigned int)           E:\Github for wgindows\WIZ550io\Web_Server\build\/core_duemilanove328_16.a(WString.cpp.o)
String::endsWith(String const&) const             E:\Github for wgindows\WIZ550io\Web_Server\build\/core_duemilanove328_16.a(WString.cpp.o)
String::equals(String const&) const               E:\Github for wgindows\WIZ550io\Web_Server\build\/core_duemilanove328_16.a(WString.cpp.o)
String::equals(char const*) const                 E:\Github for wgindows\WIZ550io\Web_Server\build\/core_duemilanove328_16.a(WString.cpp.o)
String::equalsIgnoreCase(String const&) const     E:\Github for wgindows\WIZ550io\Web_Server\build\/core_duemilanove328_16.a(WString.cpp.o)
String::getBytes(unsigned char*, unsigned int, unsigned int) const E:\Github for wgindows\WIZ550io\Web_Server\build\/core_duemilanove328_16.a(WString.cpp.o)
String::indexOf(String const&) const              E:\Github for wgindows\WIZ550io\Web_Server\build\/core_duemilanove328_16.a(WString.cpp.o)
String::indexOf(String const&, unsigned int) const E:\Github for wgindows\WIZ550io\Web_Server\build\/core_duemilanove328_16.a(WString.cpp.o)
String::indexOf(char) const                       E:\Github for wgindows\WIZ550io\Web_Server\build\/core_duemilanove328_16.a(WString.cpp.o)
String::indexOf(char, unsigned int) const         E:\Github for wgindows\WIZ550io\Web_Server\build\/core_duemilanove328_16.a(WString.cpp.o)
String::invalidate()                              E:\Github for wgindows\WIZ550io\Web_Server\build\/core_duemilanove328_16.a(WString.cpp.o)
String::lastIndexOf(String const&) const          E:\Github for wgindows\WIZ550io\Web_Server\build\/core_duemilanove328_16.a(WString.cpp.o)
String::lastIndexOf(String const&, unsigned int) const E:\Github for wgindows\WIZ550io\Web_Server\build\/core_duemilanove328_16.a(WString.cpp.o)
String::lastIndexOf(char) const                   E:\Github for wgindows\WIZ550io\Web_Server\build\/core_duemilanove328_16.a(WString.cpp.o)
String::lastIndexOf(char, unsigned int) const     E:\Github for wgindows\WIZ550io\Web_Server\build\/core_duemilanove328_16.a(WString.cpp.o)
String::operator<(String const&) const            E:\Github for wgindows\WIZ550io\Web_Server\build\/core_duemilanove328_16.a(WString.cpp.o)
String::operator<=(String const&) const           E:\Github for wgindows\WIZ550io\Web_Server\build\/core_duemilanove328_16.a(WString.cpp.o)
String::operator=(String const&)                  E:\Github for wgindows\WIZ550io\Web_Server\build\/core_duemilanove328_16.a(WString.cpp.o)
String::operator=(char const*)                    E:\Github for wgindows\WIZ550io\Web_Server\build\/core_duemilanove328_16.a(WString.cpp.o)
String::operator>(String const&) const            E:\Github for wgindows\WIZ550io\Web_Server\build\/core_duemilanove328_16.a(WString.cpp.o)
String::operator>=(String const&) const           E:\Github for wgindows\WIZ550io\Web_Server\build\/core_duemilanove328_16.a(WString.cpp.o)
String::operator[](unsigned int)                  E:\Github for wgindows\WIZ550io\Web_Server\build\/core_duemilanove328_16.a(WString.cpp.o)
String::operator[](unsigned int) const            E:\Github for wgindows\WIZ550io\Web_Server\build\/core_duemilanove328_16.a(WString.cpp.o)
                                                  E:\Github for wgindows\WIZ550io\Web_Server\build\/core_duemilanove328_16.a(Print.cpp.o)
String::replace(String const&, String const&)     E:\Github for wgindows\WIZ550io\Web_Server\build\/core_duemilanove328_16.a(WString.cpp.o)
String::replace(char, char)                       E:\Github for wgindows\WIZ550io\Web_Server\build\/core_duemilanove328_16.a(WString.cpp.o)
String::reserve(unsigned int)                     E:\Github for wgindows\WIZ550io\Web_Server\build\/core_duemilanove328_16.a(WString.cpp.o)
String::setCharAt(unsigned int, char)             E:\Github for wgindows\WIZ550io\Web_Server\build\/core_duemilanove328_16.a(WString.cpp.o)
String::startsWith(String const&) const           E:\Github for wgindows\WIZ550io\Web_Server\build\/core_duemilanove328_16.a(WString.cpp.o)
String::startsWith(String const&, unsigned int) const E:\Github for wgindows\WIZ550io\Web_Server\build\/core_duemilanove328_16.a(WString.cpp.o)
String::substring(unsigned int) const             E:\Github for wgindows\WIZ550io\Web_Server\build\/core_duemilanove328_16.a(WString.cpp.o)
String::substring(unsigned int, unsigned int) const E:\Github for wgindows\WIZ550io\Web_Server\build\/core_duemilanove328_16.a(WString.cpp.o)
String::toInt() const                             E:\Github for wgindows\WIZ550io\Web_Server\build\/core_duemilanove328_16.a(WString.cpp.o)
String::toLowerCase()                             E:\Github for wgindows\WIZ550io\Web_Server\build\/core_duemilanove328_16.a(WString.cpp.o)
String::toUpperCase()                             E:\Github for wgindows\WIZ550io\Web_Server\build\/core_duemilanove328_16.a(WString.cpp.o)
String::trim()                                    E:\Github for wgindows\WIZ550io\Web_Server\build\/core_duemilanove328_16.a(WString.cpp.o)
String::~String()                                 E:\Github for wgindows\WIZ550io\Web_Server\build\/core_duemilanove328_16.a(WString.cpp.o)
String::~String()                                 E:\Github for wgindows\WIZ550io\Web_Server\build\/core_duemilanove328_16.a(WString.cpp.o)
W5100                                             E:\Github for wgindows\WIZ550io\Web_Server\build\/lib_duemilanove328_16.a(w5500.cpp.o)
                                                  E:\Github for wgindows\WIZ550io\Web_Server\build\/lib_duemilanove328_16.a(socket.cpp.o)
                                                  E:\Github for wgindows\WIZ550io\Web_Server\build\/lib_duemilanove328_16.a(EthernetUdp.cpp.o)
                                                  E:\Github for wgindows\WIZ550io\Web_Server\build\/lib_duemilanove328_16.a(EthernetClient.cpp.o)
                                                  E:\Github for wgindows\WIZ550io\Web_Server\build\/lib_duemilanove328_16.a(Ethernet.cpp.o)
W5500Class::execCmdSn(unsigned char, SockCMD)     E:\Github for wgindows\WIZ550io\Web_Server\build\/lib_duemilanove328_16.a(w5500.cpp.o)
                                                  E:\Github for wgindows\WIZ550io\Web_Server\build\/lib_duemilanove328_16.a(socket.cpp.o)
W5500Class::getRXReceivedSize(unsigned char)      E:\Github for wgindows\WIZ550io\Web_Server\build\/lib_duemilanove328_16.a(w5500.cpp.o)
                                                  E:\Github for wgindows\WIZ550io\Web_Server\build\/lib_duemilanove328_16.a(socket.cpp.o)
                                                  E:\Github for wgindows\WIZ550io\Web_Server\build\/lib_duemilanove328_16.a(EthernetUdp.cpp.o)
                                                  E:\Github for wgindows\WIZ550io\Web_Server\build\/lib_duemilanove328_16.a(EthernetClient.cpp.o)
W5500Class::getTXFreeSize(unsigned char)          E:\Github for wgindows\WIZ550io\Web_Server\build\/lib_duemilanove328_16.a(w5500.cpp.o)
                                                  E:\Github for wgindows\WIZ550io\Web_Server\build\/lib_duemilanove328_16.a(socket.cpp.o)
W5500Class::init()                                E:\Github for wgindows\WIZ550io\Web_Server\build\/lib_duemilanove328_16.a(w5500.cpp.o)
                                                  E:\Github for wgindows\WIZ550io\Web_Server\build\/lib_duemilanove328_16.a(Ethernet.cpp.o)
W5500Class::read(unsigned int, unsigned char)     E:\Github for wgindows\WIZ550io\Web_Server\build\/lib_duemilanove328_16.a(w5500.cpp.o)
                                                  E:\Github for wgindows\WIZ550io\Web_Server\build\/lib_duemilanove328_16.a(socket.cpp.o)
                                                  E:\Github for wgindows\WIZ550io\Web_Server\build\/lib_duemilanove328_16.a(EthernetUdp.cpp.o)
                                                  E:\Github for wgindows\WIZ550io\Web_Server\build\/lib_duemilanove328_16.a(EthernetClient.cpp.o)
W5500Class::read(unsigned int, unsigned char, unsigned char*, unsigned int) E:\Github for wgindows\WIZ550io\Web_Server\build\/lib_duemilanove328_16.a(w5500.cpp.o)
                                                  E:\Github for wgindows\WIZ550io\Web_Server\build\/lib_duemilanove328_16.a(Ethernet.cpp.o)
W5500Class::readSn(unsigned char, unsigned int)   E:\Github for wgindows\WIZ550io\Web_Server\build\/lib_duemilanove328_16.a(socket.cpp.o)
W5500Class::readSnRX_RSR(unsigned char)           E:\Github for wgindows\WIZ550io\Web_Server\build\/lib_duemilanove328_16.a(w5500.cpp.o)
W5500Class::readSnTX_FSR(unsigned char)           E:\Github for wgindows\WIZ550io\Web_Server\build\/lib_duemilanove328_16.a(w5500.cpp.o)
W5500Class::read_data(unsigned char, unsigned char volatile*, unsigned char volatile*, unsigned int) E:\Github for wgindows\WIZ550io\Web_Server\build\/lib_duemilanove328_16.a(w5500.cpp.o)
                                                  E:\Github for wgindows\WIZ550io\Web_Server\build\/lib_duemilanove328_16.a(socket.cpp.o)
W5500Class::recv_data_processing(unsigned char, unsigned char*, unsigned int, unsigned char) E:\Github for wgindows\WIZ550io\Web_Server\build\/lib_duemilanove328_16.a(w5500.cpp.o)
                                                  E:\Github for wgindows\WIZ550io\Web_Server\build\/lib_duemilanove328_16.a(socket.cpp.o)
W5500Class::send_data_processing(unsigned char, unsigned char const*, unsigned int) E:\Github for wgindows\WIZ550io\Web_Server\build\/lib_duemilanove328_16.a(w5500.cpp.o)
                                                  E:\Github for wgindows\WIZ550io\Web_Server\build\/lib_duemilanove328_16.a(socket.cpp.o)
W5500Class::send_data_processing_offset(unsigned char, unsigned int, unsigned char const*, unsigned int) E:\Github for wgindows\WIZ550io\Web_Server\build\/lib_duemilanove328_16.a(w5500.cpp.o)
                                                  E:\Github for wgindows\WIZ550io\Web_Server\build\/lib_duemilanove328_16.a(socket.cpp.o)
W5500Class::setGatewayIp(unsigned char*)          E:\Github for wgindows\WIZ550io\Web_Server\build\/lib_duemilanove328_16.a(Ethernet.cpp.o)
W5500Class::setIPAddress(unsigned char*)          E:\Github for wgindows\WIZ550io\Web_Server\build\/lib_duemilanove328_16.a(Ethernet.cpp.o)
W5500Class::setSubnetMask(unsigned char*)         E:\Github for wgindows\WIZ550io\Web_Server\build\/lib_duemilanove328_16.a(Ethernet.cpp.o)
W5500Class::write(unsigned int, unsigned char, unsigned char const*, unsigned int) E:\Github for wgindows\WIZ550io\Web_Server\build\/lib_duemilanove328_16.a(w5500.cpp.o)
                                                  E:\Github for wgindows\WIZ550io\Web_Server\build\/lib_duemilanove328_16.a(socket.cpp.o)
                                                  E:\Github for wgindows\WIZ550io\Web_Server\build\/lib_duemilanove328_16.a(Ethernet.cpp.o)
W5500Class::write(unsigned int, unsigned char, unsigned char) E:\Github for wgindows\WIZ550io\Web_Server\build\/lib_duemilanove328_16.a(w5500.cpp.o)
                                                  E:\Github for wgindows\WIZ550io\Web_Server\build\/lib_duemilanove328_16.a(socket.cpp.o)
W5500Class::writeSn(unsigned char, unsigned int, unsigned char) E:\Github for wgindows\WIZ550io\Web_Server\build\/lib_duemilanove328_16.a(socket.cpp.o)
W5500Class::writeSnDIPR(unsigned char, unsigned char*) E:\Github for wgindows\WIZ550io\Web_Server\build\/lib_duemilanove328_16.a(socket.cpp.o)
W5500Class::writeSnDPORT(unsigned char, unsigned int) E:\Github for wgindows\WIZ550io\Web_Server\build\/lib_duemilanove328_16.a(socket.cpp.o)
W5500Class::writeSnPORT(unsigned char, unsigned int) E:\Github for wgindows\WIZ550io\Web_Server\build\/lib_duemilanove328_16.a(socket.cpp.o)
W5500Class::writeSnRX_RD(unsigned char, unsigned int) E:\Github for wgindows\WIZ550io\Web_Server\build\/lib_duemilanove328_16.a(socket.cpp.o)
__addsf3                                          e:/codeblocks-arduino baru/codeblocks/bin/../lib/gcc/avr/4.3.3/../../../../avr/lib/avr5\libm.a(addsf3.o)
                                                  E:\Github for wgindows\WIZ550io\Web_Server\build\/core_duemilanove328_16.a(Print.cpp.o)
__addsf3x                                         e:/codeblocks-arduino baru/codeblocks/bin/../lib/gcc/avr/4.3.3/../../../../avr/lib/avr5\libm.a(addsf3x.o)
                                                  e:/codeblocks-arduino baru/codeblocks/bin/../lib/gcc/avr/4.3.3/../../../../avr/lib/avr5\libm.a(addsf3.o)
__bad_interrupt                                   e:/codeblocks-arduino baru/codeblocks/bin/../lib/gcc/avr/4.3.3/../../../../avr/lib/avr5/crtm328p.o
__brkval                                          e:/codeblocks-arduino baru/codeblocks/bin/../lib/gcc/avr/4.3.3/../../../../avr/lib/avr5\libc.a(realloc.o)
                                                  e:/codeblocks-arduino baru/codeblocks/bin/../lib/gcc/avr/4.3.3/../../../../avr/lib/avr5\libc.a(malloc.o)
__bss_end                                         e:/codeblocks-arduino baru/codeblocks/bin/../lib/gcc/avr/4.3.3/avr5\libgcc.a(_clear_bss.o)