Archive member included because of file (symbol)

E:\Github for wgindows\WIZ550io\Web_Server\build\/lib_duemilanove328_16.a(Ethernet.cpp.o)
                              build\Web_Server.o (Ethernet)
E:\Github for wgindows\WIZ550io\Web_Server\build\/lib_duemilanove328_16.a(EthernetClient.cpp.o)
                              build\Web_Server.o (EthernetClient::operator bool())
E:\Github for wgindows\WIZ550io\Web_Server\build\/lib_duemilanove328_16.a(EthernetServer.cpp.o)
                              build\Web_Server.o (EthernetServer::EthernetServer(unsigned int))
E:\Github for wgindows\WIZ550io\Web_Server\build\/lib_duemilanove328_16.a(EthernetUdp.cpp.o)
                              E:\Github for wgindows\WIZ550io\Web_Server\build\/lib_duemilanove328_16.a(Ethernet.cpp.o) (EthernetUDP::EthernetUDP())
E:\Github for wgindows\WIZ550io\Web_Server\build\/lib_duemilanove328_16.a(socket.cpp.o)
                              E:\Github for wgindows\WIZ550io\Web_Server\build\/lib_duemilanove328_16.a(EthernetClient.cpp.o) (disconnect(unsigned char))
E:\Github for wgindows\WIZ550io\Web_Server\build\/lib_duemilanove328_16.a(w5500.cpp.o)
                              E:\Github for wgindows\WIZ550io\Web_Server\build\/lib_duemilanove328_16.a(socket.cpp.o) (W5500Class::write(unsigned int, unsigned char, unsigned char))
E:\Github for wgindows\WIZ550io\Web_Server\build\/lib_duemilanove328_16.a(SPI.cpp.o)
                              E:\Github for wgindows\WIZ550io\Web_Server\build\/lib_duemilanove328_16.a(w5500.cpp.o) (SPIClass::begin())
E:\Github for wgindows\WIZ550io\Web_Server\build\/lib_duemilanove328_16.a(Dhcp.cpp.o)
                              E:\Github for wgindows\WIZ550io\Web_Server\build\/lib_duemilanove328_16.a(Ethernet.cpp.o) (DhcpClass::getDnsServerIp())
E:\Github for wgindows\WIZ550io\Web_Server\build\/lib_duemilanove328_16.a(Dns.cpp.o)
                              E:\Github for wgindows\WIZ550io\Web_Server\build\/lib_duemilanove328_16.a(EthernetClient.cpp.o) (DNSClient::begin(IPAddress const&))
E:\Github for wgindows\WIZ550io\Web_Server\build\/core_duemilanove328_16.a(HardwareSerial.cpp.o)
                              build\Web_Server.o (Serial)
E:\Github for wgindows\WIZ550io\Web_Server\build\/core_duemilanove328_16.a(IPAddress.cpp.o)
                              build\Web_Server.o (vtable for IPAddress)
E:\Github for wgindows\WIZ550io\Web_Server\build\/core_duemilanove328_16.a(main.cpp.o)
                              e:/codeblocks-arduino baru/codeblocks/bin/../lib/gcc/avr/4.3.3/../../../../avr/lib/avr5/crtm328p.o (main)
E:\Github for wgindows\WIZ550io\Web_Server\build\/core_duemilanove328_16.a(new.cpp.o)
                              build\Web_Server.o (__cxa_pure_virtual)
E:\Github for wgindows\WIZ550io\Web_Server\build\/core_duemilanove328_16.a(Print.cpp.o)
                              E:\Github for wgindows\WIZ550io\Web_Server\build\/lib_duemilanove328_16.a(EthernetClient.cpp.o) (Print::write(unsigned char const*, unsigned int))
E:\Github for wgindows\WIZ550io\Web_Server\build\/core_duemilanove328_16.a(wiring.c.o)
                              E:\Github for wgindows\WIZ550io\Web_Server\build\/lib_duemilanove328_16.a(EthernetClient.cpp.o) (millis)
E:\Github for wgindows\WIZ550io\Web_Server\build\/core_duemilanove328_16.a(wiring_analog.c.o)
                              build\Web_Server.o (analogRead)
E:\Github for wgindows\WIZ550io\Web_Server\build\/core_duemilanove328_16.a(wiring_digital.c.o)
                              E:\Github for wgindows\WIZ550io\Web_Server\build\/lib_duemilanove328_16.a(SPI.cpp.o) (pinMode)
E:\Github for wgindows\WIZ550io\Web_Server\build\/core_duemilanove328_16.a(WMath.cpp.o)
                              E:\Github for wgindows\WIZ550io\Web_Server\build\/lib_duemilanove328_16.a(Dhcp.cpp.o) (random(long, long))
E:\Github for wgindows\WIZ550io\Web_Server\build\/core_duemilanove328_16.a(WString.cpp.o)
                              E:\Github for wgindows\WIZ550io\Web_Server\build\/core_duemilanove328_16.a(Print.cpp.o) (String::operator[](unsigned int) const)
e:/codeblocks-arduino baru/codeblocks/bin/../lib/gcc/avr/4.3.3/../../../../avr/lib/avr5\libm.a(addsf3.o)
                              E:\Github for wgindows\WIZ550io\Web_Server\build\/core_duemilanove328_16.a(Print.cpp.o) (__subsf3)
e:/codeblocks-arduino baru/codeblocks/bin/../lib/gcc/avr/4.3.3/../../../../avr/lib/avr5\libm.a(addsf3x.o)
                              e:/codeblocks-arduino baru/codeblocks/bin/../lib/gcc/avr/4.3.3/../../../../avr/lib/avr5\libm.a(addsf3.o) (__addsf3x)
e:/codeblocks-arduino baru/codeblocks/bin/../lib/gcc/avr/4.3.3/../../../../avr/lib/avr5\libm.a(cmpsf2.o)
                              E:\Github for wgindows\WIZ550io\Web_Server\build\/core_duemilanove328_16.a(Print.cpp.o) (__ltsf2)
e:/codeblocks-arduino baru/codeblocks/bin/../lib/gcc/avr/4.3.3/../../../../avr/lib/avr5\libm.a(divsf3.o)
[...]
Memory Configuration

Name             Origin             Length             Attributes
text             0x00000000         0x00020000         xr
data             0x00800060         0x0000ffa0         rw !x
eeprom           0x00810000         0x00010000         rw !x
fuse             0x00820000         0x00000400         rw !x
lock             0x00830000         0x00000400         rw !x
signature        0x00840000         0x00000400         rw !x
*default*        0x00000000         0xffffffff

Linker script and memory map

Address of section .data set to 0x800100
LOAD e:/codeblocks-arduino baru/codeblocks/bin/../lib/gcc/avr/4.3.3/../../../../avr/lib/avr5/crtm328p.o
LOAD build\Web_Server.o
LOAD E:\Github for wgindows\WIZ550io\Web_Server\build\/lib_duemilanove328_16.a
LOAD E:\Github for wgindows\WIZ550io\Web_Server\build\/core_duemilanove328_16.a
LOAD e:/codeblocks-arduino baru/codeblocks/bin/../lib/gcc/avr/4.3.3/../../../../avr/lib/avr5\libm.a
LOAD e:/codeblocks-arduino baru/codeblocks/bin/../lib/gcc/avr/4.3.3/avr5\libgcc.a
LOAD e:/codeblocks-arduino baru/codeblocks/bin/../lib/gcc/avr/4.3.3/../../../../avr/lib/avr5\libc.a
LOAD e:/codeblocks-arduino baru/codeblocks/bin/../lib/gcc/avr/4.3.3/avr5\libgcc.a

.hash
 *(.hash)

.dynsym
 *(.dynsym)

.dynstr
 *(.dynstr)

.gnu.version
 *(.gnu.version)

.gnu.version_d
 *(.gnu.version_d)

.gnu.version_r
 *(.gnu.version_r)

.rel.init
 *(.rel.init)

.rela.init
 *(.rela.init)

.rel.text
 *(.rel.text)
 *(.rel.text.*)
 *(.rel.gnu.linkonce.t*)

.rela.text
 *(.rela.text)
 *(.rela.text.*)
 *(.rela.gnu.linkonce.t*)

.rel.fini
 *(.rel.fini)

.rela.fini
 *(.rela.fini)

.rel.rodata
 *(.rel.rodata)
 *(.rel.rodata.*)
 *(.rel.gnu.linkonce.r*)

.rela.rodata
 *(.rela.rodata)
 *(.rela.rodata.*)
 *(.rela.gnu.linkonce.r*)

.rel.data
 *(.rel.data)
 *(.rel.data.*)
 *(.rel.gnu.linkonce.d*)

.rela.data
 *(.rela.data)
 *(.rela.data.*)
 *(.rela.gnu.linkonce.d*)

.rel.ctors
 *(.rel.ctors)

.rela.ctors
 *(.rela.ctors)

.rel.dtors
 *(.rel.dtors)

.rela.dtors
 *(.rela.dtors)

.rel.got
 *(.rel.got)

.rela.got
 *(.rela.got)

.rel.bss
 *(.rel.bss)

.rela.bss
 *(.rela.bss)

.rel.plt
 *(.rel.plt)

.rela.plt
 *(.rela.plt)

.text           0x00000000     0x2e22
 *(.vectors)
 .vectors       0x00000000       0x68 e:/codeblocks-arduino baru/codeblocks/bin/../lib/gcc/avr/4.3.3/../../../../avr/lib/avr5/crtm328p.o
                0x00000000                __vectors
                0x00000000                __vector_default
 *(.vectors)
 *(.progmem.gcc*)
 *(.progmem*)
 .progmem.data  0x00000068       0x5a E:\Github for wgindows\WIZ550io\Web_Server\build\/core_duemilanove328_16.a(wiring_digital.c.o)
                0x00000068                port_to_mode_PGM
                0x00000086                digital_pin_to_port_PGM
                0x0000009a                digital_pin_to_bit_mask_PGM
                0x00000072                port_to_output_PGM
                0x0000007c                port_to_input_PGM
                0x000000ae                digital_pin_to_timer_PGM
                0x000000c2                . = ALIGN (0x2)
                0x000000c2                __trampolines_start = .
 *(.trampolines)
 .trampolines   0x000000c2        0x0 linker stubs
 *(.trampolines*)
                0x000000c2                __trampolines_end = .
 *(.jumptables)
 *(.jumptables*)
 *(.lowtext)
 *(.lowtext*)
                0x000000c2                __ctors_start = .
 *(.ctors)
 .ctors         0x000000c2        0x2 build\Web_Server.o
 .ctors         0x000000c4        0x2 E:\Github for wgindows\WIZ550io\Web_Server\build\/lib_duemilanove328_16.a(Ethernet.cpp.o)
 .ctors         0x000000c6        0x2 E:\Github for wgindows\WIZ550io\Web_Server\build\/lib_duemilanove328_16.a(EthernetClient.cpp.o)
 .ctors         0x000000c8        0x2 E:\Github for wgindows\WIZ550io\Web_Server\build\/lib_duemilanove328_16.a(EthernetServer.cpp.o)
 .ctors         0x000000ca        0x2 E:\Github for wgindows\WIZ550io\Web_Server\build\/lib_duemilanove328_16.a(EthernetUdp.cpp.o)
 .ctors         0x000000cc        0x2 E:\Github for wgindows\WIZ550io\Web_Server\build\/lib_duemilanove328_16.a(Dhcp.cpp.o)
 .ctors         0x000000ce        0x2 E:\Github for wgindows\WIZ550io\Web_Server\build\/lib_duemilanove328_16.a(Dns.cpp.o)
 .ctors         0x000000d0        0x2 E:\Github for wgindows\WIZ550io\Web_Server\build\/core_duemilanove328_16.a(HardwareSerial.cpp.o)
 .ctors         0x000000d2        0x2 E:\Github for wgindows\WIZ550io\Web_Server\build\/core_duemilanove328_16.a(IPAddress.cpp.o)
                0x000000d4                __ctors_end = .
                0x000000d4                __dtors_start = .
 *(.dtors)
                0x000000d4                __dtors_end = .
 SORT(*)(.ctors)
 SORT(*)(.dtors)
 *(.init0)
 .init0         0x000000d4        0x0 e:/codeblocks-arduino baru/codeblocks/bin/../lib/gcc/avr/4.3.3/../../../../avr/lib/avr5/crtm328p.o
                0x000000d4                __init
 *(.init0)
 *(.init1)
 *(.init1)
 *(.init2)
 .init2         0x000000d4        0xc e:/codeblocks-arduino baru/codeblocks/bin/../lib/gcc/avr/4.3.3/../../../../avr/lib/avr5/crtm328p.o
 *(.init2)
 *(.init3)
 *(.init3)
 *(.init4)
 .init4         0x000000e0       0x16 e:/codeblocks-arduino baru/codeblocks/bin/../lib/gcc/avr/4.3.3/avr5\libgcc.a(_copy_data.o)
                0x000000e0                __do_copy_data
 .init4         0x000000f6       0x10 e:/codeblocks-arduino baru/codeblocks/bin/../lib/gcc/avr/4.3.3/avr5\libgcc.a(_clear_bss.o)
                0x000000f6                __do_clear_bss
 *(.init4)
 *(.init5)
 *(.init5)
 *(.init6)
 .init6         0x00000106       0x16 e:/codeblocks-arduino baru/codeblocks/bin/../lib/gcc/avr/4.3.3/avr5\libgcc.a(_ctors.o)
                0x00000106                __do_global_ctors
 *(.init6)
 *(.init7)
 *(.init7)
 *(.init8)
 *(.init8)
 *(.init9)
 .init9         0x0000011c        0x8 e:/codeblocks-arduino baru/codeblocks/bin/../lib/gcc/avr/4.3.3/../../../../avr/lib/avr5/crtm328p.o
 *(.init9)
 *(.text)
 .text          0x00000124        0x4 e:/codeblocks-arduino baru/codeblocks/bin/../lib/gcc/avr/4.3.3/../../../../avr/lib/avr5/crtm328p.o
                0x00000124                __vector_22
                0x00000124                __vector_1
                0x00000124                __vector_24
                0x00000124                __vector_12
                0x00000124                __bad_interrupt
                0x00000124                __vector_6
                0x00000124                __vector_3
                0x00000124                __vector_23
                0x00000124                __vector_25
                0x00000124                __vector_11
                0x00000124                __vector_13
                0x00000124                __vector_17
                0x00000124                __vector_7
                0x00000124                __vector_5
                0x00000124                __vector_4
                0x00000124                __vector_9
                0x00000124                __vector_2
                0x00000124                __vector_21
                0x00000124                __vector_15
                0x00000124                __vector_8
                0x00000124                __vector_14
                0x00000124                __vector_10
                0x00000124                __vector_20
                0x00000128                . = ALIGN (0x2)
 *(.text.*)
 .text._GLOBAL__I_ip
                0x00000128       0x32 build\Web_Server.o
 .text.setup    0x0000015a       0xb0 build\Web_Server.o
                0x0000015a                setup
 .text.loop     0x0000020a      0x310 build\Web_Server.o
                0x0000020a                loop
 .text._ZN13EthernetClass11dnsServerIPEv
                0x0000051a       0x22 E:\Github for wgindows\WIZ550io\Web_Server\build\/lib_duemilanove328_16.a(Ethernet.cpp.o)
                0x0000051a                EthernetClass::dnsServerIP()
 .text._GLOBAL__I__ZN13EthernetClass6_stateE
                0x0000053c       0x1e E:\Github for wgindows\WIZ550io\Web_Server\build\/lib_duemilanove328_16.a(Ethernet.cpp.o)
 .text._ZN13EthernetClass7localIPEv
                0x0000055a       0x3c E:\Github for wgindows\WIZ550io\Web_Server\build\/lib_duemilanove328_16.a(Ethernet.cpp.o)
                0x0000055a                EthernetClass::localIP()
 .text._ZN10W5500Class12setIPAddressEPh
                0x00000596       0x12 E:\Github for wgindows\WIZ550io\Web_Server\build\/lib_duemilanove328_16.a(Ethernet.cpp.o)
                0x00000596                W5500Class::setIPAddress(unsigned char*)
 .text._ZN10W5500Class12setGatewayIpEPh
                0x000005a8       0x12 E:\Github for wgindows\WIZ550io\Web_Server\build\/lib_duemilanove328_16.a(Ethernet.cpp.o)
                0x000005a8                W5500Class::setGatewayIp(unsigned char*)
 .text._ZN10W5500Class13setSubnetMaskEPh
                0x000005ba       0x12 E:\Github for wgindows\WIZ550io\Web_Server\build\/lib_duemilanove328_16.a(Ethernet.cpp.o)
                0x000005ba                W5500Class::setSubnetMask(unsigned char*)
 .text._ZN13EthernetClass5beginE9IPAddressS0_S0_S0_
                0x000005cc       0x88 E:\Github for wgindows\WIZ550io\Web_Server\build\/lib_duemilanove328_16.a(Ethernet.cpp.o)
                0x000005cc                EthernetClass::begin(IPAddress, IPAddress, IPAddress, IPAddress)
 .text._ZN13EthernetClass5beginE9IPAddressS0_S0_
                0x00000654       0xde E:\Github for wgindows\WIZ550io\Web_Server\build\/lib_duemilanove328_16.a(Ethernet.cpp.o)
                0x00000654                EthernetClass::begin(IPAddress, IPAddress, IPAddress)
 .text._ZN13EthernetClass5beginE9IPAddressS0_
                0x00000732       0x90 E:\Github for wgindows\WIZ550io\Web_Server\build\/lib_duemilanove328_16.a(Ethernet.cpp.o)
                0x00000732                EthernetClass::begin(IPAddress, IPAddress)
 .text._ZN13EthernetClass5beginE9IPAddress
                0x000007c2       0x70 E:\Github for wgindows\WIZ550io\Web_Server\build\/lib_duemilanove328_16.a(Ethernet.cpp.o)
                0x000007c2                EthernetClass::begin(IPAddress)
 .text._ZN14EthernetClientC1Eh
                0x00000832       0x22 E:\Github for wgindows\WIZ550io\Web_Server\build\/lib_duemilanove328_16.a(EthernetClient.cpp.o)
                0x00000832                EthernetClient::EthernetClient(unsigned char)
 .text._ZN14EthernetClient5writeEh
                0x00000854       0x30 E:\Github for wgindows\WIZ550io\Web_Server\build\/lib_duemilanove328_16.a(EthernetClient.cpp.o)
                0x00000854                EthernetClient::write(unsigned char)
 .text._ZN14EthernetClient5flushEv
                0x00000884       0x2e E:\Github for wgindows\WIZ550io\Web_Server\build\/lib_duemilanove328_16.a(EthernetClient.cpp.o)
                0x00000884                EthernetClient::flush()
 .text._ZN14EthernetClientcvbEv
                0x000008b2       0x10 E:\Github for wgindows\WIZ550io\Web_Server\build\/lib_duemilanove328_16.a(EthernetClient.cpp.o)
                0x000008b2                EthernetClient::operator bool()
 .text._GLOBAL__I__ZN14EthernetClient8_srcportE
                0x000008c2       0x16 E:\Github for wgindows\WIZ550io\Web_Server\build\/lib_duemilanove328_16.a(EthernetClient.cpp.o)
 .text._ZN14EthernetClient6statusEv
                0x000008d8       0x1e E:\Github for wgindows\WIZ550io\Web_Server\build\/lib_duemilanove328_16.a(EthernetClient.cpp.o)
                0x000008d8                EthernetClient::status()
 .text._ZN14EthernetClient9connectedEv
                0x000008f6       0x48 E:\Github for wgindows\WIZ550io\Web_Server\build\/lib_duemilanove328_16.a(EthernetClient.cpp.o)
                0x000008f6                EthernetClient::connected()
 .text._ZN14EthernetClient4stopEv
                0x0000093e       0x84 E:\Github for wgindows\WIZ550io\Web_Server\build\/lib_duemilanove328_16.a(EthernetClient.cpp.o)
                0x0000093e                EthernetClient::stop()
 .text._ZN14EthernetClient4peekEv
                0x000009c2       0x4a E:\Github for wgindows\WIZ550io\Web_Server\build\/lib_duemilanove328_16.a(EthernetClient.cpp.o)
                0x000009c2                EthernetClient::peek()
 .text._ZN14EthernetClient4readEPhj
                0x00000a0c        0xa E:\Github for wgindows\WIZ550io\Web_Server\build\/lib_duemilanove328_16.a(EthernetClient.cpp.o)
                0x00000a0c                EthernetClient::read(unsigned char*, unsigned int)
 .text._ZN14EthernetClient4readEv
                0x00000a16       0x38 E:\Github for wgindows\WIZ550io\Web_Server\build\/lib_duemilanove328_16.a(EthernetClient.cpp.o)
                0x00000a16                EthernetClient::read()
 .text._ZN14EthernetClient9availableEv
                0x00000a4e       0x1c E:\Github for wgindows\WIZ550io\Web_Server\build\/lib_duemilanove328_16.a(EthernetClient.cpp.o)
                0x00000a4e                EthernetClient::available()
 .text._ZN14EthernetClient5writeEPKhj
                0x00000a6a       0x3c E:\Github for wgindows\WIZ550io\Web_Server\build\/lib_duemilanove328_16.a(EthernetClient.cpp.o)
                0x00000a6a                EthernetClient::write(unsigned char const*, unsigned int)
 .text._ZN14EthernetClient7connectE9IPAddressj
                0x00000aa6       0xea E:\Github for wgindows\WIZ550io\Web_Server\build\/lib_duemilanove328_16.a(EthernetClient.cpp.o)
                0x00000aa6                EthernetClient::connect(IPAddress, unsigned int)
 .text._ZN14EthernetClient7connectEPKcj
                0x00000b90       0xe0 E:\Github for wgindows\WIZ550io\Web_Server\build\/lib_duemilanove328_16.a(EthernetClient.cpp.o)
                0x00000b90                EthernetClient::connect(char const*, unsigned int)
 .text._ZN14EthernetServerC1Ej
                0x00000c70       0x14 E:\Github for wgindows\WIZ550io\Web_Server\build\/lib_duemilanove328_16.a(EthernetServer.cpp.o)
                0x00000c70                EthernetServer::EthernetServer(unsigned int)
 .text._ZN14EthernetServer5writeEh
                0x00000c84       0x30 E:\Github for wgindows\WIZ550io\Web_Server\build\/lib_duemilanove328_16.a(EthernetServer.cpp.o)
                0x00000c84                EthernetServer::write(unsigned char)
 .text._GLOBAL__I__ZN14EthernetServerC2Ej
                0x00000cb4       0x16 E:\Github for wgindows\WIZ550io\Web_Server\build\/lib_duemilanove328_16.a(EthernetServer.cpp.o)
 .text._ZN14EthernetServer6acceptEv
                0x00000cca       0xc4 E:\Github for wgindows\WIZ550io\Web_Server\build\/lib_duemilanove328_16.a(EthernetServer.cpp.o)
                0x00000cca                EthernetServer::accept()
 .text._ZN14EthernetServer5writeEPKhj
                0x00000d8e       0xbe E:\Github for wgindows\WIZ550io\Web_Server\build\/lib_duemilanove328_16.a(EthernetServer.cpp.o)
                0x00000d8e                EthernetServer::write(unsigned char const*, unsigned int)
 .text._ZN14EthernetServer9availableEv
                0x00000e4c       0xf0 E:\Github for wgindows\WIZ550io\Web_Server\build\/lib_duemilanove328_16.a(EthernetServer.cpp.o)
                0x00000e4c                EthernetServer::available()
 .text._ZN14EthernetServer5beginEv
                0x00000f3c       0x94 E:\Github for wgindows\WIZ550io\Web_Server\build\/lib_duemilanove328_16.a(EthernetServer.cpp.o)
                0x00000f3c                EthernetServer::begin()
 .text._ZN11EthernetUDP4readEPcj
                0x00000fd0       0x10 E:\Github for wgindows\WIZ550io\Web_Server\build\/lib_duemilanove328_16.a(EthernetUdp.cpp.o)
                0x00000fd0                EthernetUDP::read(char*, unsigned int)
 .text._ZN11EthernetUDP8remoteIPEv
                0x00000fe0       0x22 E:\Github for wgindows\WIZ550io\Web_Server\build\/lib_duemilanove328_16.a(EthernetUdp.cpp.o)
                0x00000fe0                EthernetUDP::remoteIP()
 .text._ZN11EthernetUDP10remotePortEv
                0x00001002        0x8 E:\Github for wgindows\WIZ550io\Web_Server\build\/lib_duemilanove328_16.a(EthernetUdp.cpp.o)
                0x00001002                EthernetUDP::remotePort()
 .text._ZN11EthernetUDP9availableEv
                0x0000100a        0x8 E:\Github for wgindows\WIZ550io\Web_Server\build\/lib_duemilanove328_16.a(EthernetUdp.cpp.o)
                0x0000100a                EthernetUDP::available()
 .text._ZN11EthernetUDP5writeEh
                0x00001012       0x30 E:\Github for wgindows\WIZ550io\Web_Server\build\/lib_duemilanove328_16.a(EthernetUdp.cpp.o)
                0x00001012                EthernetUDP::write(unsigned char)
 .text._ZN11EthernetUDP5flushEv
                0x00001042       0x24 E:\Github for wgindows\WIZ550io\Web_Server\build\/lib_duemilanove328_16.a(EthernetUdp.cpp.o)
                0x00001042                EthernetUDP::flush()
 .text._GLOBAL__I__ZN11EthernetUDPC2Ev
                0x00001066       0x16 E:\Github for wgindows\WIZ550io\Web_Server\build\/lib_duemilanove328_16.a(EthernetUdp.cpp.o)
 .text._ZN11EthernetUDP4peekEv
                0x0000107c       0x36 E:\Github for wgindows\WIZ550io\Web_Server\build\/lib_duemilanove328_16.a(EthernetUdp.cpp.o)
                0x0000107c                EthernetUDP::peek()
 .text._ZN11EthernetUDP4readEPhj
                0x000010b2       0x46 E:\Github for wgindows\WIZ550io\Web_Server\build\/lib_duemilanove328_16.a(EthernetUdp.cpp.o)
                0x000010b2                EthernetUDP::read(unsigned char*, unsigned int)
 .text._ZN11EthernetUDP4readEv
                0x000010f8       0x56 E:\Github for wgindows\WIZ550io\Web_Server\build\/lib_duemilanove328_16.a(EthernetUdp.cpp.o)
                0x000010f8                EthernetUDP::read()
 .text._ZN11EthernetUDP11parsePacketEv
                0x0000114e       0xa8 E:\Github for wgindows\WIZ550io\Web_Server\build\/lib_duemilanove328_16.a(EthernetUdp.cpp.o)
                0x0000114e                EthernetUDP::parsePacket()
 .text._ZN11EthernetUDP5writeEPKhj
                0x000011f6       0x36 E:\Github for wgindows\WIZ550io\Web_Server\build\/lib_duemilanove328_16.a(EthernetUdp.cpp.o)
                0x000011f6                EthernetUDP::write(unsigned char const*, unsigned int)
 .text._ZN11EthernetUDP9endPacketEv
                0x0000122c        0xa E:\Github for wgindows\WIZ550io\Web_Server\build\/lib_duemilanove328_16.a(EthernetUdp.cpp.o)
                0x0000122c                EthernetUDP::endPacket()
 .text._ZN11EthernetUDP11beginPacketE9IPAddressj
                0x00001236       0x12 E:\Github for wgindows\WIZ550io\Web_Server\build\/lib_duemilanove328_16.a(EthernetUdp.cpp.o)
                0x00001236                EthernetUDP::beginPacket(IPAddress, unsigned int)
 .text._ZN11EthernetUDPC1Ev
                0x00001248       0x2c E:\Github for wgindows\WIZ550io\Web_Server\build\/lib_duemilanove328_16.a(EthernetUdp.cpp.o)
                0x00001248                EthernetUDP::EthernetUDP()
 .text._ZN11EthernetUDP11beginPacketEPKcj
                0x00001274       0xe0 E:\Github for wgindows\WIZ550io\Web_Server\build\/lib_duemilanove328_16.a(EthernetUdp.cpp.o)
                0x00001274                EthernetUDP::beginPacket(char const*, unsigned int)
 .text._ZN11EthernetUDP4stopEv
                0x00001354       0x2a E:\Github for wgindows\WIZ550io\Web_Server\build\/lib_duemilanove328_16.a(EthernetUdp.cpp.o)
                0x00001354                EthernetUDP::stop()
 .text._ZN11EthernetUDP5beginEj
                0x0000137e       0x74 E:\Github for wgindows\WIZ550io\Web_Server\build\/lib_duemilanove328_16.a(EthernetUdp.cpp.o)
                0x0000137e                EthernetUDP::begin(unsigned int)
 .text._Z10disconnecth
                0x000013f2       0x10 E:\Github for wgindows\WIZ550io\Web_Server\build\/lib_duemilanove328_16.a(socket.cpp.o)
                0x000013f2                disconnect(unsigned char)
 .text._ZN10W5500Class6readSnEhj
                0x00001402       0x14 E:\Github for wgindows\WIZ550io\Web_Server\build\/lib_duemilanove328_16.a(socket.cpp.o)
                0x00001402                W5500Class::readSn(unsigned char, unsigned int)
 .text._Z6listenh
                0x00001416       0x28 E:\Github for wgindows\WIZ550io\Web_Server\build\/lib_duemilanove328_16.a(socket.cpp.o)
                0x00001416                listen(unsigned char)
 .text._ZN10W5500Class7writeSnEhjh
                0x0000143e       0x14 E:\Github for wgindows\WIZ550io\Web_Server\build\/lib_duemilanove328_16.a(socket.cpp.o)
                0x0000143e                W5500Class::writeSn(unsigned char, unsigned int, unsigned char)
 .text._Z7sendUDPh
                0x00001452       0x58 E:\Github for wgindows\WIZ550io\Web_Server\build\/lib_duemilanove328_16.a(socket.cpp.o)
                0x00001452                sendUDP(unsigned char)
 .text._Z5closeh
                0x000014aa       0x22 E:\Github for wgindows\WIZ550io\Web_Server\build\/lib_duemilanove328_16.a(socket.cpp.o)
                0x000014aa                close(unsigned char)
 .text._ZN10W5500Class12writeSnDPORTEhj
                0x000014cc       0x24 E:\Github for wgindows\WIZ550io\Web_Server\build\/lib_duemilanove328_16.a(socket.cpp.o)
                0x000014cc                W5500Class::writeSnDPORT(unsigned char, unsigned int)
 .text._ZN10W5500Class11writeSnPORTEhj
                0x000014f0       0x24 E:\Github for wgindows\WIZ550io\Web_Server\build\/lib_duemilanove328_16.a(socket.cpp.o)
                0x000014f0                W5500Class::writeSnPORT(unsigned char, unsigned int)
 .text._Z6sockethhjh
                0x00001514       0x72 E:\Github for wgindows\WIZ550io\Web_Server\build\/lib_duemilanove328_16.a(socket.cpp.o)
                0x00001514                socket(unsigned char, unsigned char, unsigned int, unsigned char)
 .text._ZN10W5500Class11writeSnDIPREhPh
                0x00001586       0x1a E:\Github for wgindows\WIZ550io\Web_Server\build\/lib_duemilanove328_16.a(socket.cpp.o)
                0x00001586                W5500Class::writeSnDIPR(unsigned char, unsigned char*)
 .text._Z8startUDPhPhj
                0x000015a0       0x4c E:\Github for wgindows\WIZ550io\Web_Server\build\/lib_duemilanove328_16.a(socket.cpp.o)
                0x000015a0                startUDP(unsigned char, unsigned char*, unsigned int)
 .text._Z7connecthPhj
                0x000015ec       0x6c E:\Github for wgindows\WIZ550io\Web_Server\build\/lib_duemilanove328_16.a(socket.cpp.o)
                0x000015ec                connect(unsigned char, unsigned char*, unsigned int)
 .text._Z10bufferDatahjPKhj
                0x00001658       0x60 E:\Github for wgindows\WIZ550io\Web_Server\build\/lib_duemilanove328_16.a(socket.cpp.o)
                0x00001658                bufferData(unsigned char, unsigned int, unsigned char const*, unsigned int)
 .text._Z4sendhPKhj
                0x000016b8       0xae E:\Github for wgindows\WIZ550io\Web_Server\build\/lib_duemilanove328_16.a(socket.cpp.o)
                0x000016b8                send(unsigned char, unsigned char const*, unsigned int)
 .text._Z4peekhPh
                0x00001766       0x1e E:\Github for wgindows\WIZ550io\Web_Server\build\/lib_duemilanove328_16.a(socket.cpp.o)
                0x00001766                peek(unsigned char, unsigned char*)
 .text._Z4recvhPhi
                0x00001784       0x80 E:\Github for wgindows\WIZ550io\Web_Server\build\/lib_duemilanove328_16.a(socket.cpp.o)
                0x00001784                recv(unsigned char, unsigned char*, int)
 .text._ZN10W5500Class5writeEjhh
                0x00001804       0x30 E:\Github for wgindows\WIZ550io\Web_Server\build\/lib_duemilanove328_16.a(w5500.cpp.o)
                0x00001804                W5500Class::write(unsigned int, unsigned char, unsigned char)
 .text._ZN10W5500Class5writeEjhPKhj
                0x00001834       0x48 E:\Github for wgindows\WIZ550io\Web_Server\build\/lib_duemilanove328_16.a(w5500.cpp.o)
                0x00001834                W5500Class::write(unsigned int, unsigned char, unsigned char const*, unsigned int)
 .text._ZN10W5500Class4readEjh
                0x0000187c       0x2e E:\Github for wgindows\WIZ550io\Web_Server\build\/lib_duemilanove328_16.a(w5500.cpp.o)
                0x0000187c                W5500Class::read(unsigned int, unsigned char)
 .text._ZN10W5500Class27send_data_processing_offsetEhjPKhj
                0x000018aa       0x82 E:\Github for wgindows\WIZ550io\Web_Server\build\/lib_duemilanove328_16.a(w5500.cpp.o)
                0x000018aa                W5500Class::send_data_processing_offset(unsigned char, unsigned int, unsigned char const*, unsigned int)
 .text._ZN10W5500Class20send_data_processingEhPKhj
                0x0000192c       0x18 E:\Github for wgindows\WIZ550io\Web_Server\build\/lib_duemilanove328_16.a(w5500.cpp.o)
                0x0000192c                W5500Class::send_data_processing(unsigned char, unsigned char const*, unsigned int)
 .text._ZN10W5500Class12readSnRX_RSREh
                0x00001944       0x2c E:\Github for wgindows\WIZ550io\Web_Server\build\/lib_duemilanove328_16.a(w5500.cpp.o)
                0x00001944                W5500Class::readSnRX_RSR(unsigned char)
 .text._ZN10W5500Class17getRXReceivedSizeEh
                0x00001970       0x38 E:\Github for wgindows\WIZ550io\Web_Server\build\/lib_duemilanove328_16.a(w5500.cpp.o)
                0x00001970                W5500Class::getRXReceivedSize(unsigned char)
 .text._ZN10W5500Class12readSnTX_FSREh
                0x000019a8       0x2c E:\Github for wgindows\WIZ550io\Web_Server\build\/lib_duemilanove328_16.a(w5500.cpp.o)
                0x000019a8                W5500Class::readSnTX_FSR(unsigned char)
 .text._ZN10W5500Class13getTXFreeSizeEh
                0x000019d4       0x38 E:\Github for wgindows\WIZ550io\Web_Server\build\/lib_duemilanove328_16.a(w5500.cpp.o)
                0x000019d4                W5500Class::getTXFreeSize(unsigned char)
 .text._ZN10W5500Class4readEjhPhj
                0x00001a0c       0x48 E:\Github for wgindows\WIZ550io\Web_Server\build\/lib_duemilanove328_16.a(w5500.cpp.o)
                0x00001a0c                W5500Class::read(unsigned int, unsigned char, unsigned char*, unsigned int)
 .text._ZN10W5500Class9read_dataEhPVhS1_j
                0x00001a54       0x1c E:\Github for wgindows\WIZ550io\Web_Server\build\/lib_duemilanove328_16.a(w5500.cpp.o)
                0x00001a54                W5500Class::read_data(unsigned char, unsigned char volatile*, unsigned char volatile*, unsigned int)
 .text._ZN10W5500Class20recv_data_processingEhPhjh
                0x00001a70       0x96 E:\Github for wgindows\WIZ550io\Web_Server\build\/lib_duemilanove328_16.a(w5500.cpp.o)
                0x00001a70                W5500Class::recv_data_processing(unsigned char, unsigned char*, unsigned int, unsigned char)
 .text._ZN10W5500Class9execCmdSnEh7SockCMD
                0x00001b06       0x26 E:\Github for wgindows\WIZ550io\Web_Server\build\/lib_duemilanove328_16.a(w5500.cpp.o)
                0x00001b06                W5500Class::execCmdSn(unsigned char, SockCMD)
 .text._ZN10W5500Class4initEv
                0x00001b2c       0x46 E:\Github for wgindows\WIZ550io\Web_Server\build\/lib_duemilanove328_16.a(w5500.cpp.o)
                0x00001b2c                W5500Class::init()
 .text._ZN8SPIClass5beginEv
                0x00001b72       0x2e E:\Github for wgindows\WIZ550io\Web_Server\build\/lib_duemilanove328_16.a(SPI.cpp.o)
                0x00001b72                SPIClass::begin()
 .text._GLOBAL__I__ZN9DhcpClass13beginWithDHCPEPhmm
                0x00001ba0       0x16 E:\Github for wgindows\WIZ550io\Web_Server\build\/lib_duemilanove328_16.a(Dhcp.cpp.o)
 .text._ZN9DNSClient5beginERK9IPAddress
                0x00001bb6       0x1c E:\Github for wgindows\WIZ550io\Web_Server\build\/lib_duemilanove328_16.a(Dns.cpp.o)
                0x00001bb6                DNSClient::begin(IPAddress const&)
 .text._ZN9DNSClient9inet_atonEPKcR9IPAddress
                0x00001bd2       0x92 E:\Github for wgindows\WIZ550io\Web_Server\build\/lib_duemilanove328_16.a(Dns.cpp.o)
                0x00001bd2                DNSClient::inet_aton(char const*, IPAddress&)
 .text._GLOBAL__I__ZN9DNSClient5beginERK9IPAddress
                0x00001c64       0x16 E:\Github for wgindows\WIZ550io\Web_Server\build\/lib_duemilanove328_16.a(Dns.cpp.o)
 .text._ZN9DNSClient15ProcessResponseEjR9IPAddress
                0x00001c7a      0x2d4 E:\Github for wgindows\WIZ550io\Web_Server\build\/lib_duemilanove328_16.a(Dns.cpp.o)
                0x00001c7a                DNSClient::ProcessResponse(unsigned int, IPAddress&)
 .text._ZN9DNSClient12BuildRequestEPKc
                0x00001f4e      0x166 E:\Github for wgindows\WIZ550io\Web_Server\build\/lib_duemilanove328_16.a(Dns.cpp.o)
                0x00001f4e                DNSClient::BuildRequest(char const*)
 .text._ZN9DNSClient13getHostByNameEPKcR9IPAddress
                0x000020b4      0x12c E:\Github for wgindows\WIZ550io\Web_Server\build\/lib_duemilanove328_16.a(Dns.cpp.o)
                0x000020b4                DNSClient::getHostByName(char const*, IPAddress&)
 .text._Z11serialEventv
                0x000021e0        0x2 E:\Github for wgindows\WIZ550io\Web_Server\build\/core_duemilanove328_16.a(HardwareSerial.cpp.o)
                0x000021e0                serialEvent()
 .text.__vector_18
                0x000021e2       0x76 E:\Github for wgindows\WIZ550io\Web_Server\build\/core_duemilanove328_16.a(HardwareSerial.cpp.o)
                0x000021e2                __vector_18
 .text._Z14serialEventRunv
                0x00002258       0x26 E:\Github for wgindows\WIZ550io\Web_Server\build\/core_duemilanove328_16.a(HardwareSerial.cpp.o)
                0x00002258                serialEventRun()
 .text.__vector_19
                0x0000227e       0x76 E:\Github for wgindows\WIZ550io\Web_Server\build\/core_duemilanove328_16.a(HardwareSerial.cpp.o)
                0x0000227e                __vector_19
 .text._ZN14HardwareSerial5beginEm
                0x000022f4      0x10e E:\Github for wgindows\WIZ550io\Web_Server\build\/core_duemilanove328_16.a(HardwareSerial.cpp.o)
                0x000022f4                HardwareSerial::begin(unsigned long)
 .text._ZN14HardwareSerial9availableEv
                0x00002402       0x22 E:\Github for wgindows\WIZ550io\Web_Server\build\/core_duemilanove328_16.a(HardwareSerial.cpp.o)
                0x00002402                HardwareSerial::available()
 .text._ZN14HardwareSerial4peekEv
                0x00002424       0x40 E:\Github for wgindows\WIZ550io\Web_Server\build\/core_duemilanove328_16.a(HardwareSerial.cpp.o)
                0x00002424                HardwareSerial::peek()
 .text._ZN14HardwareSerial4readEv
                0x00002464       0x52 E:\Github for wgindows\WIZ550io\Web_Server\build\/core_duemilanove328_16.a(HardwareSerial.cpp.o)
                0x00002464                HardwareSerial::read()
 .text._ZN14HardwareSerial5flushEv
                0x000024b6       0x20 E:\Github for wgindows\WIZ550io\Web_Server\build\/core_duemilanove328_16.a(HardwareSerial.cpp.o)
                0x000024b6                HardwareSerial::flush()
 .text._ZN14HardwareSerial5writeEh
                0x000024d6       0x80 E:\Github for wgindows\WIZ550io\Web_Server\build\/core_duemilanove328_16.a(HardwareSerial.cpp.o)
                0x000024d6                HardwareSerial::write(unsigned char)
 .text._GLOBAL__I_rx_buffer
                0x00002556       0xac E:\Github for wgindows\WIZ550io\Web_Server\build\/core_duemilanove328_16.a(HardwareSerial.cpp.o)
 .text._ZN9IPAddressC1Ehhhh
                0x00002602       0x18 E:\Github for wgindows\WIZ550io\Web_Server\build\/core_duemilanove328_16.a(IPAddress.cpp.o)
                0x00002602                IPAddress::IPAddress(unsigned char, unsigned char, unsigned char, unsigned char)
 .text._GLOBAL__I__ZN9IPAddressC2Ev
                0x0000261a       0x1e E:\Github for wgindows\WIZ550io\Web_Server\build\/core_duemilanove328_16.a(IPAddress.cpp.o)
 .text._ZNK9IPAddress7printToER5Print
                0x00002638       0x84 E:\Github for wgindows\WIZ550io\Web_Server\build\/core_duemilanove328_16.a(IPAddress.cpp.o)
                0x00002638                IPAddress::printTo(Print&) const
 .text._ZN9IPAddressaSEPKh
                0x000026bc       0x1a E:\Github for wgindows\WIZ550io\Web_Server\build\/core_duemilanove328_16.a(IPAddress.cpp.o)
                0x000026bc                IPAddress::operator=(unsigned char const*)
 .text._ZN9IPAddressC1Ev
                0x000026d6       0x14 E:\Github for wgindows\WIZ550io\Web_Server\build\/core_duemilanove328_16.a(IPAddress.cpp.o)
                0x000026d6                IPAddress::IPAddress()
 .text.main     0x000026ea       0x1e E:\Github for wgindows\WIZ550io\Web_Server\build\/core_duemilanove328_16.a(main.cpp.o)
                0x000026ea                main
 .text._ZN5Print5writeEPKhj
                0x00002708       0x54 E:\Github for wgindows\WIZ550io\Web_Server\build\/core_duemilanove328_16.a(Print.cpp.o)
                0x00002708                Print::write(unsigned char const*, unsigned int)
 .text._ZN5Print5printEc
                0x0000275c       0x10 E:\Github for wgindows\WIZ550io\Web_Server\build\/core_duemilanove328_16.a(Print.cpp.o)
                0x0000275c                Print::print(char)
 .text._ZN5Print7printlnEv
                0x0000276c       0x40 E:\Github for wgindows\WIZ550io\Web_Server\build\/core_duemilanove328_16.a(Print.cpp.o)
                0x0000276c                Print::println()
 .text._ZN5Print7printlnERK9Printable
                0x000027ac       0x34 E:\Github for wgindows\WIZ550io\Web_Server\build\/core_duemilanove328_16.a(Print.cpp.o)
                0x000027ac                Print::println(Printable const&)
 .text._ZN5Print5writeEPKc
                0x000027e0       0x38 E:\Github for wgindows\WIZ550io\Web_Server\build\/core_duemilanove328_16.a(Print.cpp.o)
                0x000027e0                Print::write(char const*)
 .text._ZN5Print11printNumberEmh
                0x00002818       0xc8 E:\Github for wgindows\WIZ550io\Web_Server\build\/core_duemilanove328_16.a(Print.cpp.o)
                0x00002818                Print::printNumber(unsigned long, unsigned char)
 .text._ZN5Print5printEmi
                0x000028e0       0x1e E:\Github for wgindows\WIZ550io\Web_Server\build\/core_duemilanove328_16.a(Print.cpp.o)
                0x000028e0                Print::print(unsigned long, int)
 .text._ZN5Print5printEhi
                0x000028fe       0x24 E:\Github for wgindows\WIZ550io\Web_Server\build\/core_duemilanove328_16.a(Print.cpp.o)
                0x000028fe                Print::print(unsigned char, int)
 .text._ZN5Print5printEli
                0x00002922       0x80 E:\Github for wgindows\WIZ550io\Web_Server\build\/core_duemilanove328_16.a(Print.cpp.o)
                0x00002922                Print::print(long, int)
 .text._ZN5Print5printEii
                0x000029a2       0x26 E:\Github for wgindows\WIZ550io\Web_Server\build\/core_duemilanove328_16.a(Print.cpp.o)
                0x000029a2                Print::print(int, int)
 .text._ZN5Print5printEPKc
                0x000029c8        0x6 E:\Github for wgindows\WIZ550io\Web_Server\build\/core_duemilanove328_16.a(Print.cpp.o)
                0x000029c8                Print::print(char const*)
 .text._ZN5Print7printlnEPKc
                0x000029ce       0x26 E:\Github for wgindows\WIZ550io\Web_Server\build\/core_duemilanove328_16.a(Print.cpp.o)
                0x000029ce                Print::println(char const*)
 .text.__vector_16
                0x000029f4       0x90 E:\Github for wgindows\WIZ550io\Web_Server\build\/core_duemilanove328_16.a(wiring.c.o)
                0x000029f4                __vector_16
 .text.millis   0x00002a84       0x1c E:\Github for wgindows\WIZ550io\Web_Server\build\/core_duemilanove328_16.a(wiring.c.o)
                0x00002a84                millis
 .text.micros   0x00002aa0       0x4c E:\Github for wgindows\WIZ550io\Web_Server\build\/core_duemilanove328_16.a(wiring.c.o)
                0x00002aa0                micros
 .text.delay    0x00002aec       0x4c E:\Github for wgindows\WIZ550io\Web_Server\build\/core_duemilanove328_16.a(wiring.c.o)
                0x00002aec                delay
 .text.init     0x00002b38       0x76 E:\Github for wgindows\WIZ550io\Web_Server\build\/core_duemilanove328_16.a(wiring.c.o)
                0x00002b38                init
 .text.analogRead
                0x00002bae       0x44 E:\Github for wgindows\WIZ550io\Web_Server\build\/core_duemilanove328_16.a(wiring_analog.c.o)
                0x00002bae                analogRead
 .text.pinMode  0x00002bf2       0x7e E:\Github for wgindows\WIZ550io\Web_Server\build\/core_duemilanove328_16.a(wiring_digital.c.o)
                0x00002bf2                pinMode
 .text.turnOffPWM
                0x00002c70       0x5a E:\Github for wgindows\WIZ550io\Web_Server\build\/core_duemilanove328_16.a(wiring_digital.c.o)
 .text.digitalWrite
                0x00002cca       0x66 E:\Github for wgindows\WIZ550io\Web_Server\build\/core_duemilanove328_16.a(wiring_digital.c.o)
                0x00002cca                digitalWrite
 .text.digitalRead
                0x00002d30       0x60 E:\Github for wgindows\WIZ550io\Web_Server\build\/core_duemilanove328_16.a(wiring_digital.c.o)
                0x00002d30                digitalRead
 .text.libgcc   0x00002d90       0x3e e:/codeblocks-arduino baru/codeblocks/bin/../lib/gcc/avr/4.3.3/avr5\libgcc.a(_mulsi3.o)
                0x00002d90                __mulsi3
 .text.libgcc   0x00002dce       0x44 e:/codeblocks-arduino baru/codeblocks/bin/../lib/gcc/avr/4.3.3/avr5\libgcc.a(_udivmodsi4.o)
                0x00002dce                __udivmodsi4
 .text.libgcc   0x00002e12        0xc e:/codeblocks-arduino baru/codeblocks/bin/../lib/gcc/avr/4.3.3/avr5\libgcc.a(_tablejump.o)
                0x00002e16                __tablejump__
                0x00002e12                __tablejump2__
                0x00002e1e                . = ALIGN (0x2)
 *(.fini9)
 .fini9         0x00002e1e        0x0 e:/codeblocks-arduino baru/codeblocks/bin/../lib/gcc/avr/4.3.3/avr5\libgcc.a(_exit.o)
                0x00002e1e                exit
                0x00002e1e                _exit
 *(.fini9)
 *(.fini8)
 *(.fini8)
 *(.fini7)
 *(.fini7)
 *(.fini6)
 *(.fini6)
 *(.fini5)
 *(.fini5)
 *(.fini4)
 *(.fini4)
 *(.fini3)
 *(.fini3)
 *(.fini2)
 *(.fini2)
 *(.fini1)
 *(.fini1)
 *(.fini0)
 .fini0         0x00002e1e        0x4 e:/codeblocks-arduino baru/codeblocks/bin/../lib/gcc/avr/4.3.3/avr5\libgcc.a(_exit.o)
 *(.fini0)
                0x00002e22                _etext = .

.data           0x00800100      0x41a load address 0x00002e22
                0x00800100                PROVIDE (__data_start, .)
 *(.data)
 .data          0x00800100      0x3b6 build\Web_Server.o
 *(.data*)
 .data._ZN14EthernetClient8_srcportE
                0x008004b6        0x2 E:\Github for wgindows\WIZ550io\Web_Server\build\/lib_duemilanove328_16.a(EthernetClient.cpp.o)
                0x008004b6                EthernetClient::_srcport
 .data.analog_reference
                0x008004b8        0x1 E:\Github for wgindows\WIZ550io\Web_Server\build\/core_duemilanove328_16.a(wiring_analog.c.o)
                0x008004b8                analog_reference
 *(.rodata)
 *(.rodata*)
 .rodata._ZTV14EthernetClient
                0x008004b9       0x1c E:\Github for wgindows\WIZ550io\Web_Server\build\/lib_duemilanove328_16.a(EthernetClient.cpp.o)
                0x008004b9                vtable for EthernetClient
 .rodata._ZTV14EthernetServer
                0x008004d5        0xa E:\Github for wgindows\WIZ550io\Web_Server\build\/lib_duemilanove328_16.a(EthernetServer.cpp.o)
                0x008004d5                vtable for EthernetServer
 .rodata._ZTV11EthernetUDP
                0x008004df       0x24 E:\Github for wgindows\WIZ550io\Web_Server\build\/lib_duemilanove328_16.a(EthernetUdp.cpp.o)
                0x008004df                vtable for EthernetUDP
 .rodata._ZTV14HardwareSerial
                0x00800503       0x10 E:\Github for wgindows\WIZ550io\Web_Server\build\/core_duemilanove328_16.a(HardwareSerial.cpp.o)
                0x00800503                vtable for HardwareSerial
 .rodata._ZTV9IPAddress
                0x00800513        0x6 E:\Github for wgindows\WIZ550io\Web_Server\build\/core_duemilanove328_16.a(IPAddress.cpp.o)
                0x00800513                vtable for IPAddress
 *(.gnu.linkonce.d*)
                0x0080051a                . = ALIGN (0x2)
 *fill*         0x00800519        0x1 00
                0x0080051a                _edata = .
                0x0080051a                PROVIDE (__data_end, .)

.bss            0x0080051a      0x10a
                0x0080051a                PROVIDE (__bss_start, .)
 *(.bss)
 *(.bss*)
 .bss.ip        0x0080051a        0x6 build\Web_Server.o
                0x0080051a                ip
 .bss.server    0x00800520        0x6 build\Web_Server.o
                0x00800520                server
 .bss._ZL11INADDR_NONE
                0x00800526        0x6 build\Web_Server.o
 .bss._ZN13EthernetClass12_server_portE
                0x0080052c       0x10 E:\Github for wgindows\WIZ550io\Web_Server\build\/lib_duemilanove328_16.a(Ethernet.cpp.o)
                0x0080052c                EthernetClass::_server_port
 .bss.Ethernet  0x0080053c        0x8 E:\Github for wgindows\WIZ550io\Web_Server\build\/lib_duemilanove328_16.a(Ethernet.cpp.o)
                0x0080053c                Ethernet
 .bss._ZL11INADDR_NONE
                0x00800544        0x6 E:\Github for wgindows\WIZ550io\Web_Server\build\/lib_duemilanove328_16.a(Ethernet.cpp.o)
 .bss._ZL11INADDR_NONE
                0x0080054a        0x6 E:\Github for wgindows\WIZ550io\Web_Server\build\/lib_duemilanove328_16.a(EthernetClient.cpp.o)
 .bss._ZL11INADDR_NONE
                0x00800550        0x6 E:\Github for wgindows\WIZ550io\Web_Server\build\/lib_duemilanove328_16.a(EthernetServer.cpp.o)
 .bss._ZL11INADDR_NONE
                0x00800556        0x6 E:\Github for wgindows\WIZ550io\Web_Server\build\/lib_duemilanove328_16.a(EthernetUdp.cpp.o)
 .bss._ZL10local_port
                0x0080055c        0x2 E:\Github for wgindows\WIZ550io\Web_Server\build\/lib_duemilanove328_16.a(socket.cpp.o)
 .bss.W5100     0x0080055e        0x1 E:\Github for wgindows\WIZ550io\Web_Server\build\/lib_duemilanove328_16.a(w5500.cpp.o)
                0x0080055e                W5100
 .bss._ZL11INADDR_NONE
                0x0080055f        0x6 E:\Github for wgindows\WIZ550io\Web_Server\build\/lib_duemilanove328_16.a(Dhcp.cpp.o)
 .bss._ZL11INADDR_NONE
                0x00800565        0x6 E:\Github for wgindows\WIZ550io\Web_Server\build\/lib_duemilanove328_16.a(Dns.cpp.o)
 .bss.rx_buffer
                0x0080056b       0x44 E:\Github for wgindows\WIZ550io\Web_Server\build\/core_duemilanove328_16.a(HardwareSerial.cpp.o)
                0x0080056b                rx_buffer
 .bss.tx_buffer
                0x008005af       0x44 E:\Github for wgindows\WIZ550io\Web_Server\build\/core_duemilanove328_16.a(HardwareSerial.cpp.o)
                0x008005af                tx_buffer
 .bss.Serial    0x008005f3       0x22 E:\Github for wgindows\WIZ550io\Web_Server\build\/core_duemilanove328_16.a(HardwareSerial.cpp.o)
                0x008005f3                Serial
 .bss._ZL11INADDR_NONE
                0x00800615        0x6 E:\Github for wgindows\WIZ550io\Web_Server\build\/core_duemilanove328_16.a(IPAddress.cpp.o)
 .bss.timer0_overflow_count
                0x0080061b        0x4 E:\Github for wgindows\WIZ550io\Web_Server\build\/core_duemilanove328_16.a(wiring.c.o)
                0x0080061b                timer0_overflow_count
 .bss.timer0_millis
                0x0080061f        0x4 E:\Github for wgindows\WIZ550io\Web_Server\build\/core_duemilanove328_16.a(wiring.c.o)
                0x0080061f                timer0_millis
 .bss.timer0_fract
                0x00800623        0x1 E:\Github for wgindows\WIZ550io\Web_Server\build\/core_duemilanove328_16.a(wiring.c.o)
 *(COMMON)
                0x00800624                PROVIDE (__bss_end, .)
                0x00002e22                __data_load_start = LOADADDR (.data)
                0x0000323c                __data_load_end = (__data_load_start + SIZEOF (.data))

.noinit         0x00800624        0x0
                0x00800624                PROVIDE (__noinit_start, .)
 *(.noinit*)
                0x00800624                PROVIDE (__noinit_end, .)
                0x00800624                _end = .
                0x00800624                PROVIDE (__heap_start, .)

.eeprom         0x00810000        0x0
 *(.eeprom*)
                0x00810000                __eeprom_end = .

.fuse
 *(.fuse)
 *(.lfuse)
 *(.hfuse)
 *(.efuse)

.lock
 *(.lock*)

.signature
 *(.signature*)

.stab
 *(.stab)

.stabstr
 *(.stabstr)

.stab.excl
 *(.stab.excl)

.stab.exclstr
 *(.stab.exclstr)

.stab.index
 *(.stab.index)

.stab.indexstr
 *(.stab.indexstr)

.comment
 *(.comment)

.debug
 *(.debug)

.line
 *(.line)

.debug_srcinfo
 *(.debug_srcinfo)

.debug_sfnames
 *(.debug_sfnames)

.debug_aranges
 *(.debug_aranges)

.debug_pubnames
 *(.debug_pubnames)

.debug_info
 *(.debug_info)
 *(.gnu.linkonce.wi.*)

.debug_abbrev
 *(.debug_abbrev)

.debug_line
 *(.debug_line)

.debug_frame
 *(.debug_frame)

.debug_str
 *(.debug_str)

.debug_loc
 *(.debug_loc)

.debug_macinfo
 *(.debug_macinfo)
OUTPUT(build\Web_Server_duemilanove328.elf elf32-avr)
LOAD linker stubs

Cross Reference Table

Symbol                                            File
DNSClient::BuildRequest(char const*)              E:\Github for wgindows\WIZ550io\Web_Server\build\/lib_duemilanove328_16.a(Dns.cpp.o)
DNSClient::ProcessResponse(unsigned int, IPAddress&) E:\Github for wgindows\WIZ550io\Web_Server\build\/lib_duemilanove328_16.a(Dns.cpp.o)
DNSClient::begin(IPAddress const&)                E:\Github for wgindows\WIZ550io\Web_Server\build\/lib_duemilanove328_16.a(Dns.cpp.o)
                                                  E:\Github for wgindows\WIZ550io\Web_Server\build\/lib_duemilanove328_16.a(EthernetUdp.cpp.o)
                                                  E:\Github for wgindows\WIZ550io\Web_Server\build\/lib_duemilanove328_16.a(EthernetClient.cpp.o)
DNSClient::getHostByName(char const*, IPAddress&) E:\Github for wgindows\WIZ550io\Web_Server\build\/lib_duemilanove328_16.a(Dns.cpp.o)
                                                  E:\Github for wgindows\WIZ550io\Web_Server\build\/lib_duemilanove328_16.a(EthernetUdp.cpp.o)
                                                  E:\Github for wgindows\WIZ550io\Web_Server\build\/lib_duemilanove328_16.a(EthernetClient.cpp.o)
DNSClient::inet_aton(char const*, IPAddress&)     E:\Github for wgindows\WIZ550io\Web_Server\build\/lib_duemilanove328_16.a(Dns.cpp.o)
DhcpClass::beginWithDHCP(unsigned char*, unsigned long, unsigned long) E:\Github for wgindows\WIZ550io\Web_Server\build\/lib_duemilanove328_16.a(Dhcp.cpp.o)
                                                  E:\Github for wgindows\WIZ550io\Web_Server\build\/lib_duemilanove328_16.a(Ethernet.cpp.o)
DhcpClass::checkLease()                           E:\Github for wgindows\WIZ550io\Web_Server\build\/lib_duemilanove328_16.a(Dhcp.cpp.o)
                                                  E:\Github for wgindows\WIZ550io\Web_Server\build\/lib_duemilanove328_16.a(Ethernet.cpp.o)
DhcpClass::getDhcpServerIp()                      E:\Github for wgindows\WIZ550io\Web_Server\build\/lib_duemilanove328_16.a(Dhcp.cpp.o)
DhcpClass::getDnsServerIp()                       E:\Github for wgindows\WIZ550io\Web_Server\build\/lib_duemilanove328_16.a(Dhcp.cpp.o)
                                                  E:\Github for wgindows\WIZ550io\Web_Server\build\/lib_duemilanove328_16.a(Ethernet.cpp.o)
DhcpClass::getGatewayIp()                         E:\Github for wgindows\WIZ550io\Web_Server\build\/lib_duemilanove328_16.a(Dhcp.cpp.o)
                                                  E:\Github for wgindows\WIZ550io\Web_Server\build\/lib_duemilanove328_16.a(Ethernet.cpp.o)
DhcpClass::getLocalIp()                           E:\Github for wgindows\WIZ550io\Web_Server\build\/lib_duemilanove328_16.a(Dhcp.cpp.o)
                                                  E:\Github for wgindows\WIZ550io\Web_Server\build\/lib_duemilanove328_16.a(Ethernet.cpp.o)
DhcpClass::getSubnetMask()                        E:\Github for wgindows\WIZ550io\Web_Server\build\/lib_duemilanove328_16.a(Dhcp.cpp.o)
                                                  E:\Github for wgindows\WIZ550io\Web_Server\build\/lib_duemilanove328_16.a(Ethernet.cpp.o)
DhcpClass::parseDHCPResponse(unsigned long, unsigned long&) E:\Github for wgindows\WIZ550io\Web_Server\build\/lib_duemilanove328_16.a(Dhcp.cpp.o)
DhcpClass::presend_DHCP()                         E:\Github for wgindows\WIZ550io\Web_Server\build\/lib_duemilanove328_16.a(Dhcp.cpp.o)
DhcpClass::printByte(char*, unsigned char)        E:\Github for wgindows\WIZ550io\Web_Server\build\/lib_duemilanove328_16.a(Dhcp.cpp.o)
DhcpClass::request_DHCP_lease()                   E:\Github for wgindows\WIZ550io\Web_Server\build\/lib_duemilanove328_16.a(Dhcp.cpp.o)
DhcpClass::reset_DHCP_lease()                     E:\Github for wgindows\WIZ550io\Web_Server\build\/lib_duemilanove328_16.a(Dhcp.cpp.o)
DhcpClass::send_DHCP_MESSAGE(unsigned char, unsigned int) E:\Github for wgindows\WIZ550io\Web_Server\build\/lib_duemilanove328_16.a(Dhcp.cpp.o)
Ethernet                                          E:\Github for wgindows\WIZ550io\Web_Server\build\/lib_duemilanove328_16.a(Ethernet.cpp.o)
                                                  E:\Github for wgindows\WIZ550io\Web_Server\build\/lib_duemilanove328_16.a(EthernetUdp.cpp.o)
                                                  E:\Github for wgindows\WIZ550io\Web_Server\build\/lib_duemilanove328_16.a(EthernetClient.cpp.o)
                                                  build\Web_Server.o
EthernetClass::_server_port                       E:\Github for wgindows\WIZ550io\Web_Server\build\/lib_duemilanove328_16.a(Ethernet.cpp.o)
                                                  E:\Github for wgindows\WIZ550io\Web_Server\build\/lib_duemilanove328_16.a(EthernetUdp.cpp.o)
                                                  E:\Github for wgindows\WIZ550io\Web_Server\build\/lib_duemilanove328_16.a(EthernetServer.cpp.o)
                                                  E:\Github for wgindows\WIZ550io\Web_Server\build\/lib_duemilanove328_16.a(EthernetClient.cpp.o)
EthernetClass::_state                             E:\Github for wgindows\WIZ550io\Web_Server\build\/lib_duemilanove328_16.a(Ethernet.cpp.o)
EthernetClass::begin()                            E:\Github for wgindows\WIZ550io\Web_Server\build\/lib_duemilanove328_16.a(Ethernet.cpp.o)
EthernetClass::begin(IPAddress)                   E:\Github for wgindows\WIZ550io\Web_Server\build\/lib_duemilanove328_16.a(Ethernet.cpp.o)
                                                  build\Web_Server.o
EthernetClass::begin(IPAddress, IPAddress)        E:\Github for wgindows\WIZ550io\Web_Server\build\/lib_duemilanove328_16.a(Ethernet.cpp.o)
EthernetClass::begin(IPAddress, IPAddress, IPAddress) E:\Github for wgindows\WIZ550io\Web_Server\build\/lib_duemilanove328_16.a(Ethernet.cpp.o)
EthernetClass::begin(IPAddress, IPAddress, IPAddress, IPAddress) E:\Github for wgindows\WIZ550io\Web_Server\build\/lib_duemilanove328_16.a(Ethernet.cpp.o)
EthernetClass::begin(unsigned char*)              E:\Github for wgindows\WIZ550io\Web_Server\build\/lib_duemilanove328_16.a(Ethernet.cpp.o)
EthernetClass::begin(unsigned char*, IPAddress)   E:\Github for wgindows\WIZ550io\Web_Server\build\/lib_duemilanove328_16.a(Ethernet.cpp.o)
EthernetClass::begin(unsigned char*, IPAddress, IPAddress) E:\Github for wgindows\WIZ550io\Web_Server\build\/lib_duemilanove328_16.a(Ethernet.cpp.o)
EthernetClass::begin(unsigned char*, IPAddress, IPAddress, IPAddress) E:\Github for wgindows\WIZ550io\Web_Server\build\/lib_duemilanove328_16.a(Ethernet.cpp.o)
EthernetClass::begin(unsigned char*, IPAddress, IPAddress, IPAddress, IPAddress) E:\Github for wgindows\WIZ550io\Web_Server\build\/lib_duemilanove328_16.a(Ethernet.cpp.o)
EthernetClass::dnsServerIP()                      E:\Github for wgindows\WIZ550io\Web_Server\build\/lib_duemilanove328_16.a(Ethernet.cpp.o)
                                                  E:\Github for wgindows\WIZ550io\Web_Server\build\/lib_duemilanove328_16.a(EthernetUdp.cpp.o)
                                                  E:\Github for wgindows\WIZ550io\Web_Server\build\/lib_duemilanove328_16.a(EthernetClient.cpp.o)
EthernetClass::gatewayIP()                        E:\Github for wgindows\WIZ550io\Web_Server\build\/lib_duemilanove328_16.a(Ethernet.cpp.o)
EthernetClass::localIP()                          E:\Github for wgindows\WIZ550io\Web_Server\build\/lib_duemilanove328_16.a(Ethernet.cpp.o)
                                                  build\Web_Server.o
EthernetClass::maintain()                         E:\Github for wgindows\WIZ550io\Web_Server\build\/lib_duemilanove328_16.a(Ethernet.cpp.o)
EthernetClass::subnetMask()                       E:\Github for wgindows\WIZ550io\Web_Server\build\/lib_duemilanove328_16.a(Ethernet.cpp.o)
EthernetClient::EthernetClient()                  E:\Github for wgindows\WIZ550io\Web_Server\build\/lib_duemilanove328_16.a(EthernetClient.cpp.o)
EthernetClient::EthernetClient()                  E:\Github for wgindows\WIZ550io\Web_Server\build\/lib_duemilanove328_16.a(EthernetClient.cpp.o)
EthernetClient::EthernetClient(unsigned char)     E:\Github for wgindows\WIZ550io\Web_Server\build\/lib_duemilanove328_16.a(EthernetClient.cpp.o)
                                                  E:\Github for wgindows\WIZ550io\Web_Server\build\/lib_duemilanove328_16.a(EthernetServer.cpp.o)
EthernetClient::EthernetClient(unsigned char)     E:\Github for wgindows\WIZ550io\Web_Server\build\/lib_duemilanove328_16.a(EthernetClient.cpp.o)
EthernetClient::_srcport                          E:\Github for wgindows\WIZ550io\Web_Server\build\/lib_duemilanove328_16.a(EthernetClient.cpp.o)
EthernetClient::available()                       E:\Github for wgindows\WIZ550io\Web_Server\build\/lib_duemilanove328_16.a(EthernetClient.cpp.o)
                                                  E:\Github for wgindows\WIZ550io\Web_Server\build\/lib_duemilanove328_16.a(EthernetServer.cpp.o)
                                                  build\Web_Server.o
EthernetClient::connect(IPAddress, unsigned int)  E:\Github for wgindows\WIZ550io\Web_Server\build\/lib_duemilanove328_16.a(EthernetClient.cpp.o)
EthernetClient::connect(char const*, unsigned int) E:\Github for wgindows\WIZ550io\Web_Server\build\/lib_duemilanove328_16.a(EthernetClient.cpp.o)
EthernetClient::connected()                       E:\Github for wgindows\WIZ550io\Web_Server\build\/lib_duemilanove328_16.a(EthernetClient.cpp.o)
                                                  build\Web_Server.o
EthernetClient::flush()                           E:\Github for wgindows\WIZ550io\Web_Server\build\/lib_duemilanove328_16.a(EthernetClient.cpp.o)
EthernetClient::operator bool()                   E:\Github for wgindows\WIZ550io\Web_Server\build\/lib_duemilanove328_16.a(EthernetClient.cpp.o)
                                                  build\Web_Server.o
EthernetClient::peek()                            E:\Github for wgindows\WIZ550io\Web_Server\build\/lib_duemilanove328_16.a(EthernetClient.cpp.o)
EthernetClient::read()                            E:\Github for wgindows\WIZ550io\Web_Server\build\/lib_duemilanove328_16.a(EthernetClient.cpp.o)
                                                  build\Web_Server.o
EthernetClient::read(unsigned char*, unsigned int) E:\Github for wgindows\WIZ550io\Web_Server\build\/lib_duemilanove328_16.a(EthernetClient.cpp.o)
EthernetClient::status()                          E:\Github for wgindows\WIZ550io\Web_Server\build\/lib_duemilanove328_16.a(EthernetClient.cpp.o)
                                                  E:\Github for wgindows\WIZ550io\Web_Server\build\/lib_duemilanove328_16.a(EthernetServer.cpp.o)
EthernetClient::stop()                            E:\Github for wgindows\WIZ550io\Web_Server\build\/lib_duemilanove328_16.a(EthernetClient.cpp.o)
                                                  E:\Github for wgindows\WIZ550io\Web_Server\build\/lib_duemilanove328_16.a(EthernetServer.cpp.o)
                                                  build\Web_Server.o
EthernetClient::write(unsigned char const*, unsigned int) E:\Github for wgindows\WIZ550io\Web_Server\build\/lib_duemilanove328_16.a(EthernetClient.cpp.o)
                                                  E:\Github for wgindows\WIZ550io\Web_Server\build\/lib_duemilanove328_16.a(EthernetServer.cpp.o)
EthernetClient::write(unsigned char)              E:\Github for wgindows\WIZ550io\Web_Server\build\/lib_duemilanove328_16.a(EthernetClient.cpp.o)
EthernetServer::EthernetServer(unsigned int)      E:\Github for wgindows\WIZ550io\Web_Server\build\/lib_duemilanove328_16.a(EthernetServer.cpp.o)
EthernetServer::EthernetServer(unsigned int)      E:\Github for wgindows\WIZ550io\Web_Server\build\/lib_duemilanove328_16.a(EthernetServer.cpp.o)
                                                  build\Web_Server.o
EthernetServer::accept()                          E:\Github for wgindows\WIZ550io\Web_Server\build\/lib_duemilanove328_16.a(EthernetServer.cpp.o)
EthernetServer::available()                       E:\Github for wgindows\WIZ550io\Web_Server\build\/lib_duemilanove328_16.a(EthernetServer.cpp.o)
                                                  build\Web_Server.o
EthernetServer::begin()                           E:\Github for wgindows\WIZ550io\Web_Server\build\/lib_duemilanove328_16.a(EthernetServer.cpp.o)
                                                  build\Web_Server.o
EthernetServer::write(unsigned char const*, unsigned int) E:\Github for wgindows\WIZ550io\Web_Server\build\/lib_duemilanove328_16.a(EthernetServer.cpp.o)
EthernetServer::write(unsigned char)              E:\Github for wgindows\WIZ550io\Web_Server\build\/lib_duemilanove328_16.a(EthernetServer.cpp.o)
EthernetUDP::EthernetUDP()                        E:\Github for wgindows\WIZ550io\Web_Server\build\/lib_duemilanove328_16.a(EthernetUdp.cpp.o)
                                                  E:\Github for wgindows\WIZ550io\Web_Server\build\/lib_duemilanove328_16.a(EthernetClient.cpp.o)
                                                  E:\Github for wgindows\WIZ550io\Web_Server\build\/lib_duemilanove328_16.a(Ethernet.cpp.o)
EthernetUDP::EthernetUDP()                        E:\Github for wgindows\WIZ550io\Web_Server\build\/lib_duemilanove328_16.a(EthernetUdp.cpp.o)
EthernetUDP::available()                          E:\Github for wgindows\WIZ550io\Web_Server\build\/lib_duemilanove328_16.a(EthernetUdp.cpp.o)
                                                  E:\Github for wgindows\WIZ550io\Web_Server\build\/lib_duemilanove328_16.a(Dns.cpp.o)
                                                  E:\Github for wgindows\WIZ550io\Web_Server\build\/lib_duemilanove328_16.a(Dhcp.cpp.o)
EthernetUDP::begin(unsigned int)                  E:\Github for wgindows\WIZ550io\Web_Server\build\/lib_duemilanove328_16.a(EthernetUdp.cpp.o)
                                                  E:\Github for wgindows\WIZ550io\Web_Server\build\/lib_duemilanove328_16.a(Dns.cpp.o)
                                                  E:\Github for wgindows\WIZ550io\Web_Server\build\/lib_duemilanove328_16.a(Dhcp.cpp.o)
EthernetUDP::beginPacket(IPAddress, unsigned int) E:\Github for wgindows\WIZ550io\Web_Server\build\/lib_duemilanove328_16.a(EthernetUdp.cpp.o)
                                                  E:\Github for wgindows\WIZ550io\Web_Server\build\/lib_duemilanove328_16.a(Dns.cpp.o)
                                                  E:\Github for wgindows\WIZ550io\Web_Server\build\/lib_duemilanove328_16.a(Dhcp.cpp.o)
EthernetUDP::beginPacket(char const*, unsigned int) E:\Github for wgindows\WIZ550io\Web_Server\build\/lib_duemilanove328_16.a(EthernetUdp.cpp.o)
EthernetUDP::endPacket()                          E:\Github for wgindows\WIZ550io\Web_Server\build\/lib_duemilanove328_16.a(EthernetUdp.cpp.o)
                                                  E:\Github for wgindows\WIZ550io\Web_Server\build\/lib_duemilanove328_16.a(Dns.cpp.o)
                                                  E:\Github for wgindows\WIZ550io\Web_Server\build\/lib_duemilanove328_16.a(Dhcp.cpp.o)
EthernetUDP::flush()                              E:\Github for wgindows\WIZ550io\Web_Server\build\/lib_duemilanove328_16.a(EthernetUdp.cpp.o)
                                                  E:\Github for wgindows\WIZ550io\Web_Server\build\/lib_duemilanove328_16.a(Dns.cpp.o)
                                                  E:\Github for wgindows\WIZ550io\Web_Server\build\/lib_duemilanove328_16.a(Dhcp.cpp.o)
EthernetUDP::parsePacket()                        E:\Github for wgindows\WIZ550io\Web_Server\build\/lib_duemilanove328_16.a(EthernetUdp.cpp.o)
                                                  E:\Github for wgindows\WIZ550io\Web_Server\build\/lib_duemilanove328_16.a(Dns.cpp.o)
                                                  E:\Github for wgindows\WIZ550io\Web_Server\build\/lib_duemilanove328_16.a(Dhcp.cpp.o)
EthernetUDP::peek()                               E:\Github for wgindows\WIZ550io\Web_Server\build\/lib_duemilanove328_16.a(EthernetUdp.cpp.o)
EthernetUDP::read()                               E:\Github for wgindows\WIZ550io\Web_Server\build\/lib_duemilanove328_16.a(EthernetUdp.cpp.o)
                                                  E:\Github for wgindows\WIZ550io\Web_Server\build\/lib_duemilanove328_16.a(Dns.cpp.o)
                                                  E:\Github for wgindows\WIZ550io\Web_Server\build\/lib_duemilanove328_16.a(Dhcp.cpp.o)
EthernetUDP::read(char*, unsigned int)            E:\Github for wgindows\WIZ550io\Web_Server\build\/lib_duemilanove328_16.a(EthernetUdp.cpp.o)
EthernetUDP::read(unsigned char*, unsigned int)   E:\Github for wgindows\WIZ550io\Web_Server\build\/lib_duemilanove328_16.a(EthernetUdp.cpp.o)
                                                  E:\Github for wgindows\WIZ550io\Web_Server\build\/lib_duemilanove328_16.a(Dns.cpp.o)
                                                  E:\Github for wgindows\WIZ550io\Web_Server\build\/lib_duemilanove328_16.a(Dhcp.cpp.o)
EthernetUDP::remoteIP()                           E:\Github for wgindows\WIZ550io\Web_Server\build\/lib_duemilanove328_16.a(EthernetUdp.cpp.o)
EthernetUDP::remotePort()                         E:\Github for wgindows\WIZ550io\Web_Server\build\/lib_duemilanove328_16.a(EthernetUdp.cpp.o)
EthernetUDP::stop()                               E:\Github for wgindows\WIZ550io\Web_Server\build\/lib_duemilanove328_16.a(EthernetUdp.cpp.o)
                                                  E:\Github for wgindows\WIZ550io\Web_Server\build\/lib_duemilanove328_16.a(Dns.cpp.o)
                                                  E:\Github for wgindows\WIZ550io\Web_Server\build\/lib_duemilanove328_16.a(Dhcp.cpp.o)
EthernetUDP::write(unsigned char const*, unsigned int) E:\Github for wgindows\WIZ550io\Web_Server\build\/lib_duemilanove328_16.a(EthernetUdp.cpp.o)
                                                  E:\Github for wgindows\WIZ550io\Web_Server\build\/lib_duemilanove328_16.a(Dns.cpp.o)
                                                  E:\Github for wgindows\WIZ550io\Web_Server\build\/lib_duemilanove328_16.a(Dhcp.cpp.o)
EthernetUDP::write(unsigned char)                 E:\Github for wgindows\WIZ550io\Web_Server\build\/lib_duemilanove328_16.a(EthernetUdp.cpp.o)
HardwareSerial::HardwareSerial(ring_buffer*, ring_buffer*, unsigned char volatile*, unsigned char volatile*, unsigned char volatile*, unsigned char volatile*, unsigned char volatile*, unsigned char volatile*, unsigned char, unsigned char, unsigned char, unsigned char, unsigned char) E:\Github for wgindows\WIZ550io\Web_Server\build\/core_duemilanove328_16.a(HardwareSerial.cpp.o)
HardwareSerial::HardwareSerial(ring_buffer*, ring_buffer*, unsigned char volatile*, unsigned char volatile*, unsigned char volatile*, unsigned char volatile*, unsigned char volatile*, unsigned char volatile*, unsigned char, unsigned char, unsigned char, unsigned char, unsigned char) E:\Github for wgindows\WIZ550io\Web_Server\build\/core_duemilanove328_16.a(HardwareSerial.cpp.o)
HardwareSerial::available()                       E:\Github for wgindows\WIZ550io\Web_Server\build\/core_duemilanove328_16.a(HardwareSerial.cpp.o)
HardwareSerial::begin(unsigned long)              E:\Github for wgindows\WIZ550io\Web_Server\build\/core_duemilanove328_16.a(HardwareSerial.cpp.o)
                                                  build\Web_Server.o
HardwareSerial::begin(unsigned long, unsigned char) E:\Github for wgindows\WIZ550io\Web_Server\build\/core_duemilanove328_16.a(HardwareSerial.cpp.o)
HardwareSerial::end()                             E:\Github for wgindows\WIZ550io\Web_Server\build\/core_duemilanove328_16.a(HardwareSerial.cpp.o)
HardwareSerial::flush()                           E:\Github for wgindows\WIZ550io\Web_Server\build\/core_duemilanove328_16.a(HardwareSerial.cpp.o)
HardwareSerial::operator bool()                   E:\Github for wgindows\WIZ550io\Web_Server\build\/core_duemilanove328_16.a(HardwareSerial.cpp.o)
HardwareSerial::peek()                            E:\Github for wgindows\WIZ550io\Web_Server\build\/core_duemilanove328_16.a(HardwareSerial.cpp.o)
HardwareSerial::read()                            E:\Github for wgindows\WIZ550io\Web_Server\build\/core_duemilanove328_16.a(HardwareSerial.cpp.o)
HardwareSerial::write(unsigned char)              E:\Github for wgindows\WIZ550io\Web_Server\build\/core_duemilanove328_16.a(HardwareSerial.cpp.o)
                                                  build\Web_Server.o
IPAddress::IPAddress()                            E:\Github for wgindows\WIZ550io\Web_Server\build\/core_duemilanove328_16.a(IPAddress.cpp.o)
                                                  E:\Github for wgindows\WIZ550io\Web_Server\build\/lib_duemilanove328_16.a(EthernetUdp.cpp.o)
                                                  E:\Github for wgindows\WIZ550io\Web_Server\build\/lib_duemilanove328_16.a(EthernetClient.cpp.o)
                                                  E:\Github for wgindows\WIZ550io\Web_Server\build\/lib_duemilanove328_16.a(Ethernet.cpp.o)
IPAddress::IPAddress()                            E:\Github for wgindows\WIZ550io\Web_Server\build\/core_duemilanove328_16.a(IPAddress.cpp.o)
IPAddress::IPAddress(unsigned char const*)        E:\Github for wgindows\WIZ550io\Web_Server\build\/core_duemilanove328_16.a(IPAddress.cpp.o)
                                                  E:\Github for wgindows\WIZ550io\Web_Server\build\/lib_duemilanove328_16.a(Dhcp.cpp.o)
IPAddress::IPAddress(unsigned char const*)        E:\Github for wgindows\WIZ550io\Web_Server\build\/core_duemilanove328_16.a(IPAddress.cpp.o)
IPAddress::IPAddress(unsigned char, unsigned char, unsigned char, unsigned char) E:\Github for wgindows\WIZ550io\Web_Server\build\/core_duemilanove328_16.a(IPAddress.cpp.o)
                                                  E:\Github for wgindows\WIZ550io\Web_Server\build\/lib_duemilanove328_16.a(Dns.cpp.o)
                                                  E:\Github for wgindows\WIZ550io\Web_Server\build\/lib_duemilanove328_16.a(Dhcp.cpp.o)
                                                  E:\Github for wgindows\WIZ550io\Web_Server\build\/lib_duemilanove328_16.a(EthernetUdp.cpp.o)
                                                  E:\Github for wgindows\WIZ550io\Web_Server\build\/lib_duemilanove328_16.a(EthernetServer.cpp.o)
                                                  E:\Github for wgindows\WIZ550io\Web_Server\build\/lib_duemilanove328_16.a(EthernetClient.cpp.o)
                                                  E:\Github for wgindows\WIZ550io\Web_Server\build\/lib_duemilanove328_16.a(Ethernet.cpp.o)
                                                  build\Web_Server.o
IPAddress::IPAddress(unsigned char, unsigned char, unsigned char, unsigned char) E:\Github for wgindows\WIZ550io\Web_Server\build\/core_duemilanove328_16.a(IPAddress.cpp.o)
IPAddress::IPAddress(unsigned long)               E:\Github for wgindows\WIZ550io\Web_Server\build\/core_duemilanove328_16.a(IPAddress.cpp.o)
IPAddress::IPAddress(unsigned long)               E:\Github for wgindows\WIZ550io\Web_Server\build\/core_duemilanove328_16.a(IPAddress.cpp.o)
IPAddress::operator=(unsigned char const*)        E:\Github for wgindows\WIZ550io\Web_Server\build\/core_duemilanove328_16.a(IPAddress.cpp.o)
                                                  E:\Github for wgindows\WIZ550io\Web_Server\build\/lib_duemilanove328_16.a(EthernetUdp.cpp.o)
IPAddress::operator=(unsigned long)               E:\Github for wgindows\WIZ550io\Web_Server\build\/core_duemilanove328_16.a(IPAddress.cpp.o)
IPAddress::operator==(unsigned char const*)       E:\Github for wgindows\WIZ550io\Web_Server\build\/core_duemilanove328_16.a(IPAddress.cpp.o)
IPAddress::printTo(Print&) const                  E:\Github for wgindows\WIZ550io\Web_Server\build\/core_duemilanove328_16.a(IPAddress.cpp.o)
Print::print(Printable const&)                    E:\Github for wgindows\WIZ550io\Web_Server\build\/core_duemilanove328_16.a(Print.cpp.o)
Print::print(String const&)                       E:\Github for wgindows\WIZ550io\Web_Server\build\/core_duemilanove328_16.a(Print.cpp.o)
Print::print(__FlashStringHelper const*)          E:\Github for wgindows\WIZ550io\Web_Server\build\/core_duemilanove328_16.a(Print.cpp.o)
Print::print(char const*)                         E:\Github for wgindows\WIZ550io\Web_Server\build\/core_duemilanove328_16.a(Print.cpp.o)
                                                  build\Web_Server.o
Print::print(char)                                E:\Github for wgindows\WIZ550io\Web_Server\build\/core_duemilanove328_16.a(Print.cpp.o)
                                                  E:\Github for wgindows\WIZ550io\Web_Server\build\/core_duemilanove328_16.a(IPAddress.cpp.o)
Print::print(double, int)                         E:\Github for wgindows\WIZ550io\Web_Server\build\/core_duemilanove328_16.a(Print.cpp.o)
Print::print(int, int)                            E:\Github for wgindows\WIZ550io\Web_Server\build\/core_duemilanove328_16.a(Print.cpp.o)
                                                  build\Web_Server.o
Print::print(long, int)                           E:\Github for wgindows\WIZ550io\Web_Server\build\/core_duemilanove328_16.a(Print.cpp.o)
Print::print(unsigned char, int)                  E:\Github for wgindows\WIZ550io\Web_Server\build\/core_duemilanove328_16.a(Print.cpp.o)
                                                  E:\Github for wgindows\WIZ550io\Web_Server\build\/core_duemilanove328_16.a(IPAddress.cpp.o)
Print::print(unsigned int, int)                   E:\Github for wgindows\WIZ550io\Web_Server\build\/core_duemilanove328_16.a(Print.cpp.o)
Print::print(unsigned long, int)                  E:\Github for wgindows\WIZ550io\Web_Server\build\/core_duemilanove328_16.a(Print.cpp.o)
Print::printFloat(double, unsigned char)          E:\Github for wgindows\WIZ550io\Web_Server\build\/core_duemilanove328_16.a(Print.cpp.o)
Print::printNumber(unsigned long, unsigned char)  E:\Github for wgindows\WIZ550io\Web_Server\build\/core_duemilanove328_16.a(Print.cpp.o)
Print::println()                                  E:\Github for wgindows\WIZ550io\Web_Server\build\/core_duemilanove328_16.a(Print.cpp.o)
                                                  build\Web_Server.o
Print::println(Printable const&)                  E:\Github for wgindows\WIZ550io\Web_Server\build\/core_duemilanove328_16.a(Print.cpp.o)
                                                  build\Web_Server.o
Print::println(String const&)                     E:\Github for wgindows\WIZ550io\Web_Server\build\/core_duemilanove328_16.a(Print.cpp.o)
Print::println(__FlashStringHelper const*)        E:\Github for wgindows\WIZ550io\Web_Server\build\/core_duemilanove328_16.a(Print.cpp.o)
Print::println(char const*)                       E:\Github for wgindows\WIZ550io\Web_Server\build\/core_duemilanove328_16.a(Print.cpp.o)
                                                  build\Web_Server.o
Print::println(char)                              E:\Github for wgindows\WIZ550io\Web_Server\build\/core_duemilanove328_16.a(Print.cpp.o)
Print::println(double, int)                       E:\Github for wgindows\WIZ550io\Web_Server\build\/core_duemilanove328_16.a(Print.cpp.o)
Print::println(int, int)                          E:\Github for wgindows\WIZ550io\Web_Server\build\/core_duemilanove328_16.a(Print.cpp.o)
Print::println(long, int)                         E:\Github for wgindows\WIZ550io\Web_Server\build\/core_duemilanove328_16.a(Print.cpp.o)
Print::println(unsigned char, int)                E:\Github for wgindows\WIZ550io\Web_Server\build\/core_duemilanove328_16.a(Print.cpp.o)
Print::println(unsigned int, int)                 E:\Github for wgindows\WIZ550io\Web_Server\build\/core_duemilanove328_16.a(Print.cpp.o)
Print::println(unsigned long, int)                E:\Github for wgindows\WIZ550io\Web_Server\build\/core_duemilanove328_16.a(Print.cpp.o)
Print::write(char const*)                         E:\Github for wgindows\WIZ550io\Web_Server\build\/core_duemilanove328_16.a(Print.cpp.o)
Print::write(unsigned char const*, unsigned int)  E:\Github for wgindows\WIZ550io\Web_Server\build\/core_duemilanove328_16.a(Print.cpp.o)
                                                  E:\Github for wgindows\WIZ550io\Web_Server\build\/core_duemilanove328_16.a(HardwareSerial.cpp.o)
                                                  E:\Github for wgindows\WIZ550io\Web_Server\build\/lib_duemilanove328_16.a(EthernetUdp.cpp.o)
                                                  E:\Github for wgindows\WIZ550io\Web_Server\build\/lib_duemilanove328_16.a(EthernetServer.cpp.o)
                                                  E:\Github for wgindows\WIZ550io\Web_Server\build\/lib_duemilanove328_16.a(EthernetClient.cpp.o)
SPI                                               E:\Github for wgindows\WIZ550io\Web_Server\build\/lib_duemilanove328_16.a(SPI.cpp.o)
SPIClass::begin()                                 E:\Github for wgindows\WIZ550io\Web_Server\build\/lib_duemilanove328_16.a(SPI.cpp.o)
                                                  E:\Github for wgindows\WIZ550io\Web_Server\build\/lib_duemilanove328_16.a(w5500.cpp.o)
SPIClass::end()                                   E:\Github for wgindows\WIZ550io\Web_Server\build\/lib_duemilanove328_16.a(SPI.cpp.o)
SPIClass::setBitOrder(unsigned char)              E:\Github for wgindows\WIZ550io\Web_Server\build\/lib_duemilanove328_16.a(SPI.cpp.o)
SPIClass::setClockDivider(unsigned char)          E:\Github for wgindows\WIZ550io\Web_Server\build\/lib_duemilanove328_16.a(SPI.cpp.o)
SPIClass::setDataMode(unsigned char)              E:\Github for wgindows\WIZ550io\Web_Server\build\/lib_duemilanove328_16.a(SPI.cpp.o)
Serial                                            E:\Github for wgindows\WIZ550io\Web_Server\build\/core_duemilanove328_16.a(HardwareSerial.cpp.o)
                                                  build\Web_Server.o
String::String(String const&)                     E:\Github for wgindows\WIZ550io\Web_Server\build\/core_duemilanove328_16.a(WString.cpp.o)
String::String(String const&)                     E:\Github for wgindows\WIZ550io\Web_Server\build\/core_duemilanove328_16.a(WString.cpp.o)
String::String(char const*)                       E:\Github for wgindows\WIZ550io\Web_Server\build\/core_duemilanove328_16.a(WString.cpp.o)
String::String(char const*)                       E:\Github for wgindows\WIZ550io\Web_Server\build\/core_duemilanove328_16.a(WString.cpp.o)
String::String(char)                              E:\Github for wgindows\WIZ550io\Web_Server\build\/core_duemilanove328_16.a(WString.cpp.o)
String::String(char)                              E:\Github for wgindows\WIZ550io\Web_Server\build\/core_duemilanove328_16.a(WString.cpp.o)
String::String(int, unsigned char)                E:\Github for wgindows\WIZ550io\Web_Server\build\/core_duemilanove328_16.a(WString.cpp.o)
String::String(int, unsigned char)                E:\Github for wgindows\WIZ550io\Web_Server\build\/core_duemilanove328_16.a(WString.cpp.o)
String::String(long, unsigned char)               E:\Github for wgindows\WIZ550io\Web_Server\build\/core_duemilanove328_16.a(WString.cpp.o)
String::String(long, unsigned char)               E:\Github for wgindows\WIZ550io\Web_Server\build\/core_duemilanove328_16.a(WString.cpp.o)
String::String(unsigned char, unsigned char)      E:\Github for wgindows\WIZ550io\Web_Server\build\/core_duemilanove328_16.a(WString.cpp.o)
String::String(unsigned char, unsigned char)      E:\Github for wgindows\WIZ550io\Web_Server\build\/core_duemilanove328_16.a(WString.cpp.o)
String::String(unsigned int, unsigned char)       E:\Github for wgindows\WIZ550io\Web_Server\build\/core_duemilanove328_16.a(WString.cpp.o)
String::String(unsigned int, unsigned char)       E:\Github for wgindows\WIZ550io\Web_Server\build\/core_duemilanove328_16.a(WString.cpp.o)
String::String(unsigned long, unsigned char)      E:\Github for wgindows\WIZ550io\Web_Server\build\/core_duemilanove328_16.a(WString.cpp.o)
String::String(unsigned long, unsigned char)      E:\Github for wgindows\WIZ550io\Web_Server\build\/core_duemilanove328_16.a(WString.cpp.o)
String::changeBuffer(unsigned int)                E:\Github for wgindows\WIZ550io\Web_Server\build\/core_duemilanove328_16.a(WString.cpp.o)
String::charAt(unsigned int) const                E:\Github for wgindows\WIZ550io\Web_Server\build\/core_duemilanove328_16.a(WString.cpp.o)
String::compareTo(String const&) const            E:\Github for wgindows\WIZ550io\Web_Server\build\/core_duemilanove328_16.a(WString.cpp.o)
String::concat(String const&)                     E:\Github for wgindows\WIZ550io\Web_Server\build\/core_duemilanove328_16.a(WString.cpp.o)
String::concat(char const*)                       E:\Github for wgindows\WIZ550io\Web_Server\build\/core_duemilanove328_16.a(WString.cpp.o)
String::concat(char const*, unsigned int)         E:\Github for wgindows\WIZ550io\Web_Server\build\/core_duemilanove328_16.a(WString.cpp.o)
String::concat(char)                              E:\Github for wgindows\WIZ550io\Web_Server\build\/core_duemilanove328_16.a(WString.cpp.o)
String::concat(int)                               E:\Github for wgindows\WIZ550io\Web_Server\build\/core_duemilanove328_16.a(WString.cpp.o)
String::concat(long)                              E:\Github for wgindows\WIZ550io\Web_Server\build\/core_duemilanove328_16.a(WString.cpp.o)
String::concat(unsigned char)                     E:\Github for wgindows\WIZ550io\Web_Server\build\/core_duemilanove328_16.a(WString.cpp.o)
String::concat(unsigned int)                      E:\Github for wgindows\WIZ550io\Web_Server\build\/core_duemilanove328_16.a(WString.cpp.o)
String::concat(unsigned long)                     E:\Github for wgindows\WIZ550io\Web_Server\build\/core_duemilanove328_16.a(WString.cpp.o)
String::copy(char const*, unsigned int)           E:\Github for wgindows\WIZ550io\Web_Server\build\/core_duemilanove328_16.a(WString.cpp.o)
String::endsWith(String const&) const             E:\Github for wgindows\WIZ550io\Web_Server\build\/core_duemilanove328_16.a(WString.cpp.o)
String::equals(String const&) const               E:\Github for wgindows\WIZ550io\Web_Server\build\/core_duemilanove328_16.a(WString.cpp.o)
String::equals(char const*) const                 E:\Github for wgindows\WIZ550io\Web_Server\build\/core_duemilanove328_16.a(WString.cpp.o)
String::equalsIgnoreCase(String const&) const     E:\Github for wgindows\WIZ550io\Web_Server\build\/core_duemilanove328_16.a(WString.cpp.o)
String::getBytes(unsigned char*, unsigned int, unsigned int) const E:\Github for wgindows\WIZ550io\Web_Server\build\/core_duemilanove328_16.a(WString.cpp.o)
String::indexOf(String const&) const              E:\Github for wgindows\WIZ550io\Web_Server\build\/core_duemilanove328_16.a(WString.cpp.o)
String::indexOf(String const&, unsigned int) const E:\Github for wgindows\WIZ550io\Web_Server\build\/core_duemilanove328_16.a(WString.cpp.o)
String::indexOf(char) const                       E:\Github for wgindows\WIZ550io\Web_Server\build\/core_duemilanove328_16.a(WString.cpp.o)
String::indexOf(char, unsigned int) const         E:\Github for wgindows\WIZ550io\Web_Server\build\/core_duemilanove328_16.a(WString.cpp.o)
String::invalidate()                              E:\Github for wgindows\WIZ550io\Web_Server\build\/core_duemilanove328_16.a(WString.cpp.o)
String::lastIndexOf(String const&) const          E:\Github for wgindows\WIZ550io\Web_Server\build\/core_duemilanove328_16.a(WString.cpp.o)
String::lastIndexOf(String const&, unsigned int) const E:\Github for wgindows\WIZ550io\Web_Server\build\/core_duemilanove328_16.a(WString.cpp.o)
String::lastIndexOf(char) const                   E:\Github for wgindows\WIZ550io\Web_Server\build\/core_duemilanove328_16.a(WString.cpp.o)
String::lastIndexOf(char, unsigned int) const     E:\Github for wgindows\WIZ550io\Web_Server\build\/core_duemilanove328_16.a(WString.cpp.o)
String::operator<(String const&) const            E:\Github for wgindows\WIZ550io\Web_Server\build\/core_duemilanove328_16.a(WString.cpp.o)
String::operator<=(String const&) const           E:\Github for wgindows\WIZ550io\Web_Server\build\/core_duemilanove328_16.a(WString.cpp.o)
String::operator=(String const&)                  E:\Github for wgindows\WIZ550io\Web_Server\build\/core_duemilanove328_16.a(WString.cpp.o)
String::operator=(char const*)                    E:\Github for wgindows\WIZ550io\Web_Server\build\/core_duemilanove328_16.a(WString.cpp.o)
String::operator>(String const&) const            E:\Github for wgindows\WIZ550io\Web_Server\build\/core_duemilanove328_16.a(WString.cpp.o)
String::operator>=(String const&) const           E:\Github for wgindows\WIZ550io\Web_Server\build\/core_duemilanove328_16.a(WString.cpp.o)
String::operator[](unsigned int)                  E:\Github for wgindows\WIZ550io\Web_Server\build\/core_duemilanove328_16.a(WString.cpp.o)
String::operator[](unsigned int) const            E:\Github for wgindows\WIZ550io\Web_Server\build\/core_duemilanove328_16.a(WString.cpp.o)
                                                  E:\Github for wgindows\WIZ550io\Web_Server\build\/core_duemilanove328_16.a(Print.cpp.o)
String::replace(String const&, String const&)     E:\Github for wgindows\WIZ550io\Web_Server\build\/core_duemilanove328_16.a(WString.cpp.o)
String::replace(char, char)                       E:\Github for wgindows\WIZ550io\Web_Server\build\/core_duemilanove328_16.a(WString.cpp.o)
String::reserve(unsigned int)                     E:\Github for wgindows\WIZ550io\Web_Server\build\/core_duemilanove328_16.a(WString.cpp.o)
String::setCharAt(unsigned int, char)             E:\Github for wgindows\WIZ550io\Web_Server\build\/core_duemilanove328_16.a(WString.cpp.o)
String::startsWith(String const&) const           E:\Github for wgindows\WIZ550io\Web_Server\build\/core_duemilanove328_16.a(WString.cpp.o)
String::startsWith(String const&, unsigned int) const E:\Github for wgindows\WIZ550io\Web_Server\build\/core_duemilanove328_16.a(WString.cpp.o)
String::substring(unsigned int) const             E:\Github for wgindows\WIZ550io\Web_Server\build\/core_duemilanove328_16.a(WString.cpp.o)
String::substring(unsigned int, unsigned int) const E:\Github for wgindows\WIZ550io\Web_Server\build\/core_duemilanove328_16.a(WString.cpp.o)
String::toInt() const                             E:\Github for wgindows\WIZ550io\Web_Server\build\/core_duemilanove328_16.a(WString.cpp.o)
String::toLowerCase()                             E:\Github for wgindows\WIZ550io\Web_Server\build\/core_duemilanove328_16.a(WString.cpp.o)
String::toUpperCase()                             E:\Github for wgindows\WIZ550io\Web_Server\build\/core_duemilanove328_16.a(WString.cpp.o)
String::trim()                                    E:\Github for wgindows\WIZ550io\Web_Server\build\/core_duemilanove328_16.a(WString.cpp.o)
String::~String()                                 E:\Github for wgindows\WIZ550io\Web_Server\build\/core_duemilanove328_16.a(WString.cpp.o)
String::~String()                                 E:\Github for wgindows\WIZ550io\Web_Server\build\/core_duemilanove328_16.a(WString.cpp.o)
W5100                                             E:\Github for wgindows\WIZ550io\Web_Server\build\/lib_duemilanove328_16.a(w5500.cpp.o)
                                                  E:\Github for wgindows\WIZ550io\Web_Server\build\/lib_duemilanove328_16.a(socket.cpp.o)
                                                  E:\Github for wgindows\WIZ550io\Web_Server\build\/lib_duemilanove328_16.a(EthernetUdp.cpp.o)
                                                  E:\Github for wgindows\WIZ550io\Web_Server\build\/lib_duemilanove328_16.a(EthernetClient.cpp.o)
                                                  E:\Github for wgindows\WIZ550io\Web_Server\build\/lib_duemilanove328_16.a(Ethernet.cpp.o)
W5500Class::execCmdSn(unsigned char, SockCMD)     E:\Github for wgindows\WIZ550io\Web_Server\build\/lib_duemilanove328_16.a(w5500.cpp.o)
                                                  E:\Github for wgindows\WIZ550io\Web_Server\build\/lib_duemilanove328_16.a(socket.cpp.o)
W5500Class::getRXReceivedSize(unsigned char)      E:\Github for wgindows\WIZ550io\Web_Server\build\/lib_duemilanove328_16.a(w5500.cpp.o)
                                                  E:\Github for wgindows\WIZ550io\Web_Server\build\/lib_duemilanove328_16.a(socket.cpp.o)
                                                  E:\Github for wgindows\WIZ550io\Web_Server\build\/lib_duemilanove328_16.a(EthernetUdp.cpp.o)
                                                  E:\Github for wgindows\WIZ550io\Web_Server\build\/lib_duemilanove328_16.a(EthernetClient.cpp.o)
W5500Class::getTXFreeSize(unsigned char)          E:\Github for wgindows\WIZ550io\Web_Server\build\/lib_duemilanove328_16.a(w5500.cpp.o)
                                                  E:\Github for wgindows\WIZ550io\Web_Server\build\/lib_duemilanove328_16.a(socket.cpp.o)
W5500Class::init()                                E:\Github for wgindows\WIZ550io\Web_Server\build\/lib_duemilanove328_16.a(w5500.cpp.o)
                                                  E:\Github for wgindows\WIZ550io\Web_Server\build\/lib_duemilanove328_16.a(Ethernet.cpp.o)
W5500Class::read(unsigned int, unsigned char)     E:\Github for wgindows\WIZ550io\Web_Server\build\/lib_duemilanove328_16.a(w5500.cpp.o)
                                                  E:\Github for wgindows\WIZ550io\Web_Server\build\/lib_duemilanove328_16.a(socket.cpp.o)
                                                  E:\Github for wgindows\WIZ550io\Web_Server\build\/lib_duemilanove328_16.a(EthernetUdp.cpp.o)
                                                  E:\Github for wgindows\WIZ550io\Web_Server\build\/lib_duemilanove328_16.a(EthernetClient.cpp.o)
W5500Class::read(unsigned int, unsigned char, unsigned char*, unsigned int) E:\Github for wgindows\WIZ550io\Web_Server\build\/lib_duemilanove328_16.a(w5500.cpp.o)
                                                  E:\Github for wgindows\WIZ550io\Web_Server\build\/lib_duemilanove328_16.a(Ethernet.cpp.o)
W5500Class::readSn(unsigned char, unsigned int)   E:\Github for wgindows\WIZ550io\Web_Server\build\/lib_duemilanove328_16.a(socket.cpp.o)
W5500Class::readSnRX_RSR(unsigned char)           E:\Github for wgindows\WIZ550io\Web_Server\build\/lib_duemilanove328_16.a(w5500.cpp.o)
W5500Class::readSnTX_FSR(unsigned char)           E:\Github for wgindows\WIZ550io\Web_Server\build\/lib_duemilanove328_16.a(w5500.cpp.o)
W5500Class::read_data(unsigned char, unsigned char volatile*, unsigned char volatile*, unsigned int) E:\Github for wgindows\WIZ550io\Web_Server\build\/lib_duemilanove328_16.a(w5500.cpp.o)
                                                  E:\Github for wgindows\WIZ550io\Web_Server\build\/lib_duemilanove328_16.a(socket.cpp.o)
W5500Class::recv_data_processing(unsigned char, unsigned char*, unsigned int, unsigned char) E:\Github for wgindows\WIZ550io\Web_Server\build\/lib_duemilanove328_16.a(w5500.cpp.o)
                                                  E:\Github for wgindows\WIZ550io\Web_Server\build\/lib_duemilanove328_16.a(socket.cpp.o)
W5500Class::send_data_processing(unsigned char, unsigned char const*, unsigned int) E:\Github for wgindows\WIZ550io\Web_Server\build\/lib_duemilanove328_16.a(w5500.cpp.o)
                                                  E:\Github for wgindows\WIZ550io\Web_Server\build\/lib_duemilanove328_16.a(socket.cpp.o)
W5500Class::send_data_processing_offset(unsigned char, unsigned int, unsigned char const*, unsigned int) E:\Github for wgindows\WIZ550io\Web_Server\build\/lib_duemilanove328_16.a(w5500.cpp.o)
                                                  E:\Github for wgindows\WIZ550io\Web_Server\build\/lib_duemilanove328_16.a(socket.cpp.o)
W5500Class::setGatewayIp(unsigned char*)          E:\Github for wgindows\WIZ550io\Web_Server\build\/lib_duemilanove328_16.a(Ethernet.cpp.o)
W5500Class::setIPAddress(unsigned char*)          E:\Github for wgindows\WIZ550io\Web_Server\build\/lib_duemilanove328_16.a(Ethernet.cpp.o)
W5500Class::setSubnetMask(unsigned char*)         E:\Github for wgindows\WIZ550io\Web_Server\build\/lib_duemilanove328_16.a(Ethernet.cpp.o)
W5500Class::write(unsigned int, unsigned char, unsigned char const*, unsigned int) E:\Github for wgindows\WIZ550io\Web_Server\build\/lib_duemilanove328_16.a(w5500.cpp.o)
                                                  E:\Github for wgindows\WIZ550io\Web_Server\build\/lib_duemilanove328_16.a(socket.cpp.o)
                                                  E:\Github for wgindows\WIZ550io\Web_Server\build\/lib_duemilanove328_16.a(Ethernet.cpp.o)
W5500Class::write(unsigned int, unsigned char, unsigned char) E:\Github for wgindows\WIZ550io\Web_Server\build\/lib_duemilanove328_16.a(w5500.cpp.o)
                                                  E:\Github for wgindows\WIZ550io\Web_Server\build\/lib_duemilanove328_16.a(socket.cpp.o)
W5500Class::writeSn(unsigned char, unsigned int, unsigned char) E:\Github for wgindows\WIZ550io\Web_Server\build\/lib_duemilanove328_16.a(socket.cpp.o)
W5500Class::writeSnDIPR(unsigned char, unsigned char*) E:\Github for wgindows\WIZ550io\Web_Server\build\/lib_duemilanove328_16.a(socket.cpp.o)
W5500Class::writeSnDPORT(unsigned char, unsigned int) E:\Github for wgindows\WIZ550io\Web_Server\build\/lib_duemilanove328_16.a(socket.cpp.o)
W5500Class::writeSnPORT(unsigned char, unsigned int) E:\Github for wgindows\WIZ550io\Web_Server\build\/lib_duemilanove328_16.a(socket.cpp.o)
W5500Class::writeSnRX_RD(unsigned char, unsigned int) E:\Github for wgindows\WIZ550io\Web_Server\build\/lib_duemilanove328_16.a(socket.cpp.o)
__addsf3                                          e:/codeblocks-arduino baru/codeblocks/bin/../lib/gcc/avr/4.3.3/../../../../avr/lib/avr5\libm.a(addsf3.o)
                                                  E:\Github for wgindows\WIZ550io\Web_Server\build\/core_duemilanove328_16.a(Print.cpp.o)
__addsf3x                                         e:/codeblocks-arduino baru/codeblocks/bin/../lib/gcc/avr/4.3.3/../../../../avr/lib/avr5\libm.a(addsf3x.o)
                                                  e:/codeblocks-arduino baru/codeblocks/bin/../lib/gcc/avr/4.3.3/../../../../avr/lib/avr5\libm.a(addsf3.o)
__bad_interrupt                                   e:/codeblocks-arduino baru/codeblocks/bin/../lib/gcc/avr/4.3.3/../../../../avr/lib/avr5/crtm328p.o
__brkval                                          e:/codeblocks-arduino baru/codeblocks/bin/../lib/gcc/avr/4.3.3/../../../../avr/lib/avr5\libc.a(realloc.o)
                                                  e:/codeblocks-arduino baru/codeblocks/bin/../lib/gcc/avr/4.3.3/../../../../avr/lib/avr5\libc.a(malloc.o)
__bss_end                                         e:/codeblocks-arduino baru/codeblocks/bin/../lib/gcc/avr/4.3.3/avr5\libgcc.a(_clear_bss.o)
__bss_start                                       e:/codeblocks-arduino baru/codeblocks/bin/../lib/gcc/avr/4.3.3/avr5\libgcc.a(_clear_bss.o)
__cmpsf2                                          e:/codeblocks-arduino baru/codeblocks/bin/../lib/gcc/avr/4.3.3/../../../../avr/lib/avr5\libm.a(cmpsf2.o)
__ctors_end                                       e:/codeblocks-arduino baru/codeblocks/bin/../lib/gcc/avr/4.3.3/avr5\libgcc.a(_ctors.o)
__ctors_start                                     e:/codeblocks-arduino baru/codeblocks/bin/../lib/gcc/avr/4.3.3/avr5\libgcc.a(_ctors.o)
__ctype_isfalse                                   e:/codeblocks-arduino baru/codeblocks/bin/../lib/gcc/avr/4.3.3/../../../../avr/lib/avr5\libc.a(cty_isfalse.o)
                                                  e:/codeblocks-arduino baru/codeblocks/bin/../lib/gcc/avr/4.3.3/../../../../avr/lib/avr5\libc.a(isspace.o)
__ctype_istrue                                    e:/codeblocks-arduino baru/codeblocks/bin/../lib/gcc/avr/4.3.3/../../../../avr/lib/avr5\libc.a(cty_isfalse.o)
__cxa_guard_abort                                 E:\Github for wgindows\WIZ550io\Web_Server\build\/core_duemilanove328_16.a(new.cpp.o)
__cxa_guard_acquire                               E:\Github for wgindows\WIZ550io\Web_Server\build\/core_duemilanove328_16.a(new.cpp.o)
__cxa_guard_release                               E:\Github for wgindows\WIZ550io\Web_Server\build\/core_duemilanove328_16.a(new.cpp.o)
__cxa_pure_virtual                                E:\Github for wgindows\WIZ550io\Web_Server\build\/core_duemilanove328_16.a(new.cpp.o)
                                                  E:\Github for wgindows\WIZ550io\Web_Server\build\/core_duemilanove328_16.a(Print.cpp.o)
                                                  E:\Github for wgindows\WIZ550io\Web_Server\build\/core_duemilanove328_16.a(IPAddress.cpp.o)
                                                  E:\Github for wgindows\WIZ550io\Web_Server\build\/core_duemilanove328_16.a(HardwareSerial.cpp.o)
                                                  E:\Github for wgindows\WIZ550io\Web_Server\build\/lib_duemilanove328_16.a(Dns.cpp.o)