Archive member included because of file (symbol)

E:\Github for wgindows\WIZ550io\mysql_connector_basic\build\/lib_nano328_16.a(Ethernet.cpp.o)
                              build\mysql_connector_basic.o (Ethernet)
E:\Github for wgindows\WIZ550io\mysql_connector_basic\build\/lib_nano328_16.a(EthernetUdp.cpp.o)
                              E:\Github for wgindows\WIZ550io\mysql_connector_basic\build\/lib_nano328_16.a(Ethernet.cpp.o) (EthernetUDP::EthernetUDP())
E:\Github for wgindows\WIZ550io\mysql_connector_basic\build\/lib_nano328_16.a(socket.cpp.o)
                              E:\Github for wgindows\WIZ550io\mysql_connector_basic\build\/lib_nano328_16.a(EthernetUdp.cpp.o) (sendUDP(unsigned char))
E:\Github for wgindows\WIZ550io\mysql_connector_basic\build\/lib_nano328_16.a(w5500.cpp.o)
                              E:\Github for wgindows\WIZ550io\mysql_connector_basic\build\/lib_nano328_16.a(socket.cpp.o) (W5500Class::write(unsigned int, unsigned char, unsigned char))
E:\Github for wgindows\WIZ550io\mysql_connector_basic\build\/lib_nano328_16.a(mysql.cpp.o)
                              build\mysql_connector_basic.o (Connector::free_row_buffer())
E:\Github for wgindows\WIZ550io\mysql_connector_basic\build\/lib_nano328_16.a(SPI.cpp.o)
                              E:\Github for wgindows\WIZ550io\mysql_connector_basic\build\/lib_nano328_16.a(w5500.cpp.o) (SPIClass::begin())
E:\Github for wgindows\WIZ550io\mysql_connector_basic\build\/lib_nano328_16.a(Dhcp.cpp.o)
                              E:\Github for wgindows\WIZ550io\mysql_connector_basic\build\/lib_nano328_16.a(Ethernet.cpp.o) (DhcpClass::getDnsServerIp())
E:\Github for wgindows\WIZ550io\mysql_connector_basic\build\/lib_nano328_16.a(Dns.cpp.o)
                              E:\Github for wgindows\WIZ550io\mysql_connector_basic\build\/lib_nano328_16.a(EthernetUdp.cpp.o) (DNSClient::begin(IPAddress const&))
E:\Github for wgindows\WIZ550io\mysql_connector_basic\build\/lib_nano328_16.a(EthernetClient.cpp.o)
                              E:\Github for wgindows\WIZ550io\mysql_connector_basic\build\/lib_nano328_16.a(mysql.cpp.o) (EthernetClient::EthernetClient())
E:\Github for wgindows\WIZ550io\mysql_connector_basic\build\/lib_nano328_16.a(sha1.cpp.o)
                              E:\Github for wgindows\WIZ550io\mysql_connector_basic\build\/lib_nano328_16.a(mysql.cpp.o) (Sha1Class::write(unsigned char*, int))
E:\Github for wgindows\WIZ550io\mysql_connector_basic\build\/core_nano328_16.a(HardwareSerial.cpp.o)
                              build\mysql_connector_basic.o (Serial)
E:\Github for wgindows\WIZ550io\mysql_connector_basic\build\/core_nano328_16.a(IPAddress.cpp.o)
                              build\mysql_connector_basic.o (vtable for IPAddress)
E:\Github for wgindows\WIZ550io\mysql_connector_basic\build\/core_nano328_16.a(main.cpp.o)
                              e:/codeblocks-arduino baru/codeblocks/bin/../lib/gcc/avr/4.3.3/../../../../avr/lib/avr5/crtm328p.o (main)
E:\Github for wgindows\WIZ550io\mysql_connector_basic\build\/core_nano328_16.a(new.cpp.o)
                              build\mysql_connector_basic.o (__cxa_pure_virtual)
E:\Github for wgindows\WIZ550io\mysql_connector_basic\build\/core_nano328_16.a(Print.cpp.o)
                              E:\Github for wgindows\WIZ550io\mysql_connector_basic\build\/lib_nano328_16.a(EthernetUdp.cpp.o) (Print::write(unsigned char const*, unsigned int))
E:\Github for wgindows\WIZ550io\mysql_connector_basic\build\/core_nano328_16.a(wiring.c.o)
                              E:\Github for wgindows\WIZ550io\mysql_connector_basic\build\/lib_nano328_16.a(Dhcp.cpp.o) (millis)
E:\Github for wgindows\WIZ550io\mysql_connector_basic\build\/core_nano328_16.a(wiring_digital.c.o)
                              E:\Github for wgindows\WIZ550io\mysql_connector_basic\build\/lib_nano328_16.a(SPI.cpp.o) (pinMode)
E:\Github for wgindows\WIZ550io\mysql_connector_basic\build\/core_nano328_16.a(WMath.cpp.o)
                              E:\Github for wgindows\WIZ550io\mysql_connector_basic\build\/lib_nano328_16.a(Dhcp.cpp.o) (random(long, long))
E:\Github for wgindows\WIZ550io\mysql_connector_basic\build\/core_nano328_16.a(WString.cpp.o)
                              E:\Github for wgindows\WIZ550io\mysql_connector_basic\build\/core_nano328_16.a(Print.cpp.o) (String::operator[](unsigned int) const)
e:/codeblocks-arduino baru/codeblocks/bin/../lib/gcc/avr/4.3.3/../../../../avr/lib/avr5\libm.a(addsf3.o)
                              E:\Github for wgindows\WIZ550io\mysql_connector_basic\build\/core_nano328_16.a(Print.cpp.o) (__subsf3)
e:/codeblocks-arduino baru/codeblocks/bin/../lib/gcc/avr/4.3.3/../../../../avr/lib/avr5\libm.a(addsf3x.o)
                              e:/codeblocks-arduino baru/codeblocks/bin/../lib/gcc/avr/4.3.3/../../../../avr/lib/avr5\libm.a(addsf3.o) (__addsf3x)
e:/codeblocks-arduino baru/codeblocks/bin/../lib/gcc/avr/4.3.3/../../../../avr/lib/avr5\libm.a(cmpsf2.o)
[...]
Memory Configuration

Name             Origin             Length             Attributes
text             0x00000000         0x00020000         xr
data             0x00800060         0x0000ffa0         rw !x
eeprom           0x00810000         0x00010000         rw !x
fuse             0x00820000         0x00000400         rw !x
lock             0x00830000         0x00000400         rw !x
signature        0x00840000         0x00000400         rw !x
*default*        0x00000000         0xffffffff

Linker script and memory map

Address of section .data set to 0x800100
LOAD e:/codeblocks-arduino baru/codeblocks/bin/../lib/gcc/avr/4.3.3/../../../../avr/lib/avr5/crtm328p.o
LOAD build\mysql_connector_basic.o
LOAD E:\Github for wgindows\WIZ550io\mysql_connector_basic\build\/lib_nano328_16.a
LOAD E:\Github for wgindows\WIZ550io\mysql_connector_basic\build\/core_nano328_16.a
LOAD e:/codeblocks-arduino baru/codeblocks/bin/../lib/gcc/avr/4.3.3/../../../../avr/lib/avr5\libm.a
LOAD e:/codeblocks-arduino baru/codeblocks/bin/../lib/gcc/avr/4.3.3/avr5\libgcc.a
LOAD e:/codeblocks-arduino baru/codeblocks/bin/../lib/gcc/avr/4.3.3/../../../../avr/lib/avr5\libc.a
LOAD e:/codeblocks-arduino baru/codeblocks/bin/../lib/gcc/avr/4.3.3/avr5\libgcc.a

.hash
 *(.hash)

.dynsym
 *(.dynsym)

.dynstr
 *(.dynstr)

.gnu.version
 *(.gnu.version)

.gnu.version_d
 *(.gnu.version_d)

.gnu.version_r
 *(.gnu.version_r)

.rel.init
 *(.rel.init)

.rela.init
 *(.rela.init)

.rel.text
 *(.rel.text)
 *(.rel.text.*)
 *(.rel.gnu.linkonce.t*)

.rela.text
 *(.rela.text)
 *(.rela.text.*)
 *(.rela.gnu.linkonce.t*)

.rel.fini
 *(.rel.fini)

.rela.fini
 *(.rela.fini)

.rel.rodata
 *(.rel.rodata)
 *(.rel.rodata.*)
 *(.rel.gnu.linkonce.r*)

.rela.rodata
 *(.rela.rodata)
 *(.rela.rodata.*)
 *(.rela.gnu.linkonce.r*)

.rel.data
 *(.rel.data)
 *(.rel.data.*)
 *(.rel.gnu.linkonce.d*)

.rela.data
 *(.rela.data)
 *(.rela.data.*)
 *(.rela.gnu.linkonce.d*)

.rel.ctors
 *(.rel.ctors)

.rela.ctors
 *(.rela.ctors)

.rel.dtors
 *(.rel.dtors)

.rela.dtors
 *(.rela.dtors)

.rel.got
 *(.rel.got)

.rela.got
 *(.rela.got)

.rel.bss
 *(.rel.bss)

.rela.bss
 *(.rela.bss)

.rel.plt
 *(.rel.plt)

.rela.plt
 *(.rela.plt)

.text           0x00000000     0x5bac
 *(.vectors)
 .vectors       0x00000000       0x68 e:/codeblocks-arduino baru/codeblocks/bin/../lib/gcc/avr/4.3.3/../../../../avr/lib/avr5/crtm328p.o
                0x00000000                __vectors
                0x00000000                __vector_default
 *(.vectors)
 *(.progmem.gcc*)
 *(.progmem*)
 .progmem.data  0x00000068       0x14 E:\Github for wgindows\WIZ550io\mysql_connector_basic\build\/lib_nano328_16.a(sha1.cpp.o)
                0x00000068                sha1InitState
 .progmem.data  0x0000007c       0x5a E:\Github for wgindows\WIZ550io\mysql_connector_basic\build\/core_nano328_16.a(wiring_digital.c.o)
                0x0000007c                port_to_mode_PGM
                0x0000009a                digital_pin_to_port_PGM
                0x000000ae                digital_pin_to_bit_mask_PGM
                0x00000086                port_to_output_PGM
                0x00000090                port_to_input_PGM
                0x000000c2                digital_pin_to_timer_PGM
 .progmem.data  0x000000d6       0xfa e:/codeblocks-arduino baru/codeblocks/bin/../lib/gcc/avr/4.3.3/../../../../avr/lib/avr5\libc.a(ftoa_engine.o)
                0x000001d0                . = ALIGN (0x2)
                0x000001d0                __trampolines_start = .
 *(.trampolines)
 .trampolines   0x000001d0        0x0 linker stubs
 *(.trampolines*)
                0x000001d0                __trampolines_end = .
 *(.jumptables)
 *(.jumptables*)
 *(.lowtext)
 *(.lowtext*)
                0x000001d0                __ctors_start = .
 *(.ctors)
 .ctors         0x000001d0        0x2 build\mysql_connector_basic.o
 .ctors         0x000001d2        0x2 E:\Github for wgindows\WIZ550io\mysql_connector_basic\build\/lib_nano328_16.a(Ethernet.cpp.o)
 .ctors         0x000001d4        0x2 E:\Github for wgindows\WIZ550io\mysql_connector_basic\build\/lib_nano328_16.a(EthernetUdp.cpp.o)
 .ctors         0x000001d6        0x2 E:\Github for wgindows\WIZ550io\mysql_connector_basic\build\/lib_nano328_16.a(mysql.cpp.o)
 .ctors         0x000001d8        0x2 E:\Github for wgindows\WIZ550io\mysql_connector_basic\build\/lib_nano328_16.a(Dhcp.cpp.o)
 .ctors         0x000001da        0x2 E:\Github for wgindows\WIZ550io\mysql_connector_basic\build\/lib_nano328_16.a(Dns.cpp.o)
 .ctors         0x000001dc        0x2 E:\Github for wgindows\WIZ550io\mysql_connector_basic\build\/lib_nano328_16.a(EthernetClient.cpp.o)
 .ctors         0x000001de        0x2 E:\Github for wgindows\WIZ550io\mysql_connector_basic\build\/lib_nano328_16.a(sha1.cpp.o)
 .ctors         0x000001e0        0x2 E:\Github for wgindows\WIZ550io\mysql_connector_basic\build\/core_nano328_16.a(HardwareSerial.cpp.o)
 .ctors         0x000001e2        0x2 E:\Github for wgindows\WIZ550io\mysql_connector_basic\build\/core_nano328_16.a(IPAddress.cpp.o)
                0x000001e4                __ctors_end = .
                0x000001e4                __dtors_start = .
 *(.dtors)
                0x000001e4                __dtors_end = .
 SORT(*)(.ctors)
 SORT(*)(.dtors)
 *(.init0)
 .init0         0x000001e4        0x0 e:/codeblocks-arduino baru/codeblocks/bin/../lib/gcc/avr/4.3.3/../../../../avr/lib/avr5/crtm328p.o
                0x000001e4                __init
 *(.init0)
 *(.init1)
 *(.init1)
 *(.init2)
 .init2         0x000001e4        0xc e:/codeblocks-arduino baru/codeblocks/bin/../lib/gcc/avr/4.3.3/../../../../avr/lib/avr5/crtm328p.o
 *(.init2)
 *(.init3)
 *(.init3)
 *(.init4)
 .init4         0x000001f0       0x16 e:/codeblocks-arduino baru/codeblocks/bin/../lib/gcc/avr/4.3.3/avr5\libgcc.a(_copy_data.o)
                0x000001f0                __do_copy_data
 .init4         0x00000206       0x10 e:/codeblocks-arduino baru/codeblocks/bin/../lib/gcc/avr/4.3.3/avr5\libgcc.a(_clear_bss.o)
                0x00000206                __do_clear_bss
 *(.init4)
 *(.init5)
 *(.init5)
 *(.init6)
 .init6         0x00000216       0x16 e:/codeblocks-arduino baru/codeblocks/bin/../lib/gcc/avr/4.3.3/avr5\libgcc.a(_ctors.o)
                0x00000216                __do_global_ctors
 *(.init6)
 *(.init7)
 *(.init7)
 *(.init8)
 *(.init8)
 *(.init9)
 .init9         0x0000022c        0x8 e:/codeblocks-arduino baru/codeblocks/bin/../lib/gcc/avr/4.3.3/../../../../avr/lib/avr5/crtm328p.o
 *(.init9)
 *(.text)
 .text          0x00000234        0x4 e:/codeblocks-arduino baru/codeblocks/bin/../lib/gcc/avr/4.3.3/../../../../avr/lib/avr5/crtm328p.o
                0x00000234                __vector_22
                0x00000234                __vector_1
                0x00000234                __vector_24
                0x00000234                __vector_12
                0x00000234                __bad_interrupt
                0x00000234                __vector_6
                0x00000234                __vector_3
                0x00000234                __vector_23
                0x00000234                __vector_25
                0x00000234                __vector_11
                0x00000234                __vector_13
                0x00000234                __vector_17
                0x00000234                __vector_7
                0x00000234                __vector_5
                0x00000234                __vector_4
                0x00000234                __vector_9
                0x00000234                __vector_2
                0x00000234                __vector_21
                0x00000234                __vector_15
                0x00000234                __vector_8
                0x00000234                __vector_14
                0x00000234                __vector_10
                0x00000234                __vector_20
 .text          0x00000238       0x42 e:/codeblocks-arduino baru/codeblocks/bin/../lib/gcc/avr/4.3.3/../../../../avr/lib/avr5\libc.a(dtostrf.o)
                0x00000238                dtostrf
 .text          0x0000027a      0x204 e:/codeblocks-arduino baru/codeblocks/bin/../lib/gcc/avr/4.3.3/../../../../avr/lib/avr5\libc.a(malloc.o)
                0x0000027a                malloc
                0x000003ce                free
 .text          0x0000047e       0xc2 e:/codeblocks-arduino baru/codeblocks/bin/../lib/gcc/avr/4.3.3/../../../../avr/lib/avr5\libc.a(random.o)
                0x00000524                random
                0x0000051e                random_r
                0x0000052e                srandom
 .text          0x00000540       0x4e e:/codeblocks-arduino baru/codeblocks/bin/../lib/gcc/avr/4.3.3/../../../../avr/lib/avr5\libc.a(atol.o)
                0x00000540                atol
 .text          0x0000058e       0x12 e:/codeblocks-arduino baru/codeblocks/bin/../lib/gcc/avr/4.3.3/../../../../avr/lib/avr5\libc.a(memcpy_P.o)
                0x0000058e                memcpy_P
 .text          0x000005a0       0x1a e:/codeblocks-arduino baru/codeblocks/bin/../lib/gcc/avr/4.3.3/../../../../avr/lib/avr5\libc.a(memcmp.o)
                0x000005a0                memcmp
 .text          0x000005ba       0x12 e:/codeblocks-arduino baru/codeblocks/bin/../lib/gcc/avr/4.3.3/../../../../avr/lib/avr5\libc.a(memcpy.o)
                0x000005ba                memcpy
 .text          0x000005cc        0xe e:/codeblocks-arduino baru/codeblocks/bin/../lib/gcc/avr/4.3.3/../../../../avr/lib/avr5\libc.a(memset.o)
                0x000005cc                memset
 .text          0x000005da        0xe e:/codeblocks-arduino baru/codeblocks/bin/../lib/gcc/avr/4.3.3/../../../../avr/lib/avr5\libc.a(strcpy.o)
                0x000005da                strcpy
 .text          0x000005e8       0x1e e:/codeblocks-arduino baru/codeblocks/bin/../lib/gcc/avr/4.3.3/../../../../avr/lib/avr5\libc.a(strncpy.o)
                0x000005e8                strncpy
 .text          0x00000606       0x2a e:/codeblocks-arduino baru/codeblocks/bin/../lib/gcc/avr/4.3.3/../../../../avr/lib/avr5\libc.a(mulsi10.o)
                0x00000606                __mulsi_const_10
 .text          0x00000630       0x48 e:/codeblocks-arduino baru/codeblocks/bin/../lib/gcc/avr/4.3.3/../../../../avr/lib/avr5\libc.a(sprintf.o)
                0x00000630                sprintf
 .text          0x00000678      0x3ba e:/codeblocks-arduino baru/codeblocks/bin/../lib/gcc/avr/4.3.3/../../../../avr/lib/avr5\libc.a(vfprintf_std.o)
                0x00000678                vfprintf
 .text          0x00000a32      0x2c4 e:/codeblocks-arduino baru/codeblocks/bin/../lib/gcc/avr/4.3.3/../../../../avr/lib/avr5\libc.a(dtoa_prf.o)
                0x00000a32                dtoa_prf
 .text          0x00000cf6      0x1b0 e:/codeblocks-arduino baru/codeblocks/bin/../lib/gcc/avr/4.3.3/../../../../avr/lib/avr5\libc.a(ftoa_engine.o)
                0x00000cf6                __ftoa_engine
 .text          0x00000ea6       0x16 e:/codeblocks-arduino baru/codeblocks/bin/../lib/gcc/avr/4.3.3/../../../../avr/lib/avr5\libc.a(strnlen_P.o)
                0x00000ea6                strnlen_P
 .text          0x00000ebc       0x16 e:/codeblocks-arduino baru/codeblocks/bin/../lib/gcc/avr/4.3.3/../../../../avr/lib/avr5\libc.a(strnlen.o)
                0x00000ebc                strnlen
 .text          0x00000ed2       0x58 e:/codeblocks-arduino baru/codeblocks/bin/../lib/gcc/avr/4.3.3/../../../../avr/lib/avr5\libc.a(fputc.o)
                0x00000ed2                fputc
 .text          0x00000f2a       0xbc e:/codeblocks-arduino baru/codeblocks/bin/../lib/gcc/avr/4.3.3/../../../../avr/lib/avr5\libc.a(ultoa_invert.o)
                0x00000f2a                __ultoa_invert
                0x00000fe6                . = ALIGN (0x2)
 *(.text.*)
 .text.loop     0x00000fe6        0x2 build\mysql_connector_basic.o
                0x00000fe6                loop
 .text._GLOBAL__I_ip
                0x00000fe8       0x3e build\mysql_connector_basic.o
 .text._Z8do_queryPKc
                0x00001026      0x126 build\mysql_connector_basic.o
                0x00001026                do_query(char const*)
 .text.setup    0x0000114c      0x230 build\mysql_connector_basic.o
                0x0000114c                setup
 .text._ZN13EthernetClass11dnsServerIPEv
                0x0000137c       0x22 E:\Github for wgindows\WIZ550io\mysql_connector_basic\build\/lib_nano328_16.a(Ethernet.cpp.o)
                0x0000137c                EthernetClass::dnsServerIP()
 .text._GLOBAL__I__ZN13EthernetClass6_stateE
                0x0000139e       0x1e E:\Github for wgindows\WIZ550io\mysql_connector_basic\build\/lib_nano328_16.a(Ethernet.cpp.o)
 .text._ZN13EthernetClass7localIPEv
                0x000013bc       0x3c E:\Github for wgindows\WIZ550io\mysql_connector_basic\build\/lib_nano328_16.a(Ethernet.cpp.o)
                0x000013bc                EthernetClass::localIP()
 .text._ZN10W5500Class12setIPAddressEPh
                0x000013f8       0x12 E:\Github for wgindows\WIZ550io\mysql_connector_basic\build\/lib_nano328_16.a(Ethernet.cpp.o)
                0x000013f8                W5500Class::setIPAddress(unsigned char*)
 .text._ZN10W5500Class12setGatewayIpEPh
                0x0000140a       0x12 E:\Github for wgindows\WIZ550io\mysql_connector_basic\build\/lib_nano328_16.a(Ethernet.cpp.o)
                0x0000140a                W5500Class::setGatewayIp(unsigned char*)
 .text._ZN10W5500Class13setSubnetMaskEPh
                0x0000141c       0x12 E:\Github for wgindows\WIZ550io\mysql_connector_basic\build\/lib_nano328_16.a(Ethernet.cpp.o)
                0x0000141c                W5500Class::setSubnetMask(unsigned char*)
 .text._ZN13EthernetClass5beginE9IPAddressS0_S0_S0_
                0x0000142e       0x88 E:\Github for wgindows\WIZ550io\mysql_connector_basic\build\/lib_nano328_16.a(Ethernet.cpp.o)
                0x0000142e                EthernetClass::begin(IPAddress, IPAddress, IPAddress, IPAddress)
 .text._ZN13EthernetClass5beginE9IPAddressS0_S0_
                0x000014b6       0xde E:\Github for wgindows\WIZ550io\mysql_connector_basic\build\/lib_nano328_16.a(Ethernet.cpp.o)
                0x000014b6                EthernetClass::begin(IPAddress, IPAddress, IPAddress)
 .text._ZN13EthernetClass5beginE9IPAddressS0_
                0x00001594       0x90 E:\Github for wgindows\WIZ550io\mysql_connector_basic\build\/lib_nano328_16.a(Ethernet.cpp.o)
                0x00001594                EthernetClass::begin(IPAddress, IPAddress)
 .text._ZN13EthernetClass5beginE9IPAddress
                0x00001624       0x70 E:\Github for wgindows\WIZ550io\mysql_connector_basic\build\/lib_nano328_16.a(Ethernet.cpp.o)
                0x00001624                EthernetClass::begin(IPAddress)
 .text._ZN13EthernetClass5beginEv
                0x00001694      0x13e E:\Github for wgindows\WIZ550io\mysql_connector_basic\build\/lib_nano328_16.a(Ethernet.cpp.o)
                0x00001694                EthernetClass::begin()
 .text._ZN11EthernetUDP4readEPcj
                0x000017d2       0x10 E:\Github for wgindows\WIZ550io\mysql_connector_basic\build\/lib_nano328_16.a(EthernetUdp.cpp.o)
                0x000017d2                EthernetUDP::read(char*, unsigned int)
 .text._ZN11EthernetUDP8remoteIPEv
                0x000017e2       0x22 E:\Github for wgindows\WIZ550io\mysql_connector_basic\build\/lib_nano328_16.a(EthernetUdp.cpp.o)
                0x000017e2                EthernetUDP::remoteIP()
 .text._ZN11EthernetUDP10remotePortEv
                0x00001804        0x8 E:\Github for wgindows\WIZ550io\mysql_connector_basic\build\/lib_nano328_16.a(EthernetUdp.cpp.o)
                0x00001804                EthernetUDP::remotePort()
 .text._ZN11EthernetUDP9availableEv
                0x0000180c        0x8 E:\Github for wgindows\WIZ550io\mysql_connector_basic\build\/lib_nano328_16.a(EthernetUdp.cpp.o)
                0x0000180c                EthernetUDP::available()
 .text._ZN11EthernetUDP5writeEh
                0x00001814       0x30 E:\Github for wgindows\WIZ550io\mysql_connector_basic\build\/lib_nano328_16.a(EthernetUdp.cpp.o)
                0x00001814                EthernetUDP::write(unsigned char)
 .text._ZN11EthernetUDP5flushEv
                0x00001844       0x24 E:\Github for wgindows\WIZ550io\mysql_connector_basic\build\/lib_nano328_16.a(EthernetUdp.cpp.o)
                0x00001844                EthernetUDP::flush()
 .text._GLOBAL__I__ZN11EthernetUDPC2Ev
                0x00001868       0x16 E:\Github for wgindows\WIZ550io\mysql_connector_basic\build\/lib_nano328_16.a(EthernetUdp.cpp.o)
 .text._ZN11EthernetUDP4peekEv
                0x0000187e       0x36 E:\Github for wgindows\WIZ550io\mysql_connector_basic\build\/lib_nano328_16.a(EthernetUdp.cpp.o)
                0x0000187e                EthernetUDP::peek()
 .text._ZN11EthernetUDP4readEPhj
                0x000018b4       0x46 E:\Github for wgindows\WIZ550io\mysql_connector_basic\build\/lib_nano328_16.a(EthernetUdp.cpp.o)
                0x000018b4                EthernetUDP::read(unsigned char*, unsigned int)
 .text._ZN11EthernetUDP4readEv
                0x000018fa       0x56 E:\Github for wgindows\WIZ550io\mysql_connector_basic\build\/lib_nano328_16.a(EthernetUdp.cpp.o)
                0x000018fa                EthernetUDP::read()
 .text._ZN11EthernetUDP11parsePacketEv
                0x00001950       0xa8 E:\Github for wgindows\WIZ550io\mysql_connector_basic\build\/lib_nano328_16.a(EthernetUdp.cpp.o)
                0x00001950                EthernetUDP::parsePacket()
 .text._ZN11EthernetUDP5writeEPKhj
                0x000019f8       0x36 E:\Github for wgindows\WIZ550io\mysql_connector_basic\build\/lib_nano328_16.a(EthernetUdp.cpp.o)
                0x000019f8                EthernetUDP::write(unsigned char const*, unsigned int)
 .text._ZN11EthernetUDP9endPacketEv
                0x00001a2e        0xa E:\Github for wgindows\WIZ550io\mysql_connector_basic\build\/lib_nano328_16.a(EthernetUdp.cpp.o)
                0x00001a2e                EthernetUDP::endPacket()
 .text._ZN11EthernetUDP11beginPacketE9IPAddressj
                0x00001a38       0x12 E:\Github for wgindows\WIZ550io\mysql_connector_basic\build\/lib_nano328_16.a(EthernetUdp.cpp.o)
                0x00001a38                EthernetUDP::beginPacket(IPAddress, unsigned int)
 .text._ZN11EthernetUDPC1Ev
                0x00001a4a       0x2c E:\Github for wgindows\WIZ550io\mysql_connector_basic\build\/lib_nano328_16.a(EthernetUdp.cpp.o)
                0x00001a4a                EthernetUDP::EthernetUDP()
 .text._ZN11EthernetUDP11beginPacketEPKcj
                0x00001a76       0xe0 E:\Github for wgindows\WIZ550io\mysql_connector_basic\build\/lib_nano328_16.a(EthernetUdp.cpp.o)
                0x00001a76                EthernetUDP::beginPacket(char const*, unsigned int)
 .text._ZN11EthernetUDP4stopEv
                0x00001b56       0x2a E:\Github for wgindows\WIZ550io\mysql_connector_basic\build\/lib_nano328_16.a(EthernetUdp.cpp.o)
                0x00001b56                EthernetUDP::stop()
 .text._ZN11EthernetUDP5beginEj
                0x00001b80       0x74 E:\Github for wgindows\WIZ550io\mysql_connector_basic\build\/lib_nano328_16.a(EthernetUdp.cpp.o)
                0x00001b80                EthernetUDP::begin(unsigned int)
 .text._Z10disconnecth
                0x00001bf4       0x10 E:\Github for wgindows\WIZ550io\mysql_connector_basic\build\/lib_nano328_16.a(socket.cpp.o)
                0x00001bf4                disconnect(unsigned char)
 .text._ZN10W5500Class6readSnEhj
                0x00001c04       0x14 E:\Github for wgindows\WIZ550io\mysql_connector_basic\build\/lib_nano328_16.a(socket.cpp.o)
                0x00001c04                W5500Class::readSn(unsigned char, unsigned int)
 .text._ZN10W5500Class7writeSnEhjh
                0x00001c18       0x14 E:\Github for wgindows\WIZ550io\mysql_connector_basic\build\/lib_nano328_16.a(socket.cpp.o)
                0x00001c18                W5500Class::writeSn(unsigned char, unsigned int, unsigned char)
 .text._Z7sendUDPh
                0x00001c2c       0x58 E:\Github for wgindows\WIZ550io\mysql_connector_basic\build\/lib_nano328_16.a(socket.cpp.o)
                0x00001c2c                sendUDP(unsigned char)
 .text._Z5closeh
                0x00001c84       0x22 E:\Github for wgindows\WIZ550io\mysql_connector_basic\build\/lib_nano328_16.a(socket.cpp.o)
                0x00001c84                close(unsigned char)
 .text._ZN10W5500Class12writeSnDPORTEhj
                0x00001ca6       0x24 E:\Github for wgindows\WIZ550io\mysql_connector_basic\build\/lib_nano328_16.a(socket.cpp.o)
                0x00001ca6                W5500Class::writeSnDPORT(unsigned char, unsigned int)
 .text._ZN10W5500Class11writeSnPORTEhj
                0x00001cca       0x24 E:\Github for wgindows\WIZ550io\mysql_connector_basic\build\/lib_nano328_16.a(socket.cpp.o)
                0x00001cca                W5500Class::writeSnPORT(unsigned char, unsigned int)
 .text._Z6sockethhjh
                0x00001cee       0x72 E:\Github for wgindows\WIZ550io\mysql_connector_basic\build\/lib_nano328_16.a(socket.cpp.o)
                0x00001cee                socket(unsigned char, unsigned char, unsigned int, unsigned char)
 .text._ZN10W5500Class11writeSnDIPREhPh
                0x00001d60       0x1a E:\Github for wgindows\WIZ550io\mysql_connector_basic\build\/lib_nano328_16.a(socket.cpp.o)
                0x00001d60                W5500Class::writeSnDIPR(unsigned char, unsigned char*)
 .text._Z8startUDPhPhj
                0x00001d7a       0x4c E:\Github for wgindows\WIZ550io\mysql_connector_basic\build\/lib_nano328_16.a(socket.cpp.o)
                0x00001d7a                startUDP(unsigned char, unsigned char*, unsigned int)
 .text._Z7connecthPhj
                0x00001dc6       0x6c E:\Github for wgindows\WIZ550io\mysql_connector_basic\build\/lib_nano328_16.a(socket.cpp.o)
                0x00001dc6                connect(unsigned char, unsigned char*, unsigned int)
 .text._Z10bufferDatahjPKhj
                0x00001e32       0x60 E:\Github for wgindows\WIZ550io\mysql_connector_basic\build\/lib_nano328_16.a(socket.cpp.o)
                0x00001e32                bufferData(unsigned char, unsigned int, unsigned char const*, unsigned int)
 .text._Z4sendhPKhj
                0x00001e92       0xae E:\Github for wgindows\WIZ550io\mysql_connector_basic\build\/lib_nano328_16.a(socket.cpp.o)
                0x00001e92                send(unsigned char, unsigned char const*, unsigned int)
 .text._Z4peekhPh
                0x00001f40       0x1e E:\Github for wgindows\WIZ550io\mysql_connector_basic\build\/lib_nano328_16.a(socket.cpp.o)
                0x00001f40                peek(unsigned char, unsigned char*)
 .text._Z4recvhPhi
                0x00001f5e       0x80 E:\Github for wgindows\WIZ550io\mysql_connector_basic\build\/lib_nano328_16.a(socket.cpp.o)
                0x00001f5e                recv(unsigned char, unsigned char*, int)
 .text._ZN10W5500Class5writeEjhh
                0x00001fde       0x30 E:\Github for wgindows\WIZ550io\mysql_connector_basic\build\/lib_nano328_16.a(w5500.cpp.o)
                0x00001fde                W5500Class::write(unsigned int, unsigned char, unsigned char)
 .text._ZN10W5500Class5writeEjhPKhj
                0x0000200e       0x48 E:\Github for wgindows\WIZ550io\mysql_connector_basic\build\/lib_nano328_16.a(w5500.cpp.o)
                0x0000200e                W5500Class::write(unsigned int, unsigned char, unsigned char const*, unsigned int)
 .text._ZN10W5500Class4readEjh
                0x00002056       0x2e E:\Github for wgindows\WIZ550io\mysql_connector_basic\build\/lib_nano328_16.a(w5500.cpp.o)
                0x00002056                W5500Class::read(unsigned int, unsigned char)
 .text._ZN10W5500Class27send_data_processing_offsetEhjPKhj
                0x00002084       0x82 E:\Github for wgindows\WIZ550io\mysql_connector_basic\build\/lib_nano328_16.a(w5500.cpp.o)
                0x00002084                W5500Class::send_data_processing_offset(unsigned char, unsigned int, unsigned char const*, unsigned int)
 .text._ZN10W5500Class20send_data_processingEhPKhj
                0x00002106       0x18 E:\Github for wgindows\WIZ550io\mysql_connector_basic\build\/lib_nano328_16.a(w5500.cpp.o)
                0x00002106                W5500Class::send_data_processing(unsigned char, unsigned char const*, unsigned int)
 .text._ZN10W5500Class12readSnRX_RSREh
                0x0000211e       0x2c E:\Github for wgindows\WIZ550io\mysql_connector_basic\build\/lib_nano328_16.a(w5500.cpp.o)
                0x0000211e                W5500Class::readSnRX_RSR(unsigned char)
 .text._ZN10W5500Class17getRXReceivedSizeEh
                0x0000214a       0x38 E:\Github for wgindows\WIZ550io\mysql_connector_basic\build\/lib_nano328_16.a(w5500.cpp.o)
                0x0000214a                W5500Class::getRXReceivedSize(unsigned char)
 .text._ZN10W5500Class12readSnTX_FSREh
                0x00002182       0x2c E:\Github for wgindows\WIZ550io\mysql_connector_basic\build\/lib_nano328_16.a(w5500.cpp.o)
                0x00002182                W5500Class::readSnTX_FSR(unsigned char)
 .text._ZN10W5500Class13getTXFreeSizeEh
                0x000021ae       0x38 E:\Github for wgindows\WIZ550io\mysql_connector_basic\build\/lib_nano328_16.a(w5500.cpp.o)
                0x000021ae                W5500Class::getTXFreeSize(unsigned char)
 .text._ZN10W5500Class4readEjhPhj
                0x000021e6       0x48 E:\Github for wgindows\WIZ550io\mysql_connector_basic\build\/lib_nano328_16.a(w5500.cpp.o)
                0x000021e6                W5500Class::read(unsigned int, unsigned char, unsigned char*, unsigned int)
 .text._ZN10W5500Class9read_dataEhPVhS1_j
                0x0000222e       0x1c E:\Github for wgindows\WIZ550io\mysql_connector_basic\build\/lib_nano328_16.a(w5500.cpp.o)
                0x0000222e                W5500Class::read_data(unsigned char, unsigned char volatile*, unsigned char volatile*, unsigned int)
 .text._ZN10W5500Class20recv_data_processingEhPhjh
                0x0000224a       0x96 E:\Github for wgindows\WIZ550io\mysql_connector_basic\build\/lib_nano328_16.a(w5500.cpp.o)
                0x0000224a                W5500Class::recv_data_processing(unsigned char, unsigned char*, unsigned int, unsigned char)
 .text._ZN10W5500Class9execCmdSnEh7SockCMD
                0x000022e0       0x26 E:\Github for wgindows\WIZ550io\mysql_connector_basic\build\/lib_nano328_16.a(w5500.cpp.o)
                0x000022e0                W5500Class::execCmdSn(unsigned char, SockCMD)
 .text._ZN10W5500Class4initEv
                0x00002306       0x46 E:\Github for wgindows\WIZ550io\mysql_connector_basic\build\/lib_nano328_16.a(w5500.cpp.o)
                0x00002306                W5500Class::init()
 .text._ZN9Connector8read_intEii
                0x0000234c       0x64 E:\Github for wgindows\WIZ550io\mysql_connector_basic\build\/lib_nano328_16.a(mysql.cpp.o)
                0x0000234c                Connector::read_int(int, int)
 .text._GLOBAL__I__ZN9ConnectorC2Ev
                0x000023b0       0x16 E:\Github for wgindows\WIZ550io\mysql_connector_basic\build\/lib_nano328_16.a(mysql.cpp.o)
 .text._ZN9Connector18parse_error_packetEv
                0x000023c6       0x7e E:\Github for wgindows\WIZ550io\mysql_connector_basic\build\/lib_nano328_16.a(mysql.cpp.o)
                0x000023c6                Connector::parse_error_packet()
 .text._ZN9Connector9store_intEPhli
                0x00002444       0x74 E:\Github for wgindows\WIZ550io\mysql_connector_basic\build\/lib_nano328_16.a(mysql.cpp.o)
                0x00002444                Connector::store_int(unsigned char*, long, int)
 .text._ZN9Connector11read_stringEPi
                0x000024b8       0x8a E:\Github for wgindows\WIZ550io\mysql_connector_basic\build\/lib_nano328_16.a(mysql.cpp.o)
                0x000024b8                Connector::read_string(int*)
 .text._ZN9Connector22parse_handshake_packetEv
                0x00002542       0xa6 E:\Github for wgindows\WIZ550io\mysql_connector_basic\build\/lib_nano328_16.a(mysql.cpp.o)
                0x00002542                Connector::parse_handshake_packet()
 .text._ZN9Connector15parse_ok_packetEP9ok_packet
                0x000025e8       0xa0 E:\Github for wgindows\WIZ550io\mysql_connector_basic\build\/lib_nano328_16.a(mysql.cpp.o)
                0x000025e8                Connector::parse_ok_packet(ok_packet*)
 .text._ZN9Connector15free_row_bufferEv
                0x00002688       0x3a E:\Github for wgindows\WIZ550io\mysql_connector_basic\build\/lib_nano328_16.a(mysql.cpp.o)
                0x00002688                Connector::free_row_buffer()
 .text._ZN9Connector19free_columns_bufferEv
                0x000026c2       0x72 E:\Github for wgindows\WIZ550io\mysql_connector_basic\build\/lib_nano328_16.a(mysql.cpp.o)
                0x000026c2                Connector::free_columns_buffer()
 .text._ZN9Connector17scramble_passwordEPcPh
                0x00002734      0x13e E:\Github for wgindows\WIZ550io\mysql_connector_basic\build\/lib_nano328_16.a(mysql.cpp.o)
                0x00002734                Connector::scramble_password(char*, unsigned char*)
 .text._ZN9Connector26send_authentication_packetEPcS0_
                0x00002872      0x1cc E:\Github for wgindows\WIZ550io\mysql_connector_basic\build\/lib_nano328_16.a(mysql.cpp.o)
                0x00002872                Connector::send_authentication_packet(char*, char*)
 .text._ZN9Connector15wait_for_clientEv
                0x00002a3e       0x40 E:\Github for wgindows\WIZ550io\mysql_connector_basic\build\/lib_nano328_16.a(mysql.cpp.o)
                0x00002a3e                Connector::wait_for_client()
 .text._ZN9Connector11read_packetEv
                0x00002a7e      0x104 E:\Github for wgindows\WIZ550io\mysql_connector_basic\build\/lib_nano328_16.a(mysql.cpp.o)
                0x00002a7e                Connector::read_packet()
 .text._ZN9Connector7get_rowEv
                0x00002b82       0x28 E:\Github for wgindows\WIZ550io\mysql_connector_basic\build\/lib_nano328_16.a(mysql.cpp.o)
                0x00002b82                Connector::get_row()
 .text._ZN9Connector14get_row_valuesEv
                0x00002baa       0xc4 E:\Github for wgindows\WIZ550io\mysql_connector_basic\build\/lib_nano328_16.a(mysql.cpp.o)
                0x00002baa                Connector::get_row_values()
 .text._ZN9Connector12get_next_rowEv
                0x00002c6e       0x22 E:\Github for wgindows\WIZ550io\mysql_connector_basic\build\/lib_nano328_16.a(mysql.cpp.o)
                0x00002c6e                Connector::get_next_row()
 .text._ZN9Connector9get_fieldEP12field_struct
                0x00002c90       0xb2 E:\Github for wgindows\WIZ550io\mysql_connector_basic\build\/lib_nano328_16.a(mysql.cpp.o)
                0x00002c90                Connector::get_field(field_struct*)
 .text._ZN9Connector10get_fieldsEv
                0x00002d42       0x98 E:\Github for wgindows\WIZ550io\mysql_connector_basic\build\/lib_nano328_16.a(mysql.cpp.o)
                0x00002d42                Connector::get_fields()
 .text._ZN9Connector11get_columnsEv
                0x00002dda       0x42 E:\Github for wgindows\WIZ550io\mysql_connector_basic\build\/lib_nano328_16.a(mysql.cpp.o)
                0x00002dda                Connector::get_columns()
 .text._ZN9Connector12show_resultsEv
                0x00002e1c      0x128 E:\Github for wgindows\WIZ550io\mysql_connector_basic\build\/lib_nano328_16.a(mysql.cpp.o)
                0x00002e1c                Connector::show_results()
 .text._ZN9Connector9run_queryEi
                0x00002f44       0xc8 E:\Github for wgindows\WIZ550io\mysql_connector_basic\build\/lib_nano328_16.a(mysql.cpp.o)
                0x00002f44                Connector::run_query(int)
 .text._ZN9Connector9cmd_queryEPKc
                0x0000300c       0x68 E:\Github for wgindows\WIZ550io\mysql_connector_basic\build\/lib_nano328_16.a(mysql.cpp.o)
                0x0000300c                Connector::cmd_query(char const*)
 .text._ZN9Connector13mysql_connectE9IPAddressiPcS1_
                0x00003074      0x146 E:\Github for wgindows\WIZ550io\mysql_connector_basic\build\/lib_nano328_16.a(mysql.cpp.o)
                0x00003074                Connector::mysql_connect(IPAddress, int, char*, char*)
 .text._ZN9ConnectorC1Ev
                0x000031ba       0x40 E:\Github for wgindows\WIZ550io\mysql_connector_basic\build\/lib_nano328_16.a(mysql.cpp.o)
                0x000031ba                Connector::Connector()
 .text._ZN8SPIClass5beginEv
                0x000031fa       0x2e E:\Github for wgindows\WIZ550io\mysql_connector_basic\build\/lib_nano328_16.a(SPI.cpp.o)
                0x000031fa                SPIClass::begin()
 .text._ZN9DhcpClass9printByteEPch
                0x00003228       0x26 E:\Github for wgindows\WIZ550io\mysql_connector_basic\build\/lib_nano328_16.a(Dhcp.cpp.o)
                0x00003228                DhcpClass::printByte(char*, unsigned char)
 .text._GLOBAL__I__ZN9DhcpClass13beginWithDHCPEPhmm
                0x0000324e       0x16 E:\Github for wgindows\WIZ550io\mysql_connector_basic\build\/lib_nano328_16.a(Dhcp.cpp.o)
 .text._ZN9DhcpClass14getDnsServerIpEv
                0x00003264       0x16 E:\Github for wgindows\WIZ550io\mysql_connector_basic\build\/lib_nano328_16.a(Dhcp.cpp.o)
                0x00003264                DhcpClass::getDnsServerIp()
 .text._ZN9DhcpClass12getGatewayIpEv
                0x0000327a       0x16 E:\Github for wgindows\WIZ550io\mysql_connector_basic\build\/lib_nano328_16.a(Dhcp.cpp.o)
                0x0000327a                DhcpClass::getGatewayIp()
 .text._ZN9DhcpClass13getSubnetMaskEv
                0x00003290       0x16 E:\Github for wgindows\WIZ550io\mysql_connector_basic\build\/lib_nano328_16.a(Dhcp.cpp.o)
                0x00003290                DhcpClass::getSubnetMask()
 .text._ZN9DhcpClass10getLocalIpEv
                0x000032a6       0x16 E:\Github for wgindows\WIZ550io\mysql_connector_basic\build\/lib_nano328_16.a(Dhcp.cpp.o)
                0x000032a6                DhcpClass::getLocalIp()
 .text._ZN9DhcpClass17parseDHCPResponseEmRm
                0x000032bc      0x4d4 E:\Github for wgindows\WIZ550io\mysql_connector_basic\build\/lib_nano328_16.a(Dhcp.cpp.o)
                0x000032bc                DhcpClass::parseDHCPResponse(unsigned long, unsigned long&)
 .text._ZN9DhcpClass16reset_DHCP_leaseEv
                0x00003790       0x10 E:\Github for wgindows\WIZ550io\mysql_connector_basic\build\/lib_nano328_16.a(Dhcp.cpp.o)
                0x00003790                DhcpClass::reset_DHCP_lease()
 .text._ZN9DhcpClass17send_DHCP_MESSAGEEhj
                0x000037a0      0x2ac E:\Github for wgindows\WIZ550io\mysql_connector_basic\build\/lib_nano328_16.a(Dhcp.cpp.o)
                0x000037a0                DhcpClass::send_DHCP_MESSAGE(unsigned char, unsigned int)
 .text._ZN9DhcpClass18request_DHCP_leaseEv
                0x00003a4c      0x300 E:\Github for wgindows\WIZ550io\mysql_connector_basic\build\/lib_nano328_16.a(Dhcp.cpp.o)
                0x00003a4c                DhcpClass::request_DHCP_lease()
 .text._ZN9DhcpClass13beginWithDHCPEPhmm
                0x00003d4c       0x96 E:\Github for wgindows\WIZ550io\mysql_connector_basic\build\/lib_nano328_16.a(Dhcp.cpp.o)
                0x00003d4c                DhcpClass::beginWithDHCP(unsigned char*, unsigned long, unsigned long)
 .text._ZN9DNSClient5beginERK9IPAddress
                0x00003de2       0x1c E:\Github for wgindows\WIZ550io\mysql_connector_basic\build\/lib_nano328_16.a(Dns.cpp.o)
                0x00003de2                DNSClient::begin(IPAddress const&)
 .text._ZN9DNSClient9inet_atonEPKcR9IPAddress
                0x00003dfe       0x92 E:\Github for wgindows\WIZ550io\mysql_connector_basic\build\/lib_nano328_16.a(Dns.cpp.o)
                0x00003dfe                DNSClient::inet_aton(char const*, IPAddress&)
 .text._GLOBAL__I__ZN9DNSClient5beginERK9IPAddress
                0x00003e90       0x16 E:\Github for wgindows\WIZ550io\mysql_connector_basic\build\/lib_nano328_16.a(Dns.cpp.o)
 .text._ZN9DNSClient15ProcessResponseEjR9IPAddress
                0x00003ea6      0x2d4 E:\Github for wgindows\WIZ550io\mysql_connector_basic\build\/lib_nano328_16.a(Dns.cpp.o)
                0x00003ea6                DNSClient::ProcessResponse(unsigned int, IPAddress&)
 .text._ZN9DNSClient12BuildRequestEPKc
                0x0000417a      0x166 E:\Github for wgindows\WIZ550io\mysql_connector_basic\build\/lib_nano328_16.a(Dns.cpp.o)
                0x0000417a                DNSClient::BuildRequest(char const*)
 .text._ZN9DNSClient13getHostByNameEPKcR9IPAddress
                0x000042e0      0x12c E:\Github for wgindows\WIZ550io\mysql_connector_basic\build\/lib_nano328_16.a(Dns.cpp.o)
                0x000042e0                DNSClient::getHostByName(char const*, IPAddress&)
 .text._ZN14EthernetClientC1Ev
                0x0000440c       0x24 E:\Github for wgindows\WIZ550io\mysql_connector_basic\build\/lib_nano328_16.a(EthernetClient.cpp.o)
                0x0000440c                EthernetClient::EthernetClient()
 .text._ZN14EthernetClient5writeEh
                0x00004430       0x30 E:\Github for wgindows\WIZ550io\mysql_connector_basic\build\/lib_nano328_16.a(EthernetClient.cpp.o)
                0x00004430                EthernetClient::write(unsigned char)
 .text._ZN14EthernetClient5flushEv
                0x00004460       0x2e E:\Github for wgindows\WIZ550io\mysql_connector_basic\build\/lib_nano328_16.a(EthernetClient.cpp.o)
                0x00004460                EthernetClient::flush()
 .text._ZN14EthernetClientcvbEv
                0x0000448e       0x10 E:\Github for wgindows\WIZ550io\mysql_connector_basic\build\/lib_nano328_16.a(EthernetClient.cpp.o)
                0x0000448e                EthernetClient::operator bool()
 .text._GLOBAL__I__ZN14EthernetClient8_srcportE
                0x0000449e       0x16 E:\Github for wgindows\WIZ550io\mysql_connector_basic\build\/lib_nano328_16.a(EthernetClient.cpp.o)
 .text._ZN14EthernetClient6statusEv
                0x000044b4       0x1e E:\Github for wgindows\WIZ550io\mysql_connector_basic\build\/lib_nano328_16.a(EthernetClient.cpp.o)
                0x000044b4                EthernetClient::status()
 .text._ZN14EthernetClient9connectedEv
                0x000044d2       0x48 E:\Github for wgindows\WIZ550io\mysql_connector_basic\build\/lib_nano328_16.a(EthernetClient.cpp.o)
                0x000044d2                EthernetClient::connected()
 .text._ZN14EthernetClient4stopEv
                0x0000451a       0x84 E:\Github for wgindows\WIZ550io\mysql_connector_basic\build\/lib_nano328_16.a(EthernetClient.cpp.o)
                0x0000451a                EthernetClient::stop()
 .text._ZN14EthernetClient4peekEv
                0x0000459e       0x4a E:\Github for wgindows\WIZ550io\mysql_connector_basic\build\/lib_nano328_16.a(EthernetClient.cpp.o)
                0x0000459e                EthernetClient::peek()
 .text._ZN14EthernetClient4readEPhj
                0x000045e8        0xa E:\Github for wgindows\WIZ550io\mysql_connector_basic\build\/lib_nano328_16.a(EthernetClient.cpp.o)
                0x000045e8                EthernetClient::read(unsigned char*, unsigned int)
 .text._ZN14EthernetClient4readEv
                0x000045f2       0x38 E:\Github for wgindows\WIZ550io\mysql_connector_basic\build\/lib_nano328_16.a(EthernetClient.cpp.o)
                0x000045f2                EthernetClient::read()
 .text._ZN14EthernetClient9availableEv
                0x0000462a       0x1c E:\Github for wgindows\WIZ550io\mysql_connector_basic\build\/lib_nano328_16.a(EthernetClient.cpp.o)
                0x0000462a                EthernetClient::available()
 .text._ZN14EthernetClient5writeEPKhj
                0x00004646       0x3c E:\Github for wgindows\WIZ550io\mysql_connector_basic\build\/lib_nano328_16.a(EthernetClient.cpp.o)
                0x00004646                EthernetClient::write(unsigned char const*, unsigned int)
 .text._ZN14EthernetClient7connectE9IPAddressj
                0x00004682       0xea E:\Github for wgindows\WIZ550io\mysql_connector_basic\build\/lib_nano328_16.a(EthernetClient.cpp.o)
                0x00004682                EthernetClient::connect(IPAddress, unsigned int)
 .text._ZN14EthernetClient7connectEPKcj
                0x0000476c       0xe0 E:\Github for wgindows\WIZ550io\mysql_connector_basic\build\/lib_nano328_16.a(EthernetClient.cpp.o)
                0x0000476c                EthernetClient::connect(char const*, unsigned int)
 .text._ZN9Sha1Class9hashBlockEv
                0x0000484c      0x3f4 E:\Github for wgindows\WIZ550io\mysql_connector_basic\build\/lib_nano328_16.a(sha1.cpp.o)
                0x0000484c                Sha1Class::hashBlock()
 .text._ZN9Sha1Class12addUncountedEh
                0x00004c40       0x30 E:\Github for wgindows\WIZ550io\mysql_connector_basic\build\/lib_nano328_16.a(sha1.cpp.o)
                0x00004c40                Sha1Class::addUncounted(unsigned char)
 .text._ZN9Sha1Class5writeEh
                0x00004c70       0x24 E:\Github for wgindows\WIZ550io\mysql_connector_basic\build\/lib_nano328_16.a(sha1.cpp.o)
                0x00004c70                Sha1Class::write(unsigned char)
 .text._ZN9Sha1Class5writeEPhi
                0x00004c94       0x4e E:\Github for wgindows\WIZ550io\mysql_connector_basic\build\/lib_nano328_16.a(sha1.cpp.o)
                0x00004c94                Sha1Class::write(unsigned char*, int)
 .text._ZN9Sha1Class3padEv
                0x00004ce2       0xe0 E:\Github for wgindows\WIZ550io\mysql_connector_basic\build\/lib_nano328_16.a(sha1.cpp.o)
                0x00004ce2                Sha1Class::pad()
 .text._ZN9Sha1Class6resultEv
                0x00004dc2       0x90 E:\Github for wgindows\WIZ550io\mysql_connector_basic\build\/lib_nano328_16.a(sha1.cpp.o)
                0x00004dc2                Sha1Class::result()
 .text._GLOBAL__I_sha1InitState
                0x00004e52       0x16 E:\Github for wgindows\WIZ550io\mysql_connector_basic\build\/lib_nano328_16.a(sha1.cpp.o)
 .text._ZN9Sha1Class4initEv
                0x00004e68       0x32 E:\Github for wgindows\WIZ550io\mysql_connector_basic\build\/lib_nano328_16.a(sha1.cpp.o)
                0x00004e68                Sha1Class::init()
 .text._Z11serialEventv
                0x00004e9a        0x2 E:\Github for wgindows\WIZ550io\mysql_connector_basic\build\/core_nano328_16.a(HardwareSerial.cpp.o)
                0x00004e9a                serialEvent()
 .text.__vector_18
                0x00004e9c       0x76 E:\Github for wgindows\WIZ550io\mysql_connector_basic\build\/core_nano328_16.a(HardwareSerial.cpp.o)
                0x00004e9c                __vector_18
 .text._Z14serialEventRunv
                0x00004f12       0x26 E:\Github for wgindows\WIZ550io\mysql_connector_basic\build\/core_nano328_16.a(HardwareSerial.cpp.o)
                0x00004f12                serialEventRun()
 .text.__vector_19
                0x00004f38       0x76 E:\Github for wgindows\WIZ550io\mysql_connector_basic\build\/core_nano328_16.a(HardwareSerial.cpp.o)
                0x00004f38                __vector_19
 .text._ZN14HardwareSerial5beginEm
                0x00004fae      0x10e E:\Github for wgindows\WIZ550io\mysql_connector_basic\build\/core_nano328_16.a(HardwareSerial.cpp.o)
                0x00004fae                HardwareSerial::begin(unsigned long)
 .text._ZN14HardwareSerial9availableEv
                0x000050bc       0x22 E:\Github for wgindows\WIZ550io\mysql_connector_basic\build\/core_nano328_16.a(HardwareSerial.cpp.o)
                0x000050bc                HardwareSerial::available()
 .text._ZN14HardwareSerial4peekEv
                0x000050de       0x40 E:\Github for wgindows\WIZ550io\mysql_connector_basic\build\/core_nano328_16.a(HardwareSerial.cpp.o)
                0x000050de                HardwareSerial::peek()
 .text._ZN14HardwareSerial4readEv
                0x0000511e       0x52 E:\Github for wgindows\WIZ550io\mysql_connector_basic\build\/core_nano328_16.a(HardwareSerial.cpp.o)
                0x0000511e                HardwareSerial::read()
 .text._ZN14HardwareSerial5flushEv
                0x00005170       0x20 E:\Github for wgindows\WIZ550io\mysql_connector_basic\build\/core_nano328_16.a(HardwareSerial.cpp.o)
                0x00005170                HardwareSerial::flush()
 .text._ZN14HardwareSerial5writeEh
                0x00005190       0x80 E:\Github for wgindows\WIZ550io\mysql_connector_basic\build\/core_nano328_16.a(HardwareSerial.cpp.o)
                0x00005190                HardwareSerial::write(unsigned char)
 .text._GLOBAL__I_rx_buffer
                0x00005210       0xac E:\Github for wgindows\WIZ550io\mysql_connector_basic\build\/core_nano328_16.a(HardwareSerial.cpp.o)
 .text._ZN9IPAddressC1Ehhhh
                0x000052bc       0x18 E:\Github for wgindows\WIZ550io\mysql_connector_basic\build\/core_nano328_16.a(IPAddress.cpp.o)
                0x000052bc                IPAddress::IPAddress(unsigned char, unsigned char, unsigned char, unsigned char)
 .text._GLOBAL__I__ZN9IPAddressC2Ev
                0x000052d4       0x1e E:\Github for wgindows\WIZ550io\mysql_connector_basic\build\/core_nano328_16.a(IPAddress.cpp.o)
 .text._ZNK9IPAddress7printToER5Print
                0x000052f2       0x84 E:\Github for wgindows\WIZ550io\mysql_connector_basic\build\/core_nano328_16.a(IPAddress.cpp.o)
                0x000052f2                IPAddress::printTo(Print&) const
 .text._ZN9IPAddressaSEPKh
                0x00005376       0x1a E:\Github for wgindows\WIZ550io\mysql_connector_basic\build\/core_nano328_16.a(IPAddress.cpp.o)
                0x00005376                IPAddress::operator=(unsigned char const*)
 .text._ZN9IPAddressC1EPKh
                0x00005390       0x22 E:\Github for wgindows\WIZ550io\mysql_connector_basic\build\/core_nano328_16.a(IPAddress.cpp.o)
                0x00005390                IPAddress::IPAddress(unsigned char const*)
 .text._ZN9IPAddressC1Ev
                0x000053b2       0x14 E:\Github for wgindows\WIZ550io\mysql_connector_basic\build\/core_nano328_16.a(IPAddress.cpp.o)
                0x000053b2                IPAddress::IPAddress()
 .text.main     0x000053c6       0x1e E:\Github for wgindows\WIZ550io\mysql_connector_basic\build\/core_nano328_16.a(main.cpp.o)
                0x000053c6                main
 .text._Znwj    0x000053e4        0x6 E:\Github for wgindows\WIZ550io\mysql_connector_basic\build\/core_nano328_16.a(new.cpp.o)
                0x000053e4                operator new(unsigned int)
 .text._ZN5Print5writeEPKhj
                0x000053ea       0x54 E:\Github for wgindows\WIZ550io\mysql_connector_basic\build\/core_nano328_16.a(Print.cpp.o)
                0x000053ea                Print::write(unsigned char const*, unsigned int)
 .text._ZN5Print5printEc
                0x0000543e       0x10 E:\Github for wgindows\WIZ550io\mysql_connector_basic\build\/core_nano328_16.a(Print.cpp.o)
                0x0000543e                Print::print(char)
 .text._ZN5Print7printlnEv
                0x0000544e       0x40 E:\Github for wgindows\WIZ550io\mysql_connector_basic\build\/core_nano328_16.a(Print.cpp.o)
                0x0000544e                Print::println()
 .text._ZN5Print7printlnERK9Printable
                0x0000548e       0x34 E:\Github for wgindows\WIZ550io\mysql_connector_basic\build\/core_nano328_16.a(Print.cpp.o)
                0x0000548e                Print::println(Printable const&)
 .text._ZN5Print5writeEPKc
                0x000054c2       0x38 E:\Github for wgindows\WIZ550io\mysql_connector_basic\build\/core_nano328_16.a(Print.cpp.o)
                0x000054c2                Print::write(char const*)
 .text._ZN5Print11printNumberEmh
                0x000054fa       0xc8 E:\Github for wgindows\WIZ550io\mysql_connector_basic\build\/core_nano328_16.a(Print.cpp.o)
                0x000054fa                Print::printNumber(unsigned long, unsigned char)
 .text._ZN5Print5printEmi
                0x000055c2       0x1e E:\Github for wgindows\WIZ550io\mysql_connector_basic\build\/core_nano328_16.a(Print.cpp.o)
                0x000055c2                Print::print(unsigned long, int)
 .text._ZN5Print5printEhi
                0x000055e0       0x24 E:\Github for wgindows\WIZ550io\mysql_connector_basic\build\/core_nano328_16.a(Print.cpp.o)
                0x000055e0                Print::print(unsigned char, int)
 .text._ZN5Print5printEli
                0x00005604       0x80 E:\Github for wgindows\WIZ550io\mysql_connector_basic\build\/core_nano328_16.a(Print.cpp.o)
                0x00005604                Print::print(long, int)
 .text._ZN5Print7printlnEli
                0x00005684       0x28 E:\Github for wgindows\WIZ550io\mysql_connector_basic\build\/core_nano328_16.a(Print.cpp.o)
                0x00005684                Print::println(long, int)
 .text._ZN5Print5printEii
                0x000056ac       0x26 E:\Github for wgindows\WIZ550io\mysql_connector_basic\build\/core_nano328_16.a(Print.cpp.o)
                0x000056ac                Print::print(int, int)
 .text._ZN5Print5printEPKc
                0x000056d2        0x6 E:\Github for wgindows\WIZ550io\mysql_connector_basic\build\/core_nano328_16.a(Print.cpp.o)
                0x000056d2                Print::print(char const*)
 .text._ZN5Print7printlnEPKc
                0x000056d8       0x26 E:\Github for wgindows\WIZ550io\mysql_connector_basic\build\/core_nano328_16.a(Print.cpp.o)
                0x000056d8                Print::println(char const*)
 .text.__vector_16
                0x000056fe       0x90 E:\Github for wgindows\WIZ550io\mysql_connector_basic\build\/core_nano328_16.a(wiring.c.o)
                0x000056fe                __vector_16
 .text.millis   0x0000578e       0x1c E:\Github for wgindows\WIZ550io\mysql_connector_basic\build\/core_nano328_16.a(wiring.c.o)
                0x0000578e                millis
 .text.micros   0x000057aa       0x4c E:\Github for wgindows\WIZ550io\mysql_connector_basic\build\/core_nano328_16.a(wiring.c.o)
                0x000057aa                micros
 .text.delay    0x000057f6       0x4c E:\Github for wgindows\WIZ550io\mysql_connector_basic\build\/core_nano328_16.a(wiring.c.o)
                0x000057f6                delay
 .text.init     0x00005842       0x76 E:\Github for wgindows\WIZ550io\mysql_connector_basic\build\/core_nano328_16.a(wiring.c.o)
                0x00005842                init
 .text.pinMode  0x000058b8       0x7e E:\Github for wgindows\WIZ550io\mysql_connector_basic\build\/core_nano328_16.a(wiring_digital.c.o)
                0x000058b8                pinMode
 .text.turnOffPWM
                0x00005936       0x5a E:\Github for wgindows\WIZ550io\mysql_connector_basic\build\/core_nano328_16.a(wiring_digital.c.o)
 .text.digitalWrite
                0x00005990       0x66 E:\Github for wgindows\WIZ550io\mysql_connector_basic\build\/core_nano328_16.a(wiring_digital.c.o)
                0x00005990                digitalWrite
 .text._Z6randoml
                0x000059f6       0x44 E:\Github for wgindows\WIZ550io\mysql_connector_basic\build\/core_nano328_16.a(WMath.cpp.o)
                0x000059f6                random(long)
 .text._Z6randomll
                0x00005a3a       0x3c E:\Github for wgindows\WIZ550io\mysql_connector_basic\build\/core_nano328_16.a(WMath.cpp.o)
                0x00005a3a                random(long, long)
 .text.libgcc   0x00005a76       0x3e e:/codeblocks-arduino baru/codeblocks/bin/../lib/gcc/avr/4.3.3/avr5\libgcc.a(_mulsi3.o)
                0x00005a76                __mulsi3
 .text.libgcc   0x00005ab4       0x44 e:/codeblocks-arduino baru/codeblocks/bin/../lib/gcc/avr/4.3.3/avr5\libgcc.a(_udivmodsi4.o)
                0x00005ab4                __udivmodsi4
 .text.libgcc   0x00005af8       0x36 e:/codeblocks-arduino baru/codeblocks/bin/../lib/gcc/avr/4.3.3/avr5\libgcc.a(_divmodsi4.o)
                0x00005af8                __divmodsi4
 .text.libgcc   0x00005b2e        0xc e:/codeblocks-arduino baru/codeblocks/bin/../lib/gcc/avr/4.3.3/avr5\libgcc.a(_tablejump.o)
                0x00005b32                __tablejump__
                0x00005b2e                __tablejump2__
 .text.libgcc   0x00005b3a       0x38 e:/codeblocks-arduino baru/codeblocks/bin/../lib/gcc/avr/4.3.3/avr5\libgcc.a(_prologue.o)
                0x00005b3a                __prologue_saves__
 .text.libgcc   0x00005b72       0x36 e:/codeblocks-arduino baru/codeblocks/bin/../lib/gcc/avr/4.3.3/avr5\libgcc.a(_epilogue.o)
                0x00005b72                __epilogue_restores__
                0x00005ba8                . = ALIGN (0x2)
 *(.fini9)
 .fini9         0x00005ba8        0x0 e:/codeblocks-arduino baru/codeblocks/bin/../lib/gcc/avr/4.3.3/avr5\libgcc.a(_exit.o)
                0x00005ba8                exit
                0x00005ba8                _exit
 *(.fini9)
 *(.fini8)
 *(.fini8)
 *(.fini7)
 *(.fini7)
 *(.fini6)
 *(.fini6)
 *(.fini5)
 *(.fini5)
 *(.fini4)
 *(.fini4)
 *(.fini3)
 *(.fini3)
 *(.fini2)
 *(.fini2)
 *(.fini1)
 *(.fini1)
 *(.fini0)
 .fini0         0x00005ba8        0x4 e:/codeblocks-arduino baru/codeblocks/bin/../lib/gcc/avr/4.3.3/avr5\libgcc.a(_exit.o)
 *(.fini0)
                0x00005bac                _etext = .

.data           0x00800100      0x2d6 load address 0x00005bac
                0x00800100                PROVIDE (__data_start, .)
 *(.data)
 .data          0x00800100       0x90 build\mysql_connector_basic.o
 .data          0x00800190       0xbb E:\Github for wgindows\WIZ550io\mysql_connector_basic\build\/lib_nano328_16.a(mysql.cpp.o)
 .data          0x0080024b        0x7 E:\Github for wgindows\WIZ550io\mysql_connector_basic\build\/lib_nano328_16.a(Dhcp.cpp.o)
 .data          0x00800252        0x6 e:/codeblocks-arduino baru/codeblocks/bin/../lib/gcc/avr/4.3.3/../../../../avr/lib/avr5\libc.a(malloc.o)
                0x00800254                __malloc_heap_start
                0x00800256                __malloc_heap_end
                0x00800252                __malloc_margin
 .data          0x00800258        0x4 e:/codeblocks-arduino baru/codeblocks/bin/../lib/gcc/avr/4.3.3/../../../../avr/lib/avr5\libc.a(random.o)
 *(.data*)
 .data.user     0x0080025c        0x5 build\mysql_connector_basic.o
                0x0080025c                user
 .data.password
                0x00800261        0x5 build\mysql_connector_basic.o
                0x00800261                password
 .data._ZN14EthernetClient8_srcportE
                0x00800266        0x2 E:\Github for wgindows\WIZ550io\mysql_connector_basic\build\/lib_nano328_16.a(EthernetClient.cpp.o)
                0x00800266                EthernetClient::_srcport
 *(.rodata)
 *(.rodata*)
 .rodata._ZL17TEST_SELECT_QUERY
                0x00800268       0x22 build\mysql_connector_basic.o
 .rodata._ZL9QUERY_POP
                0x0080028a       0x3a build\mysql_connector_basic.o
 .rodata._ZL11INSERT_TEXT
                0x008002c4       0x3e build\mysql_connector_basic.o
 .rodata._ZL9HELLO_SQL
                0x00800302       0x21 build\mysql_connector_basic.o
 .rodata._ZL11INSERT_DATA
                0x00800323       0x31 build\mysql_connector_basic.o
 .rodata._ZL10HELLO_DATA
                0x00800354       0x21 build\mysql_connector_basic.o
 .rodata._ZTV11EthernetUDP
                0x00800375       0x24 E:\Github for wgindows\WIZ550io\mysql_connector_basic\build\/lib_nano328_16.a(EthernetUdp.cpp.o)
                0x00800375                vtable for EthernetUDP
 .rodata._ZTV14EthernetClient
                0x00800399       0x1c E:\Github for wgindows\WIZ550io\mysql_connector_basic\build\/lib_nano328_16.a(EthernetClient.cpp.o)
                0x00800399                vtable for EthernetClient
 .rodata._ZTV9Sha1Class
                0x008003b5        0xa E:\Github for wgindows\WIZ550io\mysql_connector_basic\build\/lib_nano328_16.a(sha1.cpp.o)
                0x008003b5                vtable for Sha1Class
 .rodata._ZTV14HardwareSerial
                0x008003bf       0x10 E:\Github for wgindows\WIZ550io\mysql_connector_basic\build\/core_nano328_16.a(HardwareSerial.cpp.o)
                0x008003bf                vtable for HardwareSerial
 .rodata._ZTV9IPAddress
                0x008003cf        0x6 E:\Github for wgindows\WIZ550io\mysql_connector_basic\build\/core_nano328_16.a(IPAddress.cpp.o)
                0x008003cf                vtable for IPAddress
 *(.gnu.linkonce.d*)
                0x008003d6                . = ALIGN (0x2)
 *fill*         0x008003d5        0x1 00
                0x008003d6                _edata = .
                0x008003d6                PROVIDE (__data_end, .)

.bss            0x008003d6      0x26b
                0x008003d6                PROVIDE (__bss_start, .)
 *(.bss)
 *(.bss*)
 .bss.ip        0x008003d6        0x6 build\mysql_connector_basic.o
                0x008003d6                ip
 .bss.server_addr
                0x008003dc        0x6 build\mysql_connector_basic.o
                0x008003dc                server_addr
 .bss.my_conn   0x008003e2       0xac build\mysql_connector_basic.o
                0x008003e2                my_conn
 .bss._ZL11INADDR_NONE
                0x0080048e        0x6 build\mysql_connector_basic.o
 .bss._ZN13EthernetClass12_server_portE
                0x00800494       0x10 E:\Github for wgindows\WIZ550io\mysql_connector_basic\build\/lib_nano328_16.a(Ethernet.cpp.o)
                0x00800494                EthernetClass::_server_port
 .bss.Ethernet  0x008004a4        0x8 E:\Github for wgindows\WIZ550io\mysql_connector_basic\build\/lib_nano328_16.a(Ethernet.cpp.o)
                0x008004a4                Ethernet
 .bss._ZL11INADDR_NONE
                0x008004ac        0x6 E:\Github for wgindows\WIZ550io\mysql_connector_basic\build\/lib_nano328_16.a(Ethernet.cpp.o)
 .bss._ZL11INADDR_NONE
                0x008004b2        0x6 E:\Github for wgindows\WIZ550io\mysql_connector_basic\build\/lib_nano328_16.a(EthernetUdp.cpp.o)
 .bss._ZL10local_port
                0x008004b8        0x2 E:\Github for wgindows\WIZ550io\mysql_connector_basic\build\/lib_nano328_16.a(socket.cpp.o)
 .bss.W5100     0x008004ba        0x1 E:\Github for wgindows\WIZ550io\mysql_connector_basic\build\/lib_nano328_16.a(w5500.cpp.o)
                0x008004ba                W5100
 .bss._ZL11INADDR_NONE
                0x008004bb        0x6 E:\Github for wgindows\WIZ550io\mysql_connector_basic\build\/lib_nano328_16.a(mysql.cpp.o)
 .bss._ZL11INADDR_NONE
                0x008004c1        0x6 E:\Github for wgindows\WIZ550io\mysql_connector_basic\build\/lib_nano328_16.a(Dhcp.cpp.o)
 .bss._ZL11INADDR_NONE
                0x008004c7        0x6 E:\Github for wgindows\WIZ550io\mysql_connector_basic\build\/lib_nano328_16.a(Dns.cpp.o)
 .bss._ZL11INADDR_NONE
                0x008004cd        0x6 E:\Github for wgindows\WIZ550io\mysql_connector_basic\build\/lib_nano328_16.a(EthernetClient.cpp.o)
 .bss.Sha1      0x008004d3       0xb1 E:\Github for wgindows\WIZ550io\mysql_connector_basic\build\/lib_nano328_16.a(sha1.cpp.o)
                0x008004d3                Sha1
 .bss.rx_buffer
                0x00800584       0x44 E:\Github for wgindows\WIZ550io\mysql_connector_basic\build\/core_nano328_16.a(HardwareSerial.cpp.o)
                0x00800584                rx_buffer
 .bss.tx_buffer
                0x008005c8       0x44 E:\Github for wgindows\WIZ550io\mysql_connector_basic\build\/core_nano328_16.a(HardwareSerial.cpp.o)
                0x008005c8                tx_buffer
 .bss.Serial    0x0080060c       0x22 E:\Github for wgindows\WIZ550io\mysql_connector_basic\build\/core_nano328_16.a(HardwareSerial.cpp.o)
                0x0080060c                Serial
 .bss._ZL11INADDR_NONE
                0x0080062e        0x6 E:\Github for wgindows\WIZ550io\mysql_connector_basic\build\/core_nano328_16.a(IPAddress.cpp.o)
 .bss.timer0_overflow_count
                0x00800634        0x4 E:\Github for wgindows\WIZ550io\mysql_connector_basic\build\/core_nano328_16.a(wiring.c.o)
                0x00800634                timer0_overflow_count
 .bss.timer0_millis
                0x00800638        0x4 E:\Github for wgindows\WIZ550io\mysql_connector_basic\build\/core_nano328_16.a(wiring.c.o)
                0x00800638                timer0_millis
 .bss.timer0_fract
                0x0080063c        0x1 E:\Github for wgindows\WIZ550io\mysql_connector_basic\build\/core_nano328_16.a(wiring.c.o)
 *(COMMON)
 COMMON         0x0080063d        0x4 e:/codeblocks-arduino baru/codeblocks/bin/../lib/gcc/avr/4.3.3/../../../../avr/lib/avr5\libc.a(malloc.o)
                0x0080063d                __brkval
                0x0080063f                __flp
                0x00800641                PROVIDE (__bss_end, .)
                0x00005bac                __data_load_start = LOADADDR (.data)
                0x00005e82                __data_load_end = (__data_load_start + SIZEOF (.data))

.noinit         0x00800641        0x0
                0x00800641                PROVIDE (__noinit_start, .)
 *(.noinit*)
                0x00800641                PROVIDE (__noinit_end, .)
                0x00800641                _end = .
                0x00800641                PROVIDE (__heap_start, .)

.eeprom         0x00810000        0x0
 *(.eeprom*)
                0x00810000                __eeprom_end = .

.fuse
 *(.fuse)
 *(.lfuse)
 *(.hfuse)
 *(.efuse)

.lock
 *(.lock*)

.signature
 *(.signature*)

.stab
 *(.stab)

.stabstr
 *(.stabstr)

.stab.excl
 *(.stab.excl)

.stab.exclstr
 *(.stab.exclstr)

.stab.index
 *(.stab.index)

.stab.indexstr
 *(.stab.indexstr)

.comment
 *(.comment)

.debug
 *(.debug)

.line
 *(.line)

.debug_srcinfo
 *(.debug_srcinfo)

.debug_sfnames
 *(.debug_sfnames)

.debug_aranges
 *(.debug_aranges)

.debug_pubnames
 *(.debug_pubnames)

.debug_info
 *(.debug_info)
 *(.gnu.linkonce.wi.*)

.debug_abbrev
 *(.debug_abbrev)

.debug_line
 *(.debug_line)

.debug_frame
 *(.debug_frame)

.debug_str
 *(.debug_str)

.debug_loc
 *(.debug_loc)

.debug_macinfo
 *(.debug_macinfo)
OUTPUT(build\mysql_connector_basic_nano328.elf elf32-avr)
LOAD linker stubs

Cross Reference Table

Symbol                                            File
Connector::Connector()                            E:\Github for wgindows\WIZ550io\mysql_connector_basic\build\/lib_nano328_16.a(mysql.cpp.o)
                                                  build\mysql_connector_basic.o
Connector::Connector()                            E:\Github for wgindows\WIZ550io\mysql_connector_basic\build\/lib_nano328_16.a(mysql.cpp.o)
Connector::cmd_query(char const*)                 E:\Github for wgindows\WIZ550io\mysql_connector_basic\build\/lib_nano328_16.a(mysql.cpp.o)
                                                  build\mysql_connector_basic.o
Connector::cmd_query_P(char const*)               E:\Github for wgindows\WIZ550io\mysql_connector_basic\build\/lib_nano328_16.a(mysql.cpp.o)
Connector::free_columns_buffer()                  E:\Github for wgindows\WIZ550io\mysql_connector_basic\build\/lib_nano328_16.a(mysql.cpp.o)
                                                  build\mysql_connector_basic.o
Connector::free_row_buffer()                      E:\Github for wgindows\WIZ550io\mysql_connector_basic\build\/lib_nano328_16.a(mysql.cpp.o)
                                                  build\mysql_connector_basic.o
Connector::get_columns()                          E:\Github for wgindows\WIZ550io\mysql_connector_basic\build\/lib_nano328_16.a(mysql.cpp.o)
                                                  build\mysql_connector_basic.o
Connector::get_field(field_struct*)               E:\Github for wgindows\WIZ550io\mysql_connector_basic\build\/lib_nano328_16.a(mysql.cpp.o)
Connector::get_fields()                           E:\Github for wgindows\WIZ550io\mysql_connector_basic\build\/lib_nano328_16.a(mysql.cpp.o)
Connector::get_lcb_len(int)                       E:\Github for wgindows\WIZ550io\mysql_connector_basic\build\/lib_nano328_16.a(mysql.cpp.o)
Connector::get_next_row()                         E:\Github for wgindows\WIZ550io\mysql_connector_basic\build\/lib_nano328_16.a(mysql.cpp.o)
                                                  build\mysql_connector_basic.o
Connector::get_row()                              E:\Github for wgindows\WIZ550io\mysql_connector_basic\build\/lib_nano328_16.a(mysql.cpp.o)
Connector::get_row_values()                       E:\Github for wgindows\WIZ550io\mysql_connector_basic\build\/lib_nano328_16.a(mysql.cpp.o)
Connector::mysql_connect(IPAddress, int, char*, char*) E:\Github for wgindows\WIZ550io\mysql_connector_basic\build\/lib_nano328_16.a(mysql.cpp.o)
                                                  build\mysql_connector_basic.o
Connector::parse_eof_packet(eof_packet*)          E:\Github for wgindows\WIZ550io\mysql_connector_basic\build\/lib_nano328_16.a(mysql.cpp.o)
Connector::parse_error_packet()                   E:\Github for wgindows\WIZ550io\mysql_connector_basic\build\/lib_nano328_16.a(mysql.cpp.o)
Connector::parse_handshake_packet()               E:\Github for wgindows\WIZ550io\mysql_connector_basic\build\/lib_nano328_16.a(mysql.cpp.o)
Connector::parse_ok_packet(ok_packet*)            E:\Github for wgindows\WIZ550io\mysql_connector_basic\build\/lib_nano328_16.a(mysql.cpp.o)
Connector::print_packet()                         E:\Github for wgindows\WIZ550io\mysql_connector_basic\build\/lib_nano328_16.a(mysql.cpp.o)
Connector::read_int(int, int)                     E:\Github for wgindows\WIZ550io\mysql_connector_basic\build\/lib_nano328_16.a(mysql.cpp.o)
Connector::read_packet()                          E:\Github for wgindows\WIZ550io\mysql_connector_basic\build\/lib_nano328_16.a(mysql.cpp.o)
Connector::read_string(int*)                      E:\Github for wgindows\WIZ550io\mysql_connector_basic\build\/lib_nano328_16.a(mysql.cpp.o)
Connector::run_query(int)                         E:\Github for wgindows\WIZ550io\mysql_connector_basic\build\/lib_nano328_16.a(mysql.cpp.o)
Connector::scramble_password(char*, unsigned char*) E:\Github for wgindows\WIZ550io\mysql_connector_basic\build\/lib_nano328_16.a(mysql.cpp.o)
Connector::send_authentication_packet(char*, char*) E:\Github for wgindows\WIZ550io\mysql_connector_basic\build\/lib_nano328_16.a(mysql.cpp.o)
Connector::show_results()                         E:\Github for wgindows\WIZ550io\mysql_connector_basic\build\/lib_nano328_16.a(mysql.cpp.o)
                                                  build\mysql_connector_basic.o
Connector::store_int(unsigned char*, long, int)   E:\Github for wgindows\WIZ550io\mysql_connector_basic\build\/lib_nano328_16.a(mysql.cpp.o)
Connector::wait_for_client()                      E:\Github for wgindows\WIZ550io\mysql_connector_basic\build\/lib_nano328_16.a(mysql.cpp.o)
DNSClient::BuildRequest(char const*)              E:\Github for wgindows\WIZ550io\mysql_connector_basic\build\/lib_nano328_16.a(Dns.cpp.o)
DNSClient::ProcessResponse(unsigned int, IPAddress&) E:\Github for wgindows\WIZ550io\mysql_connector_basic\build\/lib_nano328_16.a(Dns.cpp.o)
DNSClient::begin(IPAddress const&)                E:\Github for wgindows\WIZ550io\mysql_connector_basic\build\/lib_nano328_16.a(Dns.cpp.o)
                                                  E:\Github for wgindows\WIZ550io\mysql_connector_basic\build\/lib_nano328_16.a(EthernetClient.cpp.o)
                                                  E:\Github for wgindows\WIZ550io\mysql_connector_basic\build\/lib_nano328_16.a(EthernetUdp.cpp.o)
DNSClient::getHostByName(char const*, IPAddress&) E:\Github for wgindows\WIZ550io\mysql_connector_basic\build\/lib_nano328_16.a(Dns.cpp.o)
                                                  E:\Github for wgindows\WIZ550io\mysql_connector_basic\build\/lib_nano328_16.a(EthernetClient.cpp.o)
                                                  E:\Github for wgindows\WIZ550io\mysql_connector_basic\build\/lib_nano328_16.a(EthernetUdp.cpp.o)
DNSClient::inet_aton(char const*, IPAddress&)     E:\Github for wgindows\WIZ550io\mysql_connector_basic\build\/lib_nano328_16.a(Dns.cpp.o)
DhcpClass::beginWithDHCP(unsigned char*, unsigned long, unsigned long) E:\Github for wgindows\WIZ550io\mysql_connector_basic\build\/lib_nano328_16.a(Dhcp.cpp.o)
                                                  E:\Github for wgindows\WIZ550io\mysql_connector_basic\build\/lib_nano328_16.a(Ethernet.cpp.o)
DhcpClass::checkLease()                           E:\Github for wgindows\WIZ550io\mysql_connector_basic\build\/lib_nano328_16.a(Dhcp.cpp.o)
                                                  E:\Github for wgindows\WIZ550io\mysql_connector_basic\build\/lib_nano328_16.a(Ethernet.cpp.o)
DhcpClass::getDhcpServerIp()                      E:\Github for wgindows\WIZ550io\mysql_connector_basic\build\/lib_nano328_16.a(Dhcp.cpp.o)
DhcpClass::getDnsServerIp()                       E:\Github for wgindows\WIZ550io\mysql_connector_basic\build\/lib_nano328_16.a(Dhcp.cpp.o)
                                                  E:\Github for wgindows\WIZ550io\mysql_connector_basic\build\/lib_nano328_16.a(Ethernet.cpp.o)
DhcpClass::getGatewayIp()                         E:\Github for wgindows\WIZ550io\mysql_connector_basic\build\/lib_nano328_16.a(Dhcp.cpp.o)
                                                  E:\Github for wgindows\WIZ550io\mysql_connector_basic\build\/lib_nano328_16.a(Ethernet.cpp.o)
DhcpClass::getLocalIp()                           E:\Github for wgindows\WIZ550io\mysql_connector_basic\build\/lib_nano328_16.a(Dhcp.cpp.o)
                                                  E:\Github for wgindows\WIZ550io\mysql_connector_basic\build\/lib_nano328_16.a(Ethernet.cpp.o)
DhcpClass::getSubnetMask()                        E:\Github for wgindows\WIZ550io\mysql_connector_basic\build\/lib_nano328_16.a(Dhcp.cpp.o)
                                                  E:\Github for wgindows\WIZ550io\mysql_connector_basic\build\/lib_nano328_16.a(Ethernet.cpp.o)
DhcpClass::parseDHCPResponse(unsigned long, unsigned long&) E:\Github for wgindows\WIZ550io\mysql_connector_basic\build\/lib_nano328_16.a(Dhcp.cpp.o)
DhcpClass::presend_DHCP()                         E:\Github for wgindows\WIZ550io\mysql_connector_basic\build\/lib_nano328_16.a(Dhcp.cpp.o)
DhcpClass::printByte(char*, unsigned char)        E:\Github for wgindows\WIZ550io\mysql_connector_basic\build\/lib_nano328_16.a(Dhcp.cpp.o)
DhcpClass::request_DHCP_lease()                   E:\Github for wgindows\WIZ550io\mysql_connector_basic\build\/lib_nano328_16.a(Dhcp.cpp.o)
DhcpClass::reset_DHCP_lease()                     E:\Github for wgindows\WIZ550io\mysql_connector_basic\build\/lib_nano328_16.a(Dhcp.cpp.o)
DhcpClass::send_DHCP_MESSAGE(unsigned char, unsigned int) E:\Github for wgindows\WIZ550io\mysql_connector_basic\build\/lib_nano328_16.a(Dhcp.cpp.o)
Ethernet                                          E:\Github for wgindows\WIZ550io\mysql_connector_basic\build\/lib_nano328_16.a(Ethernet.cpp.o)
                                                  E:\Github for wgindows\WIZ550io\mysql_connector_basic\build\/lib_nano328_16.a(EthernetClient.cpp.o)
                                                  E:\Github for wgindows\WIZ550io\mysql_connector_basic\build\/lib_nano328_16.a(EthernetUdp.cpp.o)
                                                  build\mysql_connector_basic.o
EthernetClass::_server_port                       E:\Github for wgindows\WIZ550io\mysql_connector_basic\build\/lib_nano328_16.a(Ethernet.cpp.o)
                                                  E:\Github for wgindows\WIZ550io\mysql_connector_basic\build\/lib_nano328_16.a(EthernetClient.cpp.o)
                                                  E:\Github for wgindows\WIZ550io\mysql_connector_basic\build\/lib_nano328_16.a(EthernetUdp.cpp.o)
EthernetClass::_state                             E:\Github for wgindows\WIZ550io\mysql_connector_basic\build\/lib_nano328_16.a(Ethernet.cpp.o)
EthernetClass::begin()                            E:\Github for wgindows\WIZ550io\mysql_connector_basic\build\/lib_nano328_16.a(Ethernet.cpp.o)
                                                  build\mysql_connector_basic.o
EthernetClass::begin(IPAddress)                   E:\Github for wgindows\WIZ550io\mysql_connector_basic\build\/lib_nano328_16.a(Ethernet.cpp.o)
                                                  build\mysql_connector_basic.o
EthernetClass::begin(IPAddress, IPAddress)        E:\Github for wgindows\WIZ550io\mysql_connector_basic\build\/lib_nano328_16.a(Ethernet.cpp.o)
EthernetClass::begin(IPAddress, IPAddress, IPAddress) E:\Github for wgindows\WIZ550io\mysql_connector_basic\build\/lib_nano328_16.a(Ethernet.cpp.o)
EthernetClass::begin(IPAddress, IPAddress, IPAddress, IPAddress) E:\Github for wgindows\WIZ550io\mysql_connector_basic\build\/lib_nano328_16.a(Ethernet.cpp.o)
EthernetClass::begin(unsigned char*)              E:\Github for wgindows\WIZ550io\mysql_connector_basic\build\/lib_nano328_16.a(Ethernet.cpp.o)
EthernetClass::begin(unsigned char*, IPAddress)   E:\Github for wgindows\WIZ550io\mysql_connector_basic\build\/lib_nano328_16.a(Ethernet.cpp.o)
EthernetClass::begin(unsigned char*, IPAddress, IPAddress) E:\Github for wgindows\WIZ550io\mysql_connector_basic\build\/lib_nano328_16.a(Ethernet.cpp.o)
EthernetClass::begin(unsigned char*, IPAddress, IPAddress, IPAddress) E:\Github for wgindows\WIZ550io\mysql_connector_basic\build\/lib_nano328_16.a(Ethernet.cpp.o)
EthernetClass::begin(unsigned char*, IPAddress, IPAddress, IPAddress, IPAddress) E:\Github for wgindows\WIZ550io\mysql_connector_basic\build\/lib_nano328_16.a(Ethernet.cpp.o)
EthernetClass::dnsServerIP()                      E:\Github for wgindows\WIZ550io\mysql_connector_basic\build\/lib_nano328_16.a(Ethernet.cpp.o)
                                                  E:\Github for wgindows\WIZ550io\mysql_connector_basic\build\/lib_nano328_16.a(EthernetClient.cpp.o)
                                                  E:\Github for wgindows\WIZ550io\mysql_connector_basic\build\/lib_nano328_16.a(EthernetUdp.cpp.o)
EthernetClass::gatewayIP()                        E:\Github for wgindows\WIZ550io\mysql_connector_basic\build\/lib_nano328_16.a(Ethernet.cpp.o)
EthernetClass::localIP()                          E:\Github for wgindows\WIZ550io\mysql_connector_basic\build\/lib_nano328_16.a(Ethernet.cpp.o)
                                                  build\mysql_connector_basic.o
EthernetClass::maintain()                         E:\Github for wgindows\WIZ550io\mysql_connector_basic\build\/lib_nano328_16.a(Ethernet.cpp.o)
EthernetClass::subnetMask()                       E:\Github for wgindows\WIZ550io\mysql_connector_basic\build\/lib_nano328_16.a(Ethernet.cpp.o)
EthernetClient::EthernetClient()                  E:\Github for wgindows\WIZ550io\mysql_connector_basic\build\/lib_nano328_16.a(EthernetClient.cpp.o)
EthernetClient::EthernetClient()                  E:\Github for wgindows\WIZ550io\mysql_connector_basic\build\/lib_nano328_16.a(EthernetClient.cpp.o)
                                                  E:\Github for wgindows\WIZ550io\mysql_connector_basic\build\/lib_nano328_16.a(mysql.cpp.o)
EthernetClient::EthernetClient(unsigned char)     E:\Github for wgindows\WIZ550io\mysql_connector_basic\build\/lib_nano328_16.a(EthernetClient.cpp.o)
EthernetClient::EthernetClient(unsigned char)     E:\Github for wgindows\WIZ550io\mysql_connector_basic\build\/lib_nano328_16.a(EthernetClient.cpp.o)
EthernetClient::_srcport                          E:\Github for wgindows\WIZ550io\mysql_connector_basic\build\/lib_nano328_16.a(EthernetClient.cpp.o)
EthernetClient::available()                       E:\Github for wgindows\WIZ550io\mysql_connector_basic\build\/lib_nano328_16.a(EthernetClient.cpp.o)
                                                  E:\Github for wgindows\WIZ550io\mysql_connector_basic\build\/lib_nano328_16.a(mysql.cpp.o)
EthernetClient::connect(IPAddress, unsigned int)  E:\Github for wgindows\WIZ550io\mysql_connector_basic\build\/lib_nano328_16.a(EthernetClient.cpp.o)
                                                  E:\Github for wgindows\WIZ550io\mysql_connector_basic\build\/lib_nano328_16.a(mysql.cpp.o)
EthernetClient::connect(char const*, unsigned int) E:\Github for wgindows\WIZ550io\mysql_connector_basic\build\/lib_nano328_16.a(EthernetClient.cpp.o)
EthernetClient::connected()                       E:\Github for wgindows\WIZ550io\mysql_connector_basic\build\/lib_nano328_16.a(EthernetClient.cpp.o)
EthernetClient::flush()                           E:\Github for wgindows\WIZ550io\mysql_connector_basic\build\/lib_nano328_16.a(EthernetClient.cpp.o)
EthernetClient::operator bool()                   E:\Github for wgindows\WIZ550io\mysql_connector_basic\build\/lib_nano328_16.a(EthernetClient.cpp.o)
EthernetClient::peek()                            E:\Github for wgindows\WIZ550io\mysql_connector_basic\build\/lib_nano328_16.a(EthernetClient.cpp.o)
EthernetClient::read()                            E:\Github for wgindows\WIZ550io\mysql_connector_basic\build\/lib_nano328_16.a(EthernetClient.cpp.o)
                                                  E:\Github for wgindows\WIZ550io\mysql_connector_basic\build\/lib_nano328_16.a(mysql.cpp.o)
EthernetClient::read(unsigned char*, unsigned int) E:\Github for wgindows\WIZ550io\mysql_connector_basic\build\/lib_nano328_16.a(EthernetClient.cpp.o)
EthernetClient::status()                          E:\Github for wgindows\WIZ550io\mysql_connector_basic\build\/lib_nano328_16.a(EthernetClient.cpp.o)
EthernetClient::stop()                            E:\Github for wgindows\WIZ550io\mysql_connector_basic\build\/lib_nano328_16.a(EthernetClient.cpp.o)
EthernetClient::write(unsigned char const*, unsigned int) E:\Github for wgindows\WIZ550io\mysql_connector_basic\build\/lib_nano328_16.a(EthernetClient.cpp.o)
EthernetClient::write(unsigned char)              E:\Github for wgindows\WIZ550io\mysql_connector_basic\build\/lib_nano328_16.a(EthernetClient.cpp.o)
                                                  E:\Github for wgindows\WIZ550io\mysql_connector_basic\build\/lib_nano328_16.a(mysql.cpp.o)
EthernetUDP::EthernetUDP()                        E:\Github for wgindows\WIZ550io\mysql_connector_basic\build\/lib_nano328_16.a(EthernetUdp.cpp.o)
                                                  E:\Github for wgindows\WIZ550io\mysql_connector_basic\build\/lib_nano328_16.a(EthernetClient.cpp.o)
                                                  E:\Github for wgindows\WIZ550io\mysql_connector_basic\build\/lib_nano328_16.a(Ethernet.cpp.o)
EthernetUDP::EthernetUDP()                        E:\Github for wgindows\WIZ550io\mysql_connector_basic\build\/lib_nano328_16.a(EthernetUdp.cpp.o)
EthernetUDP::available()                          E:\Github for wgindows\WIZ550io\mysql_connector_basic\build\/lib_nano328_16.a(EthernetUdp.cpp.o)
                                                  E:\Github for wgindows\WIZ550io\mysql_connector_basic\build\/lib_nano328_16.a(Dns.cpp.o)
                                                  E:\Github for wgindows\WIZ550io\mysql_connector_basic\build\/lib_nano328_16.a(Dhcp.cpp.o)
EthernetUDP::begin(unsigned int)                  E:\Github for wgindows\WIZ550io\mysql_connector_basic\build\/lib_nano328_16.a(EthernetUdp.cpp.o)
                                                  E:\Github for wgindows\WIZ550io\mysql_connector_basic\build\/lib_nano328_16.a(Dns.cpp.o)
                                                  E:\Github for wgindows\WIZ550io\mysql_connector_basic\build\/lib_nano328_16.a(Dhcp.cpp.o)
EthernetUDP::beginPacket(IPAddress, unsigned int) E:\Github for wgindows\WIZ550io\mysql_connector_basic\build\/lib_nano328_16.a(EthernetUdp.cpp.o)
                                                  E:\Github for wgindows\WIZ550io\mysql_connector_basic\build\/lib_nano328_16.a(Dns.cpp.o)
                                                  E:\Github for wgindows\WIZ550io\mysql_connector_basic\build\/lib_nano328_16.a(Dhcp.cpp.o)
EthernetUDP::beginPacket(char const*, unsigned int) E:\Github for wgindows\WIZ550io\mysql_connector_basic\build\/lib_nano328_16.a(EthernetUdp.cpp.o)
EthernetUDP::endPacket()                          E:\Github for wgindows\WIZ550io\mysql_connector_basic\build\/lib_nano328_16.a(EthernetUdp.cpp.o)
                                                  E:\Github for wgindows\WIZ550io\mysql_connector_basic\build\/lib_nano328_16.a(Dns.cpp.o)
                                                  E:\Github for wgindows\WIZ550io\mysql_connector_basic\build\/lib_nano328_16.a(Dhcp.cpp.o)
EthernetUDP::flush()                              E:\Github for wgindows\WIZ550io\mysql_connector_basic\build\/lib_nano328_16.a(EthernetUdp.cpp.o)
                                                  E:\Github for wgindows\WIZ550io\mysql_connector_basic\build\/lib_nano328_16.a(Dns.cpp.o)
                                                  E:\Github for wgindows\WIZ550io\mysql_connector_basic\build\/lib_nano328_16.a(Dhcp.cpp.o)
EthernetUDP::parsePacket()                        E:\Github for wgindows\WIZ550io\mysql_connector_basic\build\/lib_nano328_16.a(EthernetUdp.cpp.o)
                                                  E:\Github for wgindows\WIZ550io\mysql_connector_basic\build\/lib_nano328_16.a(Dns.cpp.o)
                                                  E:\Github for wgindows\WIZ550io\mysql_connector_basic\build\/lib_nano328_16.a(Dhcp.cpp.o)
EthernetUDP::peek()                               E:\Github for wgindows\WIZ550io\mysql_connector_basic\build\/lib_nano328_16.a(EthernetUdp.cpp.o)
EthernetUDP::read()                               E:\Github for wgindows\WIZ550io\mysql_connector_basic\build\/lib_nano328_16.a(EthernetUdp.cpp.o)
                                                  E:\Github for wgindows\WIZ550io\mysql_connector_basic\build\/lib_nano328_16.a(Dns.cpp.o)
                                                  E:\Github for wgindows\WIZ550io\mysql_connector_basic\build\/lib_nano328_16.a(Dhcp.cpp.o)
EthernetUDP::read(char*, unsigned int)            E:\Github for wgindows\WIZ550io\mysql_connector_basic\build\/lib_nano328_16.a(EthernetUdp.cpp.o)
EthernetUDP::read(unsigned char*, unsigned int)   E:\Github for wgindows\WIZ550io\mysql_connector_basic\build\/lib_nano328_16.a(EthernetUdp.cpp.o)
                                                  E:\Github for wgindows\WIZ550io\mysql_connector_basic\build\/lib_nano328_16.a(Dns.cpp.o)
                                                  E:\Github for wgindows\WIZ550io\mysql_connector_basic\build\/lib_nano328_16.a(Dhcp.cpp.o)
EthernetUDP::remoteIP()                           E:\Github for wgindows\WIZ550io\mysql_connector_basic\build\/lib_nano328_16.a(EthernetUdp.cpp.o)
EthernetUDP::remotePort()                         E:\Github for wgindows\WIZ550io\mysql_connector_basic\build\/lib_nano328_16.a(EthernetUdp.cpp.o)
EthernetUDP::stop()                               E:\Github for wgindows\WIZ550io\mysql_connector_basic\build\/lib_nano328_16.a(EthernetUdp.cpp.o)
                                                  E:\Github for wgindows\WIZ550io\mysql_connector_basic\build\/lib_nano328_16.a(Dns.cpp.o)
                                                  E:\Github for wgindows\WIZ550io\mysql_connector_basic\build\/lib_nano328_16.a(Dhcp.cpp.o)
EthernetUDP::write(unsigned char const*, unsigned int) E:\Github for wgindows\WIZ550io\mysql_connector_basic\build\/lib_nano328_16.a(EthernetUdp.cpp.o)
                                                  E:\Github for wgindows\WIZ550io\mysql_connector_basic\build\/lib_nano328_16.a(Dns.cpp.o)
                                                  E:\Github for wgindows\WIZ550io\mysql_connector_basic\build\/lib_nano328_16.a(Dhcp.cpp.o)
EthernetUDP::write(unsigned char)                 E:\Github for wgindows\WIZ550io\mysql_connector_basic\build\/lib_nano328_16.a(EthernetUdp.cpp.o)
HardwareSerial::HardwareSerial(ring_buffer*, ring_buffer*, unsigned char volatile*, unsigned char volatile*, unsigned char volatile*, unsigned char volatile*, unsigned char volatile*, unsigned char volatile*, unsigned char, unsigned char, unsigned char, unsigned char, unsigned char) E:\Github for wgindows\WIZ550io\mysql_connector_basic\build\/core_nano328_16.a(HardwareSerial.cpp.o)
HardwareSerial::HardwareSerial(ring_buffer*, ring_buffer*, unsigned char volatile*, unsigned char volatile*, unsigned char volatile*, unsigned char volatile*, unsigned char volatile*, unsigned char volatile*, unsigned char, unsigned char, unsigned char, unsigned char, unsigned char) E:\Github for wgindows\WIZ550io\mysql_connector_basic\build\/core_nano328_16.a(HardwareSerial.cpp.o)
HardwareSerial::available()                       E:\Github for wgindows\WIZ550io\mysql_connector_basic\build\/core_nano328_16.a(HardwareSerial.cpp.o)
HardwareSerial::begin(unsigned long)              E:\Github for wgindows\WIZ550io\mysql_connector_basic\build\/core_nano328_16.a(HardwareSerial.cpp.o)
                                                  build\mysql_connector_basic.o
HardwareSerial::begin(unsigned long, unsigned char) E:\Github for wgindows\WIZ550io\mysql_connector_basic\build\/core_nano328_16.a(HardwareSerial.cpp.o)
HardwareSerial::end()                             E:\Github for wgindows\WIZ550io\mysql_connector_basic\build\/core_nano328_16.a(HardwareSerial.cpp.o)
HardwareSerial::flush()                           E:\Github for wgindows\WIZ550io\mysql_connector_basic\build\/core_nano328_16.a(HardwareSerial.cpp.o)
HardwareSerial::operator bool()                   E:\Github for wgindows\WIZ550io\mysql_connector_basic\build\/core_nano328_16.a(HardwareSerial.cpp.o)
HardwareSerial::peek()                            E:\Github for wgindows\WIZ550io\mysql_connector_basic\build\/core_nano328_16.a(HardwareSerial.cpp.o)
HardwareSerial::read()                            E:\Github for wgindows\WIZ550io\mysql_connector_basic\build\/core_nano328_16.a(HardwareSerial.cpp.o)
HardwareSerial::write(unsigned char)              E:\Github for wgindows\WIZ550io\mysql_connector_basic\build\/core_nano328_16.a(HardwareSerial.cpp.o)
IPAddress::IPAddress()                            E:\Github for wgindows\WIZ550io\mysql_connector_basic\build\/core_nano328_16.a(IPAddress.cpp.o)
IPAddress::IPAddress()                            E:\Github for wgindows\WIZ550io\mysql_connector_basic\build\/core_nano328_16.a(IPAddress.cpp.o)
                                                  E:\Github for wgindows\WIZ550io\mysql_connector_basic\build\/lib_nano328_16.a(EthernetClient.cpp.o)
                                                  E:\Github for wgindows\WIZ550io\mysql_connector_basic\build\/lib_nano328_16.a(EthernetUdp.cpp.o)
                                                  E:\Github for wgindows\WIZ550io\mysql_connector_basic\build\/lib_nano328_16.a(Ethernet.cpp.o)
IPAddress::IPAddress(unsigned char const*)        E:\Github for wgindows\WIZ550io\mysql_connector_basic\build\/core_nano328_16.a(IPAddress.cpp.o)
                                                  E:\Github for wgindows\WIZ550io\mysql_connector_basic\build\/lib_nano328_16.a(Dhcp.cpp.o)
IPAddress::IPAddress(unsigned char const*)        E:\Github for wgindows\WIZ550io\mysql_connector_basic\build\/core_nano328_16.a(IPAddress.cpp.o)
IPAddress::IPAddress(unsigned char, unsigned char, unsigned char, unsigned char) E:\Github for wgindows\WIZ550io\mysql_connector_basic\build\/core_nano328_16.a(IPAddress.cpp.o)
                                                  E:\Github for wgindows\WIZ550io\mysql_connector_basic\build\/lib_nano328_16.a(EthernetClient.cpp.o)
                                                  E:\Github for wgindows\WIZ550io\mysql_connector_basic\build\/lib_nano328_16.a(Dns.cpp.o)
                                                  E:\Github for wgindows\WIZ550io\mysql_connector_basic\build\/lib_nano328_16.a(Dhcp.cpp.o)
                                                  E:\Github for wgindows\WIZ550io\mysql_connector_basic\build\/lib_nano328_16.a(mysql.cpp.o)
                                                  E:\Github for wgindows\WIZ550io\mysql_connector_basic\build\/lib_nano328_16.a(EthernetUdp.cpp.o)
                                                  E:\Github for wgindows\WIZ550io\mysql_connector_basic\build\/lib_nano328_16.a(Ethernet.cpp.o)
                                                  build\mysql_connector_basic.o
IPAddress::IPAddress(unsigned char, unsigned char, unsigned char, unsigned char) E:\Github for wgindows\WIZ550io\mysql_connector_basic\build\/core_nano328_16.a(IPAddress.cpp.o)
IPAddress::IPAddress(unsigned long)               E:\Github for wgindows\WIZ550io\mysql_connector_basic\build\/core_nano328_16.a(IPAddress.cpp.o)
IPAddress::IPAddress(unsigned long)               E:\Github for wgindows\WIZ550io\mysql_connector_basic\build\/core_nano328_16.a(IPAddress.cpp.o)
IPAddress::operator=(unsigned char const*)        E:\Github for wgindows\WIZ550io\mysql_connector_basic\build\/core_nano328_16.a(IPAddress.cpp.o)
                                                  E:\Github for wgindows\WIZ550io\mysql_connector_basic\build\/lib_nano328_16.a(EthernetUdp.cpp.o)
IPAddress::operator=(unsigned long)               E:\Github for wgindows\WIZ550io\mysql_connector_basic\build\/core_nano328_16.a(IPAddress.cpp.o)
IPAddress::operator==(unsigned char const*)       E:\Github for wgindows\WIZ550io\mysql_connector_basic\build\/core_nano328_16.a(IPAddress.cpp.o)
IPAddress::printTo(Print&) const                  E:\Github for wgindows\WIZ550io\mysql_connector_basic\build\/core_nano328_16.a(IPAddress.cpp.o)
Print::print(Printable const&)                    E:\Github for wgindows\WIZ550io\mysql_connector_basic\build\/core_nano328_16.a(Print.cpp.o)
Print::print(String const&)                       E:\Github for wgindows\WIZ550io\mysql_connector_basic\build\/core_nano328_16.a(Print.cpp.o)
Print::print(__FlashStringHelper const*)          E:\Github for wgindows\WIZ550io\mysql_connector_basic\build\/core_nano328_16.a(Print.cpp.o)
Print::print(char const*)                         E:\Github for wgindows\WIZ550io\mysql_connector_basic\build\/core_nano328_16.a(Print.cpp.o)
                                                  E:\Github for wgindows\WIZ550io\mysql_connector_basic\build\/lib_nano328_16.a(mysql.cpp.o)
                                                  build\mysql_connector_basic.o
Print::print(char)                                E:\Github for wgindows\WIZ550io\mysql_connector_basic\build\/core_nano328_16.a(Print.cpp.o)
                                                  E:\Github for wgindows\WIZ550io\mysql_connector_basic\build\/core_nano328_16.a(IPAddress.cpp.o)
                                                  E:\Github for wgindows\WIZ550io\mysql_connector_basic\build\/lib_nano328_16.a(mysql.cpp.o)
Print::print(double, int)                         E:\Github for wgindows\WIZ550io\mysql_connector_basic\build\/core_nano328_16.a(Print.cpp.o)
Print::print(int, int)                            E:\Github for wgindows\WIZ550io\mysql_connector_basic\build\/core_nano328_16.a(Print.cpp.o)
                                                  E:\Github for wgindows\WIZ550io\mysql_connector_basic\build\/lib_nano328_16.a(mysql.cpp.o)
                                                  build\mysql_connector_basic.o
Print::print(long, int)                           E:\Github for wgindows\WIZ550io\mysql_connector_basic\build\/core_nano328_16.a(Print.cpp.o)
Print::print(unsigned char, int)                  E:\Github for wgindows\WIZ550io\mysql_connector_basic\build\/core_nano328_16.a(Print.cpp.o)
                                                  E:\Github for wgindows\WIZ550io\mysql_connector_basic\build\/core_nano328_16.a(IPAddress.cpp.o)
                                                  E:\Github for wgindows\WIZ550io\mysql_connector_basic\build\/lib_nano328_16.a(mysql.cpp.o)
Print::print(unsigned int, int)                   E:\Github for wgindows\WIZ550io\mysql_connector_basic\build\/core_nano328_16.a(Print.cpp.o)
Print::print(unsigned long, int)                  E:\Github for wgindows\WIZ550io\mysql_connector_basic\build\/core_nano328_16.a(Print.cpp.o)
Print::printFloat(double, unsigned char)          E:\Github for wgindows\WIZ550io\mysql_connector_basic\build\/core_nano328_16.a(Print.cpp.o)
Print::printNumber(unsigned long, unsigned char)  E:\Github for wgindows\WIZ550io\mysql_connector_basic\build\/core_nano328_16.a(Print.cpp.o)
Print::println()                                  E:\Github for wgindows\WIZ550io\mysql_connector_basic\build\/core_nano328_16.a(Print.cpp.o)
                                                  E:\Github for wgindows\WIZ550io\mysql_connector_basic\build\/lib_nano328_16.a(mysql.cpp.o)
                                                  build\mysql_connector_basic.o
Print::println(Printable const&)                  E:\Github for wgindows\WIZ550io\mysql_connector_basic\build\/core_nano328_16.a(Print.cpp.o)
                                                  build\mysql_connector_basic.o
Print::println(String const&)                     E:\Github for wgindows\WIZ550io\mysql_connector_basic\build\/core_nano328_16.a(Print.cpp.o)
Print::println(__FlashStringHelper const*)        E:\Github for wgindows\WIZ550io\mysql_connector_basic\build\/core_nano328_16.a(Print.cpp.o)
Print::println(char const*)                       E:\Github for wgindows\WIZ550io\mysql_connector_basic\build\/core_nano328_16.a(Print.cpp.o)
                                                  E:\Github for wgindows\WIZ550io\mysql_connector_basic\build\/lib_nano328_16.a(mysql.cpp.o)
                                                  build\mysql_connector_basic.o
Print::println(char)                              E:\Github for wgindows\WIZ550io\mysql_connector_basic\build\/core_nano328_16.a(Print.cpp.o)
Print::println(double, int)                       E:\Github for wgindows\WIZ550io\mysql_connector_basic\build\/core_nano328_16.a(Print.cpp.o)
Print::println(int, int)                          E:\Github for wgindows\WIZ550io\mysql_connector_basic\build\/core_nano328_16.a(Print.cpp.o)
Print::println(long, int)                         E:\Github for wgindows\WIZ550io\mysql_connector_basic\build\/core_nano328_16.a(Print.cpp.o)
                                                  build\mysql_connector_basic.o
Print::println(unsigned char, int)                E:\Github for wgindows\WIZ550io\mysql_connector_basic\build\/core_nano328_16.a(Print.cpp.o)
Print::println(unsigned int, int)                 E:\Github for wgindows\WIZ550io\mysql_connector_basic\build\/core_nano328_16.a(Print.cpp.o)
Print::println(unsigned long, int)                E:\Github for wgindows\WIZ550io\mysql_connector_basic\build\/core_nano328_16.a(Print.cpp.o)